Component: ARM Compiler 5.05 (build 41) Tool: armlink [4d0eb9]

==============================================================================

Section Cross References

    main.o(i.advertising_init) refers to memseta.o(.text) for __aeabi_memclr4
    main.o(i.advertising_init) refers to ble_advertising.o(i.ble_advertising_init) for ble_advertising_init
    main.o(i.advertising_init) refers to app_error.o(i.app_error_handler_bare) for app_error_handler_bare
    main.o(i.advertising_init) refers to main.o(.data) for m_adv_uuids
    main.o(i.advertising_init) refers to main.o(i.on_adv_evt) for on_adv_evt
    main.o(i.advertising_start) refers to ble_advertising.o(i.ble_advertising_start) for ble_advertising_start
    main.o(i.advertising_start) refers to app_error.o(i.app_error_handler_bare) for app_error_handler_bare
    main.o(i.assert_nrf_callback) refers to app_error.o(i.app_error_handler) for app_error_handler
    main.o(i.ble_evt_dispatch) refers to ble_conn_state.o(i.ble_conn_state_on_ble_evt) for ble_conn_state_on_ble_evt
    main.o(i.ble_evt_dispatch) refers to peer_manager.o(i.pm_on_ble_evt) for pm_on_ble_evt
    main.o(i.ble_evt_dispatch) refers to ble_conn_params.o(i.ble_conn_params_on_ble_evt) for ble_conn_params_on_ble_evt
    main.o(i.ble_evt_dispatch) refers to bsp_btn_ble.o(i.bsp_btn_ble_on_ble_evt) for bsp_btn_ble_on_ble_evt
    main.o(i.ble_evt_dispatch) refers to main.o(i.on_ble_evt) for on_ble_evt
    main.o(i.ble_evt_dispatch) refers to ble_advertising.o(i.ble_advertising_on_ble_evt) for ble_advertising_on_ble_evt
    main.o(i.ble_evt_dispatch) refers to ble_sls.o(i.ble_sls_on_ble_evt) for ble_sls_on_ble_evt
    main.o(i.ble_evt_dispatch) refers to main.o(.bss) for m_sls
    main.o(i.ble_stack_init) refers to softdevice_handler.o(i.softdevice_handler_init) for softdevice_handler_init
    main.o(i.ble_stack_init) refers to app_error.o(i.app_error_handler_bare) for app_error_handler_bare
    main.o(i.ble_stack_init) refers to softdevice_handler.o(i.softdevice_enable_get_default_config) for softdevice_enable_get_default_config
    main.o(i.ble_stack_init) refers to softdevice_handler.o(i.softdevice_enable) for softdevice_enable
    main.o(i.ble_stack_init) refers to softdevice_handler.o(i.softdevice_ble_evt_handler_set) for softdevice_ble_evt_handler_set
    main.o(i.ble_stack_init) refers to softdevice_handler.o(i.softdevice_sys_evt_handler_set) for softdevice_sys_evt_handler_set
    main.o(i.ble_stack_init) refers to main.o(.constdata) for .constdata
    main.o(i.ble_stack_init) refers to main.o(.bss) for BLE_EVT_BUFFER
    main.o(i.ble_stack_init) refers to main.o(i.ble_evt_dispatch) for ble_evt_dispatch
    main.o(i.ble_stack_init) refers to main.o(i.sys_evt_dispatch) for sys_evt_dispatch
    main.o(i.bsp_event_handler) refers to main.o(i.sleep_mode_enter) for sleep_mode_enter
    main.o(i.bsp_event_handler) refers to app_error.o(i.app_error_handler_bare) for app_error_handler_bare
    main.o(i.bsp_event_handler) refers to ble_advertising.o(i.ble_advertising_restart_without_whitelist) for ble_advertising_restart_without_whitelist
    main.o(i.bsp_event_handler) refers to main.o(.data) for m_conn_handle
    main.o(i.buttons_leds_init) refers to bsp.o(i.bsp_init) for bsp_init
    main.o(i.buttons_leds_init) refers to app_error.o(i.app_error_handler_bare) for app_error_handler_bare
    main.o(i.buttons_leds_init) refers to bsp_btn_ble.o(i.bsp_btn_ble_init) for bsp_btn_ble_init
    main.o(i.buttons_leds_init) refers to main.o(i.bsp_event_handler) for bsp_event_handler
    main.o(i.conn_params_error_handler) refers to app_error.o(i.app_error_handler_bare) for app_error_handler_bare
    main.o(i.conn_params_init) refers to memseta.o(.text) for __aeabi_memclr4
    main.o(i.conn_params_init) refers to ble_conn_params.o(i.ble_conn_params_init) for ble_conn_params_init
    main.o(i.conn_params_init) refers to app_error.o(i.app_error_handler_bare) for app_error_handler_bare
    main.o(i.conn_params_init) refers to main.o(i.on_conn_params_evt) for on_conn_params_evt
    main.o(i.conn_params_init) refers to main.o(i.conn_params_error_handler) for conn_params_error_handler
    main.o(i.gap_params_init) refers to app_error.o(i.app_error_handler_bare) for app_error_handler_bare
    main.o(i.main) refers to app_error.o(i.app_error_handler_bare) for app_error_handler_bare
    main.o(i.main) refers to main.o(i.timers_init) for timers_init
    main.o(i.main) refers to main.o(i.buttons_leds_init) for buttons_leds_init
    main.o(i.main) refers to main.o(i.ble_stack_init) for ble_stack_init
    main.o(i.main) refers to main.o(i.peer_manager_init) for peer_manager_init
    main.o(i.main) refers to main.o(i.gap_params_init) for gap_params_init
    main.o(i.main) refers to main.o(i.advertising_init) for advertising_init
    main.o(i.main) refers to main.o(i.services_init) for services_init
    main.o(i.main) refers to main.o(i.conn_params_init) for conn_params_init
[...]
    .bss                                     0x20002918   Section       20  nrf_drv_clock.o(.bss)
    m_clock_cb                               0x20002918   Data          20  nrf_drv_clock.o(.bss)
    .bss                                     0x2000292c   Section       72  nrf_drv_gpiote.o(.bss)
    m_cb                                     0x2000292c   Data          72  nrf_drv_gpiote.o(.bss)
    .bss                                     0x20002974   Section       28  nrf_drv_uart.o(.bss)
    m_cb                                     0x20002974   Data          28  nrf_drv_uart.o(.bss)
    .bss                                     0x20002990   Section       32  app_button.o(.bss)
    m_detection_delay_timer_id_data          0x20002990   Data          32  app_button.o(.bss)
    .bss                                     0x200029b0   Section      284  fds.o(.bss)
    m_cb_table                               0x200029b0   Data          32  fds.o(.bss)
    m_op_queue                               0x200029d0   Data         120  fds.o(.bss)
    m_chunk_queue                            0x20002a48   Data          72  fds.o(.bss)
    m_pages                                  0x20002a90   Data          32  fds.o(.bss)
    m_gc                                     0x20002ab0   Data          16  fds.o(.bss)
    desc                                     0x20002ac0   Data          12  fds.o(.bss)
    .bss                                     0x20002acc   Section      104  fstorage.o(.bss)
    m_queue                                  0x20002acc   Data         104  fstorage.o(.bss)
    STACK                                    0x20002b38   Section     2048  arm_startup_nrf51.o(STACK)

    Global Symbols

    Symbol Name                              Value     Ov Type        Size  Object(Section)

    BuildAttributes$$THM_ISAv3M$S$PE$A:L22$X:L11$S22$IEEE1$IW$USESV6$~STKCKD$USESV7$~SHL$OSPACE$EBA8$MICROLIB$REQ8$PRES8$EABIv2 0x00000000   Number         0  anon$$obj.o ABSOLUTE
    __ARM_use_no_argv                        0x00000000   Number         0  main.o ABSOLUTE
    __cpp_initialize__aeabi_                  - Undefined Weak Reference
    __cxa_finalize                            - Undefined Weak Reference
    _clock_init                               - Undefined Weak Reference
    _microlib_exit                            - Undefined Weak Reference
    __Vectors_Size                           0x000000c0   Number         0  arm_startup_nrf51.o ABSOLUTE
    __Vectors                                0x0001b000   Data           4  arm_startup_nrf51.o(RESET)
    __Vectors_End                            0x0001b0c0   Data           0  arm_startup_nrf51.o(RESET)
    __main                                   0x0001b0c1   Thumb Code     0  entry.o(.ARM.Collect$$$$00000000)
    _main_stk                                0x0001b0c1   Thumb Code     0  entry2.o(.ARM.Collect$$$$00000001)
    _main_scatterload                        0x0001b0c5   Thumb Code     0  entry5.o(.ARM.Collect$$$$00000004)
    __main_after_scatterload                 0x0001b0c9   Thumb Code     0  entry5.o(.ARM.Collect$$$$00000004)
    _main_clock                              0x0001b0c9   Thumb Code     0  entry7b.o(.ARM.Collect$$$$00000008)
    _main_cpp_init                           0x0001b0c9   Thumb Code     0  entry8b.o(.ARM.Collect$$$$0000000A)
    _main_init                               0x0001b0c9   Thumb Code     0  entry9a.o(.ARM.Collect$$$$0000000B)
    __rt_final_cpp                           0x0001b0d1   Thumb Code     0  entry10a.o(.ARM.Collect$$$$0000000D)
    __rt_final_exit                          0x0001b0d1   Thumb Code     0  entry11a.o(.ARM.Collect$$$$0000000F)
    Reset_Handler                            0x0001b0d5   Thumb Code    26  arm_startup_nrf51.o(.text)
    NMI_Handler                              0x0001b0ef   Thumb Code     2  arm_startup_nrf51.o(.text)
    HardFault_Handler                        0x0001b0f1   Thumb Code     2  arm_startup_nrf51.o(.text)
    SVC_Handler                              0x0001b0f3   Thumb Code     2  arm_startup_nrf51.o(.text)
    PendSV_Handler                           0x0001b0f5   Thumb Code     2  arm_startup_nrf51.o(.text)
    SysTick_Handler                          0x0001b0f7   Thumb Code     2  arm_startup_nrf51.o(.text)
    ADC_IRQHandler                           0x0001b0f9   Thumb Code     0  arm_startup_nrf51.o(.text)
    CCM_AAR_IRQHandler                       0x0001b0f9   Thumb Code     0  arm_startup_nrf51.o(.text)
    ECB_IRQHandler                           0x0001b0f9   Thumb Code     0  arm_startup_nrf51.o(.text)
    LPCOMP_IRQHandler                        0x0001b0f9   Thumb Code     0  arm_startup_nrf51.o(.text)
    QDEC_IRQHandler                          0x0001b0f9   Thumb Code     0  arm_startup_nrf51.o(.text)
    RADIO_IRQHandler                         0x0001b0f9   Thumb Code     0  arm_startup_nrf51.o(.text)
    RNG_IRQHandler                           0x0001b0f9   Thumb Code     0  arm_startup_nrf51.o(.text)
    RTC0_IRQHandler                          0x0001b0f9   Thumb Code     0  arm_startup_nrf51.o(.text)
    SPI0_TWI0_IRQHandler                     0x0001b0f9   Thumb Code     0  arm_startup_nrf51.o(.text)
    SPI1_TWI1_IRQHandler                     0x0001b0f9   Thumb Code     0  arm_startup_nrf51.o(.text)
    SWI1_IRQHandler                          0x0001b0f9   Thumb Code     0  arm_startup_nrf51.o(.text)
    SWI3_IRQHandler                          0x0001b0f9   Thumb Code     0  arm_startup_nrf51.o(.text)
    SWI4_IRQHandler                          0x0001b0f9   Thumb Code     0  arm_startup_nrf51.o(.text)
    SWI5_IRQHandler                          0x0001b0f9   Thumb Code     0  arm_startup_nrf51.o(.text)
    TEMP_IRQHandler                          0x0001b0f9   Thumb Code     0  arm_startup_nrf51.o(.text)
    TIMER0_IRQHandler                        0x0001b0f9   Thumb Code     0  arm_startup_nrf51.o(.text)
    TIMER1_IRQHandler                        0x0001b0f9   Thumb Code     0  arm_startup_nrf51.o(.text)
    TIMER2_IRQHandler                        0x0001b0f9   Thumb Code     0  arm_startup_nrf51.o(.text)
    WDT_IRQHandler                           0x0001b0f9   Thumb Code     0  arm_startup_nrf51.o(.text)
    __aeabi_uidiv                            0x0001b10d   Thumb Code     0  uidiv.o(.text)
    __aeabi_uidivmod                         0x0001b10d   Thumb Code    44  uidiv.o(.text)
    __aeabi_idiv                             0x0001b139   Thumb Code     0  idiv.o(.text)
    __aeabi_idivmod                          0x0001b139   Thumb Code    40  idiv.o(.text)
    __aeabi_memcpy                           0x0001b161   Thumb Code    36  memcpya.o(.text)
    __aeabi_memcpy4                          0x0001b161   Thumb Code     0  memcpya.o(.text)
    __aeabi_memcpy8                          0x0001b161   Thumb Code     0  memcpya.o(.text)
    __aeabi_memset                           0x0001b185   Thumb Code    14  memseta.o(.text)
    __aeabi_memset4                          0x0001b185   Thumb Code     0  memseta.o(.text)
    __aeabi_memset8                          0x0001b185   Thumb Code     0  memseta.o(.text)
    __aeabi_memclr                           0x0001b193   Thumb Code     4  memseta.o(.text)
    __aeabi_memclr4                          0x0001b193   Thumb Code     0  memseta.o(.text)
    __aeabi_memclr8                          0x0001b193   Thumb Code     0  memseta.o(.text)
    _memset$wrapper                          0x0001b197   Thumb Code    18  memseta.o(.text)
    memcmp                                   0x0001b1a9   Thumb Code    26  memcmp.o(.text)
    __scatterload                            0x0001b1c5   Thumb Code    28  init.o(.text)
    __scatterload_rt2                        0x0001b1c5   Thumb Code     0  init.o(.text)
    __decompress                             0x0001b1e9   Thumb Code     0  __dczerorl2.o(.text)
    __decompress1                            0x0001b1e9   Thumb Code    86  __dczerorl2.o(.text)
    GPIOTE_IRQHandler                        0x0001b241   Thumb Code   618  nrf_drv_gpiote.o(i.GPIOTE_IRQHandler)
    POWER_CLOCK_IRQHandler                   0x0001b60d   Thumb Code    78  nrf_drv_clock.o(i.POWER_CLOCK_IRQHandler)
    RTC1_IRQHandler                          0x0001b661   Thumb Code    34  app_timer.o(i.RTC1_IRQHandler)
    SWI0_IRQHandler                          0x0001b689   Thumb Code     8  app_timer.o(i.SWI0_IRQHandler)
    SWI2_IRQHandler                          0x0001b691   Thumb Code    46  softdevice_handler.o(i.SWI2_IRQHandler)
    SystemInit                               0x0001b6c5   Thumb Code    76  system_nrf51.o(i.SystemInit)
    UART0_IRQHandler                         0x0001b729   Thumb Code    12  nrf_drv_uart.o(i.UART0_IRQHandler)
    __ARM_common_switch8                     0x0001b73d   Thumb Code    28  main.o(i.__ARM_common_switch8)
    __scatterload_copy                       0x0001b759   Thumb Code    14  handlers.o(i.__scatterload_copy)
    __scatterload_null                       0x0001b767   Thumb Code     2  handlers.o(i.__scatterload_null)
    __scatterload_zeroinit                   0x0001b769   Thumb Code    14  handlers.o(i.__scatterload_zeroinit)
    addr_compare                             0x0001b7a9   Thumb Code    52  id_manager.o(i.addr_compare)
    adv_data_encode                          0x0001b829   Thumb Code   398  ble_advdata.o(i.adv_data_encode)
    ah                                       0x0001bb35   Thumb Code    86  id_manager.o(i.ah)
    app_button_enable                        0x0001bb99   Thumb Code    34  app_button.o(i.app_button_enable)
    app_button_init                          0x0001bbc5   Thumb Code   136  app_button.o(i.app_button_init)
    app_error_fault_handler                  0x0001bc71   Thumb Code    22  app_error_weak.o(i.app_error_fault_handler)
    app_error_handler_bare                   0x0001bc91   Thumb Code    26  app_error.o(i.app_error_handler_bare)
    app_timer_create                         0x0001bcb1   Thumb Code    64  app_timer.o(i.app_timer_create)
    app_timer_init                           0x0001bcf5   Thumb Code   116  app_timer.o(i.app_timer_init)
    app_timer_start                          0x0001bd81   Thumb Code    80  app_timer.o(i.app_timer_start)
    app_timer_stop                           0x0001bdd5   Thumb Code    50  app_timer.o(i.app_timer_stop)
    app_util_critical_region_enter           0x0001be0d   Thumb Code    70  app_util_platform.o(i.app_util_critical_region_enter)
    app_util_critical_region_exit            0x0001be61   Thumb Code    56  app_util_platform.o(i.app_util_critical_region_exit)
    ble_advdata_set                          0x0001c041   Thumb Code   152  ble_advdata.o(i.ble_advdata_set)
    ble_advertising_init                     0x0001c0d9   Thumb Code   374  ble_advertising.o(i.ble_advertising_init)
    ble_advertising_on_ble_evt               0x0001c291   Thumb Code    50  ble_advertising.o(i.ble_advertising_on_ble_evt)
    ble_advertising_on_sys_evt               0x0001c2c5   Thumb Code    68  ble_advertising.o(i.ble_advertising_on_sys_evt)
    ble_advertising_restart_without_whitelist 0x0001c315   Thumb Code    68  ble_advertising.o(i.ble_advertising_restart_without_whitelist)
    ble_advertising_start                    0x0001c369   Thumb Code   330  ble_advertising.o(i.ble_advertising_start)
    ble_conn_params_init                     0x0001c4dd   Thumb Code    90  ble_conn_params.o(i.ble_conn_params_init)
    ble_conn_params_on_ble_evt               0x0001c555   Thumb Code    62  ble_conn_params.o(i.ble_conn_params_on_ble_evt)
    ble_conn_state_conn_handles              0x0001c595   Thumb Code    18  ble_conn_state.o(i.ble_conn_state_conn_handles)
    ble_conn_state_encrypted                 0x0001c5ad   Thumb Code    18  ble_conn_state.o(i.ble_conn_state_encrypted)
    ble_conn_state_mitm_protected            0x0001c5c5   Thumb Code    18  ble_conn_state.o(i.ble_conn_state_mitm_protected)
    ble_conn_state_on_ble_evt                0x0001c5dd   Thumb Code   150  ble_conn_state.o(i.ble_conn_state_on_ble_evt)
    ble_conn_state_role                      0x0001c679   Thumb Code    54  ble_conn_state.o(i.ble_conn_state_role)
    ble_conn_state_user_flag_acquire         0x0001c6b5   Thumb Code    38  ble_conn_state.o(i.ble_conn_state_user_flag_acquire)
    ble_conn_state_user_flag_collection      0x0001c6dd   Thumb Code    24  ble_conn_state.o(i.ble_conn_state_user_flag_collection)
    ble_conn_state_user_flag_get             0x0001c6f9   Thumb Code    34  ble_conn_state.o(i.ble_conn_state_user_flag_get)
    ble_conn_state_user_flag_set             0x0001c721   Thumb Code    34  ble_conn_state.o(i.ble_conn_state_user_flag_set)
    ble_sls_init                             0x0001c7f1   Thumb Code   180  ble_sls.o(i.ble_sls_init)
    ble_sls_on_ble_evt                       0x0001c8a5   Thumb Code    58  ble_sls.o(i.ble_sls_on_ble_evt)
    ble_srv_is_notification_enabled          0x0001c8df   Thumb Code    18  ble_srv_common.o(i.ble_srv_is_notification_enabled)
    bsp_board_button_idx_to_pin              0x0001c9a9   Thumb Code     8  boards.o(i.bsp_board_button_idx_to_pin)
    bsp_board_button_state_get               0x0001c9b5   Thumb Code    48  boards.o(i.bsp_board_button_state_get)
    bsp_board_led_invert                     0x0001c9e9   Thumb Code    54  boards.o(i.bsp_board_led_invert)
    bsp_board_led_off                        0x0001ca25   Thumb Code    16  boards.o(i.bsp_board_led_off)
    bsp_board_led_on                         0x0001ca39   Thumb Code    16  boards.o(i.bsp_board_led_on)
    bsp_board_led_state_get                  0x0001ca4d   Thumb Code    52  boards.o(i.bsp_board_led_state_get)
    bsp_board_leds_init                      0x0001ca85   Thumb Code    42  boards.o(i.bsp_board_leds_init)
    bsp_board_leds_off                       0x0001cab5   Thumb Code    20  boards.o(i.bsp_board_leds_off)
    bsp_board_leds_on                        0x0001cac9   Thumb Code    20  boards.o(i.bsp_board_leds_on)
    bsp_board_pin_to_button_idx              0x0001cadd   Thumb Code    32  boards.o(i.bsp_board_pin_to_button_idx)
    bsp_btn_ble_init                         0x0001cb01   Thumb Code    40  bsp_btn_ble.o(i.bsp_btn_ble_init)
    bsp_btn_ble_on_ble_evt                   0x0001cb31   Thumb Code   122  bsp_btn_ble.o(i.bsp_btn_ble_on_ble_evt)
    bsp_btn_ble_sleep_mode_prepare           0x0001cbb5   Thumb Code    54  bsp_btn_ble.o(i.bsp_btn_ble_sleep_mode_prepare)
    bsp_button_is_pressed                    0x0001ccb9   Thumb Code    12  bsp.o(i.bsp_button_is_pressed)
    bsp_event_to_button_action_assign        0x0001cd39   Thumb Code    88  bsp.o(i.bsp_event_to_button_action_assign)
    bsp_indication_set                       0x0001cd95   Thumb Code    30  bsp.o(i.bsp_indication_set)
    bsp_init                                 0x0001cdb9   Thumb Code   148  bsp.o(i.bsp_init)
    bsp_wakeup_button_enable                 0x0001d1a9   Thumb Code    22  bsp.o(i.bsp_wakeup_button_enable)
    chunk_queue_next                         0x0001d379   Thumb Code    26  fds.o(i.chunk_queue_next)
    fds_file_delete                          0x0001e181   Thumb Code    70  fds.o(i.fds_file_delete)
    fds_gc                                   0x0001e1cd   Thumb Code    66  fds.o(i.fds_gc)
    fds_init                                 0x0001e215   Thumb Code   178  fds.o(i.fds_init)
    fds_record_close                         0x0001e2c9   Thumb Code    90  fds.o(i.fds_record_close)
    fds_record_find                          0x0001e329   Thumb Code    22  fds.o(i.fds_record_find)
    fds_record_find_by_key                   0x0001e33f   Thumb Code    20  fds.o(i.fds_record_find_by_key)
    fds_record_find_in_file                  0x0001e353   Thumb Code    20  fds.o(i.fds_record_find_in_file)
    fds_record_id_from_desc                  0x0001e367   Thumb Code    22  fds.o(i.fds_record_id_from_desc)
    fds_record_open                          0x0001e37d   Thumb Code    80  fds.o(i.fds_record_open)
    fds_record_update                        0x0001e3d1   Thumb Code    28  fds.o(i.fds_record_update)
    fds_record_write                         0x0001e3ed   Thumb Code    20  fds.o(i.fds_record_write)
    fds_record_write_reserved                0x0001e401   Thumb Code    30  fds.o(i.fds_record_write_reserved)
    fds_register                             0x0001e421   Thumb Code    38  fds.o(i.fds_register)
    fds_reserve                              0x0001e451   Thumb Code    54  fds.o(i.fds_reserve)
    fds_reserve_cancel                       0x0001e489   Thumb Code    78  fds.o(i.fds_reserve_cancel)
    fs_erase                                 0x0001e681   Thumb Code   136  fstorage.o(i.fs_erase)
    fs_init                                  0x0001e739   Thumb Code   182  fstorage.o(i.fs_init)
    fs_queued_op_count_get                   0x0001e7fd   Thumb Code    20  fstorage.o(i.fs_queued_op_count_get)
    fs_store                                 0x0001e815   Thumb Code   150  fstorage.o(i.fs_store)
    fs_sys_event_handler                     0x0001e8b1   Thumb Code   104  fstorage.o(i.fs_sys_event_handler)
    gcm_ble_evt_handler                      0x0001ec95   Thumb Code   112  gatt_cache_manager.o(i.gcm_ble_evt_handler)
    gcm_gscm_evt_handler                     0x0001ed09   Thumb Code   112  gatt_cache_manager.o(i.gcm_gscm_evt_handler)
    gcm_im_evt_handler                       0x0001ed81   Thumb Code    46  gatt_cache_manager.o(i.gcm_im_evt_handler)
    gcm_init                                 0x0001edb5   Thumb Code    84  gatt_cache_manager.o(i.gcm_init)
    gcm_local_database_has_changed           0x0001ee1d   Thumb Code    68  gatt_cache_manager.o(i.gcm_local_database_has_changed)
    gcm_smd_evt_handler                      0x0001ee69   Thumb Code    24  gatt_cache_manager.o(i.gcm_smd_evt_handler)
    get_connection_by_conn_handle            0x0001ee81   Thumb Code    50  id_manager.o(i.get_connection_by_conn_handle)
    get_free_connection                      0x0001eebd   Thumb Code    42  id_manager.o(i.get_free_connection)
    gscm_db_change_notification_done         0x0001ef71   Thumb Code    24  gatts_cache_manager.o(i.gscm_db_change_notification_done)
    gscm_init                                0x0001ef8d   Thumb Code    16  gatts_cache_manager.o(i.gscm_init)
    gscm_local_database_has_changed          0x0001efa1   Thumb Code    18  gatts_cache_manager.o(i.gscm_local_database_has_changed)
    gscm_local_db_cache_apply                0x0001efbd   Thumb Code   150  gatts_cache_manager.o(i.gscm_local_db_cache_apply)
    gscm_local_db_cache_update               0x0001f059   Thumb Code   152  gatts_cache_manager.o(i.gscm_local_db_cache_update)
    gscm_pdb_evt_handler                     0x0001f0f9   Thumb Code    74  gatts_cache_manager.o(i.gscm_pdb_evt_handler)
    gscm_service_changed_ind_needed          0x0001f14d   Thumb Code    38  gatts_cache_manager.o(i.gscm_service_changed_ind_needed)
    gscm_service_changed_ind_send            0x0001f175   Thumb Code    46  gatts_cache_manager.o(i.gscm_service_changed_ind_send)
    im_address_resolve                       0x0001f1cd   Thumb Code    68  id_manager.o(i.im_address_resolve)
    im_ble_addr_get                          0x0001f211   Thumb Code    44  id_manager.o(i.im_ble_addr_get)
    im_ble_evt_handler                       0x0001f241   Thumb Code   198  id_manager.o(i.im_ble_evt_handler)
    im_conn_handle_get                       0x0001f30d   Thumb Code    38  id_manager.o(i.im_conn_handle_get)
    im_init                                  0x0001f33d   Thumb Code    50  id_manager.o(i.im_init)
    im_is_duplicate_bonding_data             0x0001f37d   Thumb Code    70  id_manager.o(i.im_is_duplicate_bonding_data)
    im_master_id_is_valid                    0x0001f3c3   Thumb Code    38  id_manager.o(i.im_master_id_is_valid)
    im_master_ids_compare                    0x0001f3e9   Thumb Code    52  id_manager.o(i.im_master_ids_compare)
    im_new_peer_id                           0x0001f41d   Thumb Code    16  id_manager.o(i.im_new_peer_id)
    im_pdb_evt_handler                       0x0001f42d   Thumb Code   122  id_manager.o(i.im_pdb_evt_handler)
    im_peer_free                             0x0001f4a9   Thumb Code    42  id_manager.o(i.im_peer_free)
    im_peer_id_get_by_conn_handle            0x0001f4d9   Thumb Code    30  id_manager.o(i.im_peer_id_get_by_conn_handle)
    im_peer_id_get_by_master_id              0x0001f501   Thumb Code    66  id_manager.o(i.im_peer_id_get_by_master_id)
    intern_softdevice_events_execute         0x0001f655   Thumb Code   180  softdevice_handler.o(i.intern_softdevice_events_execute)
    is_valid_irk                             0x0001f8e5   Thumb Code    26  id_manager.o(i.is_valid_irk)
    main                                     0x00020017   Thumb Code   102  main.o(i.main)
    new_connection                           0x000201bd   Thumb Code    94  id_manager.o(i.new_connection)
    next_id_get                              0x00020229   Thumb Code    50  peer_id.o(i.next_id_get)
    nrf_drv_clock_init                       0x000202e5   Thumb Code   100  nrf_drv_clock.o(i.nrf_drv_clock_init)
    nrf_drv_clock_on_sd_enable               0x00020355   Thumb Code    48  nrf_drv_clock.o(i.nrf_drv_clock_on_sd_enable)
    nrf_drv_clock_on_soc_event               0x00020389   Thumb Code    14  nrf_drv_clock.o(i.nrf_drv_clock_on_soc_event)
    nrf_drv_common_irq_enable                0x00020399   Thumb Code    48  nrf_drv_common.o(i.nrf_drv_common_irq_enable)
    nrf_drv_gpiote_in_event_enable           0x000203d1   Thumb Code   178  nrf_drv_gpiote.o(i.nrf_drv_gpiote_in_event_enable)
    nrf_drv_gpiote_in_init                   0x0002048d   Thumb Code   234  nrf_drv_gpiote.o(i.nrf_drv_gpiote_in_init)
    nrf_drv_gpiote_in_is_set                 0x00020585   Thumb Code    22  nrf_drv_gpiote.o(i.nrf_drv_gpiote_in_is_set)
    nrf_drv_gpiote_init                      0x0002059d   Thumb Code    88  nrf_drv_gpiote.o(i.nrf_drv_gpiote_init)
    nrf_drv_gpiote_is_init                   0x000205f9   Thumb Code    16  nrf_drv_gpiote.o(i.nrf_drv_gpiote_is_init)
    pdb_init                                 0x00020ff9   Thumb Code    54  peer_database.o(i.pdb_init)
    pdb_next_deleted_peer_id_get             0x00021041   Thumb Code    12  peer_database.o(i.pdb_next_deleted_peer_id_get)
    pdb_next_peer_id_get                     0x0002104d   Thumb Code    12  peer_database.o(i.pdb_next_peer_id_get)
    pdb_pds_evt_handler                      0x00021059   Thumb Code   434  peer_database.o(i.pdb_pds_evt_handler)
    pdb_peer_allocate                        0x00021215   Thumb Code     8  peer_database.o(i.pdb_peer_allocate)
    pdb_peer_data_ptr_get                    0x0002121d   Thumb Code    22  peer_database.o(i.pdb_peer_data_ptr_get)
    pdb_peer_free                            0x00021233   Thumb Code    94  peer_database.o(i.pdb_peer_free)
    pdb_raw_store                            0x00021291   Thumb Code    22  peer_database.o(i.pdb_raw_store)
    pdb_write_buf_get                        0x000212a9   Thumb Code   324  peer_database.o(i.pdb_write_buf_get)
    pdb_write_buf_release                    0x000213f1   Thumb Code    56  peer_database.o(i.pdb_write_buf_release)
    pdb_write_buf_store                      0x00021429   Thumb Code   262  peer_database.o(i.pdb_write_buf_store)
    pdb_write_buf_store_prepare              0x00021539   Thumb Code   120  peer_database.o(i.pdb_write_buf_store_prepare)
    pds_init                                 0x000215d5   Thumb Code    50  peer_data_storage.o(i.pds_init)
    pds_next_deleted_peer_id_get             0x00021611   Thumb Code    12  peer_data_storage.o(i.pds_next_deleted_peer_id_get)
    pds_next_peer_id_get                     0x0002161d   Thumb Code    12  peer_data_storage.o(i.pds_next_peer_id_get)
    pds_peer_data_iterate                    0x00021629   Thumb Code    88  peer_data_storage.o(i.pds_peer_data_iterate)
    pds_peer_data_iterate_prepare            0x00021685   Thumb Code    10  peer_data_storage.o(i.pds_peer_data_iterate_prepare)
    pds_peer_data_read                       0x00021695   Thumb Code   140  peer_data_storage.o(i.pds_peer_data_read)
    pds_peer_data_store                      0x00021721   Thumb Code   202  peer_data_storage.o(i.pds_peer_data_store)
    pds_peer_id_allocate                     0x000217ed   Thumb Code    10  peer_data_storage.o(i.pds_peer_id_allocate)
    pds_peer_id_free                         0x000217fd   Thumb Code    30  peer_data_storage.o(i.pds_peer_id_free)
    pds_peer_id_is_allocated                 0x0002181b   Thumb Code    12  peer_data_storage.o(i.pds_peer_id_is_allocated)
    pds_space_reserve                        0x00021827   Thumb Code    64  peer_data_storage.o(i.pds_space_reserve)
    pds_space_reserve_cancel                 0x00021867   Thumb Code    22  peer_data_storage.o(i.pds_space_reserve_cancel)
    peer_id_allocate                         0x000219b9   Thumb Code    14  peer_id.o(i.peer_id_allocate)
    peer_id_delete                           0x000219cd   Thumb Code    36  peer_id.o(i.peer_id_delete)
    peer_id_free                             0x000219f9   Thumb Code    24  peer_id.o(i.peer_id_free)
    peer_id_get_next_deleted                 0x00021a15   Thumb Code    14  peer_id.o(i.peer_id_get_next_deleted)
    peer_id_get_next_used                    0x00021a29   Thumb Code    50  peer_id.o(i.peer_id_get_next_used)
    peer_id_init                             0x00021a65   Thumb Code    32  peer_id.o(i.peer_id_init)
    peer_id_is_allocated                     0x00021a89   Thumb Code    22  peer_id.o(i.peer_id_is_allocated)
    peer_id_is_deleted                       0x00021aa5   Thumb Code    22  peer_id.o(i.peer_id_is_deleted)
    pm_buffer_block_acquire                  0x00021c9d   Thumb Code   104  pm_buffer.o(i.pm_buffer_block_acquire)
    pm_buffer_init                           0x00021d05   Thumb Code    82  pm_buffer.o(i.pm_buffer_init)
    pm_buffer_ptr_get                        0x00021d57   Thumb Code    56  pm_buffer.o(i.pm_buffer_ptr_get)
    pm_buffer_release                        0x00021d8f   Thumb Code    48  pm_buffer.o(i.pm_buffer_release)
    pm_conn_sec_config_reply                 0x00021dbf   Thumb Code    16  peer_manager.o(i.pm_conn_sec_config_reply)
    pm_gcm_evt_handler                       0x00021e9d   Thumb Code   178  peer_manager.o(i.pm_gcm_evt_handler)
    pm_im_evt_handler                        0x00021f51   Thumb Code    82  peer_manager.o(i.pm_im_evt_handler)
    pm_init                                  0x00021fa9   Thumb Code   160  peer_manager.o(i.pm_init)
    pm_local_database_has_changed            0x00022059   Thumb Code    24  peer_manager.o(i.pm_local_database_has_changed)
    pm_mutex_init                            0x00022075   Thumb Code    22  pm_mutex.o(i.pm_mutex_init)
    pm_mutex_lock                            0x0002208b   Thumb Code    34  pm_mutex.o(i.pm_mutex_lock)
    pm_mutex_lock_first_available            0x000220ad   Thumb Code    52  pm_mutex.o(i.pm_mutex_lock_first_available)
    pm_mutex_lock_status_get                 0x000220e1   Thumb Code    38  pm_mutex.o(i.pm_mutex_lock_status_get)
    pm_mutex_unlock                          0x00022107   Thumb Code    60  pm_mutex.o(i.pm_mutex_unlock)
    pm_on_ble_evt                            0x00022145   Thumb Code    40  peer_manager.o(i.pm_on_ble_evt)
    pm_pdb_evt_handler                       0x00022171   Thumb Code   430  peer_manager.o(i.pm_pdb_evt_handler)
    pm_peer_delete                           0x00022335   Thumb Code    28  peer_manager.o(i.pm_peer_delete)
    pm_peers_delete                          0x00022355   Thumb Code    70  peer_manager.o(i.pm_peers_delete)
    pm_register                              0x000223a9   Thumb Code    54  peer_manager.o(i.pm_register)
    pm_sec_params_set                        0x000223ed   Thumb Code    32  peer_manager.o(i.pm_sec_params_set)
    pm_sm_evt_handler                        0x00022411   Thumb Code   422  peer_manager.o(i.pm_sm_evt_handler)
    sdk_mapped_flags_bulk_update_by_key      0x00022e0d   Thumb Code    98  sdk_mapped_flags.o(i.sdk_mapped_flags_bulk_update_by_key)
    sdk_mapped_flags_first_key_index_get     0x00022e71   Thumb Code    36  sdk_mapped_flags.o(i.sdk_mapped_flags_first_key_index_get)
    sdk_mapped_flags_get_by_key              0x00022ead   Thumb Code    44  sdk_mapped_flags.o(i.sdk_mapped_flags_get_by_key)
    sdk_mapped_flags_key_list_get            0x00022ed9   Thumb Code    70  sdk_mapped_flags.o(i.sdk_mapped_flags_key_list_get)
    sdk_mapped_flags_update_by_key           0x00022f1f   Thumb Code    26  sdk_mapped_flags.o(i.sdk_mapped_flags_update_by_key)
    sm_ble_evt_handler                       0x0002361d   Thumb Code    20  security_manager.o(i.sm_ble_evt_handler)
    sm_conn_sec_config_reply                 0x00023635   Thumb Code    32  security_manager.o(i.sm_conn_sec_config_reply)
    sm_init                                  0x00023659   Thumb Code    66  security_manager.o(i.sm_init)
    sm_pdb_evt_handler                       0x000236bd   Thumb Code    80  security_manager.o(i.sm_pdb_evt_handler)
    sm_sec_params_set                        0x0002371d   Thumb Code    48  security_manager.o(i.sm_sec_params_set)
    sm_smd_evt_handler                       0x00023755   Thumb Code   160  security_manager.o(i.sm_smd_evt_handler)
    smd_ble_evt_handler                      0x000237fd   Thumb Code    88  security_dispatcher.o(i.smd_ble_evt_handler)
    smd_init                                 0x00023855   Thumb Code    58  security_dispatcher.o(i.smd_init)
    smd_link_secure                          0x000238a1   Thumb Code    50  security_dispatcher.o(i.smd_link_secure)
    smd_params_reply                         0x000238d9   Thumb Code   290  security_dispatcher.o(i.smd_params_reply)
    smd_pdb_evt_handler                      0x00023a9d   Thumb Code    48  security_dispatcher.o(i.smd_pdb_evt_handler)
    softdevice_ble_evt_handler_set           0x00023ad1   Thumb Code    22  softdevice_handler.o(i.softdevice_ble_evt_handler_set)
    softdevice_enable                        0x00023aed   Thumb Code    34  softdevice_handler.o(i.softdevice_enable)
    softdevice_enable_get_default_config     0x00023b15   Thumb Code    46  softdevice_handler.o(i.softdevice_enable_get_default_config)
    softdevice_fault_handler                 0x00023b43   Thumb Code    20  softdevice_handler.o(i.softdevice_fault_handler)
    softdevice_handler_init                  0x00023b59   Thumb Code   142  softdevice_handler.o(i.softdevice_handler_init)
    softdevice_handler_is_enabled            0x00023c01   Thumb Code     6  softdevice_handler.o(i.softdevice_handler_is_enabled)
    softdevice_sys_evt_handler_set           0x00023c0d   Thumb Code    22  softdevice_handler.o(i.softdevice_sys_evt_handler_set)
    Region$$Table$$Base                      0x00024cb4   Number         0  anon$$obj.o(Region$$Table)
    Region$$Table$$Limit                     0x00024cd4   Number         0  anon$$obj.o(Region$$Table)
    Image$$RW_IRAM1$$Base                    0x20002000   Number         0  anon$$obj.o ABSOLUTE
    nrf_nvic_state                           0x20002108   Data           8  app_util_platform.o(.data)
    uv_lamp_cmd                              0x20002148   Data           1  ble_sls.o(.data)
    fan_negative_ion_cmd                     0x20002149   Data           1  ble_sls.o(.data)
    elec_lock_cmd                            0x2000214a   Data           1  ble_sls.o(.data)
    uv_lamp_status                           0x2000214b   Data           1  ble_sls.o(.data)
    uv_lamp_door_status                      0x2000214c   Data           1  ble_sls.o(.data)
    fan_negative_ion_status                  0x2000214d   Data           1  ble_sls.o(.data)
    elec_lock_status                         0x2000214e   Data           1  ble_sls.o(.data)
    SystemCoreClock                          0x20002150   Data           4  system_nrf51.o(.data)
    fs_data$$Base                            0x20002154   Number         0  fds.o(fs_data)
    fs_data$$Limit                           0x20002164   Number         0  fds.o(fs_data)
    m_sls                                    0x20002164   Data          64  main.o(.bss)
    __initial_sp                             0x20003338   Data           0  arm_startup_nrf51.o(STACK)



==============================================================================

Memory Map of the image

  Image Entry point : 0x0001b0c1

  Load Region LR_IROM1 (Base: 0x0001b000, Size: 0x00009e38, Max: 0x00025000, ABSOLUTE, COMPRESSED[0x00009d04])

    Execution Region ER_IROM1 (Base: 0x0001b000, Size: 0x00009cd4, Max: 0x00025000, ABSOLUTE)

    Base Addr    Size         Type   Attr      Idx    E Section Name        Object

    0x0001b000   0x000000c0   Data   RO         4954    RESET               arm_startup_nrf51.o
    0x0001b0c0   0x00000000   Code   RO         5006  * .ARM.Collect$$$$00000000  mc_p.l(entry.o)
    0x0001b0c0   0x00000004   Code   RO         5025    .ARM.Collect$$$$00000001  mc_p.l(entry2.o)
    0x0001b0c4   0x00000004   Code   RO         5028    .ARM.Collect$$$$00000004  mc_p.l(entry5.o)
    0x0001b0c8   0x00000000   Code   RO         5030    .ARM.Collect$$$$00000008  mc_p.l(entry7b.o)
    0x0001b0c8   0x00000000   Code   RO         5032    .ARM.Collect$$$$0000000A  mc_p.l(entry8b.o)
    0x0001b0c8   0x00000008   Code   RO         5033    .ARM.Collect$$$$0000000B  mc_p.l(entry9a.o)
    0x0001b0d0   0x00000000   Code   RO         5035    .ARM.Collect$$$$0000000D  mc_p.l(entry10a.o)
    0x0001b0d0   0x00000000   Code   RO         5037    .ARM.Collect$$$$0000000F  mc_p.l(entry11a.o)
    0x0001b0d0   0x00000004   Code   RO         5026    .ARM.Collect$$$$00002712  mc_p.l(entry2.o)
    0x0001b0d4   0x00000038   Code   RO         4955    .text               arm_startup_nrf51.o
    0x0001b10c   0x0000002c   Code   RO         5009    .text               mc_p.l(uidiv.o)
    0x0001b138   0x00000028   Code   RO         5011    .text               mc_p.l(idiv.o)
    0x0001b160   0x00000024   Code   RO         5013    .text               mc_p.l(memcpya.o)
    0x0001b184   0x00000024   Code   RO         5015    .text               mc_p.l(memseta.o)
    0x0001b1a8   0x0000001a   Code   RO         5019    .text               mc_p.l(memcmp.o)
    0x0001b1c2   0x00000002   PAD
    0x0001b1c4   0x00000024   Code   RO         5039    .text               mc_p.l(init.o)
    0x0001b1e8   0x00000056   Code   RO         5049    .text               mc_p.l(__dczerorl2.o)
    0x0001b23e   0x00000002   PAD
    0x0001b240   0x00000278   Code   RO         2969    i.GPIOTE_IRQHandler  nrf_drv_gpiote.o
    0x0001b4b8   0x00000014   Code   RO         3569    i.NVIC_ClearPendingIRQ  app_timer.o
    0x0001b4cc   0x00000014   Code   RO         4718    i.NVIC_DisableIRQ   softdevice_handler.o
    0x0001b4e0   0x00000014   Code   RO         3570    i.NVIC_EnableIRQ    app_timer.o
    0x0001b4f4   0x00000014   Code   RO         4719    i.NVIC_EnableIRQ    softdevice_handler.o
    0x0001b508   0x00000014   Code   RO         3571    i.NVIC_SetPendingIRQ  app_timer.o
    0x0001b51c   0x00000078   Code   RO         2922    i.NVIC_SetPriority  nrf_drv_common.o
    0x0001b594   0x00000078   Code   RO         3572    i.NVIC_SetPriority  app_timer.o
    0x0001b60c   0x00000054   Code   RO         2724    i.POWER_CLOCK_IRQHandler  nrf_drv_clock.o
    0x0001b660   0x00000028   Code   RO         3573    i.RTC1_IRQHandler   app_timer.o
    0x0001b688   0x00000008   Code   RO         3574    i.SWI0_IRQHandler   app_timer.o
    0x0001b690   0x00000034   Code   RO         4720    i.SWI2_IRQHandler   softdevice_handler.o
    0x0001b6c4   0x00000064   Code   RO         4962    i.SystemInit        system_nrf51.o
    0x0001b728   0x00000014   Code   RO         3226    i.UART0_IRQHandler  nrf_drv_uart.o
    0x0001b73c   0x0000001c   Code   RO          130    i.__ARM_common_switch8  main.o
    0x0001b758   0x0000000e   Code   RO         5043    i.__scatterload_copy  mc_p.l(handlers.o)
    0x0001b766   0x00000002   Code   RO         5044    i.__scatterload_null  mc_p.l(handlers.o)
    0x0001b768   0x0000000e   Code   RO         5045    i.__scatterload_zeroinit  mc_p.l(handlers.o)
    0x0001b776   0x00000002   PAD
    0x0001b778   0x00000024   Code   RO         4721    i.__sd_nvic_app_accessible_irq  softdevice_handler.o
    0x0001b79c   0x0000000c   Code   RO         3784    i.__sd_nvic_irq_disable  app_util_platform.o
    0x0001b7a8   0x00000034   Code   RO         1425    i.addr_compare      id_manager.o
    0x0001b7dc   0x0000001a   Code   RO          783    i.addr_is_valid     ble_advertising.o
    0x0001b7f6   0x00000002   PAD
    0x0001b7f8   0x00000030   Code   RO         3859    i.address_is_valid  fds.o
    0x0001b828   0x0000018e   Code   RO          677    i.adv_data_encode   ble_advdata.o
    0x0001b9b6   0x00000002   PAD
    0x0001b9b8   0x0000006c   Code   RO          784    i.adv_mode_next_avail_get  ble_advertising.o
    0x0001ba24   0x00000010   Code   RO          785    i.adv_mode_next_get  ble_advertising.o
    0x0001ba34   0x00000014   Code   RO          678    i.advdata_check     ble_advdata.o
    0x0001ba48   0x0000005a   Code   RO          593    i.advertising_buttons_configure  bsp_btn_ble.o
    0x0001baa2   0x00000002   PAD
    0x0001baa4   0x00000070   Code   RO            3    i.advertising_init  main.o
    0x0001bb14   0x00000020   Code   RO            4    i.advertising_start  main.o
    0x0001bb34   0x00000056   Code   RO         1427    i.ah                id_manager.o
    0x0001bb8a   0x0000000c   Code   RO          485    i.alert_timer_handler  bsp.o
    0x0001bb96   0x00000002   PAD
    0x0001bb98   0x0000002c   Code   RO         3450    i.app_button_enable  app_button.o
    0x0001bbc4   0x000000ac   Code   RO         3451    i.app_button_init   app_button.o
    0x0001bc70   0x00000020   Code   RO         3546    i.app_error_fault_handler  app_error_weak.o
    0x0001bc90   0x00000020   Code   RO         3508    i.app_error_handler_bare  app_error.o
    0x0001bcb0   0x00000044   Code   RO         3577    i.app_timer_create  app_timer.o
    0x0001bcf4   0x0000008c   Code   RO         3578    i.app_timer_init    app_timer.o
    0x0001bd80   0x00000054   Code   RO         3579    i.app_timer_start   app_timer.o
    0x0001bdd4   0x00000038   Code   RO         3580    i.app_timer_stop    app_timer.o
    0x0001be0c   0x00000054   Code   RO         3785    i.app_util_critical_region_enter  app_util_platform.o
    0x0001be60   0x00000040   Code   RO         3786    i.app_util_critical_region_exit  app_util_platform.o
    0x0001bea0   0x00000054   Code   RO          679    i.appearance_encode  ble_advdata.o
    0x0001bef4   0x00000002   Code   RO            5    i.application_timers_start  main.o
    0x0001bef6   0x00000002   PAD
    0x0001bef8   0x0000005c   Code   RO         1207    i.apply_pending_flags_check  gatt_cache_manager.o
    0x0001bf54   0x00000014   Code   RO         2446    i.auth_status_failure_process  security_dispatcher.o
    0x0001bf68   0x0000001e   Code   RO         2447    i.auth_status_process  security_dispatcher.o
    0x0001bf86   0x00000002   PAD
    0x0001bf88   0x000000b8   Code   RO         2448    i.auth_status_success_process  security_dispatcher.o
    0x0001c040   0x00000098   Code   RO          680    i.ble_advdata_set   ble_advdata.o
    0x0001c0d8   0x000001b8   Code   RO          786    i.ble_advertising_init  ble_advertising.o
    0x0001c290   0x00000032   Code   RO          787    i.ble_advertising_on_ble_evt  ble_advertising.o
    0x0001c2c2   0x00000002   PAD
    0x0001c2c4   0x00000050   Code   RO          788    i.ble_advertising_on_sys_evt  ble_advertising.o
    0x0001c314   0x00000054   Code   RO          790    i.ble_advertising_restart_without_whitelist  ble_advertising.o
    0x0001c368   0x00000174   Code   RO          791    i.ble_advertising_start  ble_advertising.o
    0x0001c4dc   0x00000078   Code   RO          906    i.ble_conn_params_init  ble_conn_params.o
    0x0001c554   0x0000003e   Code   RO          907    i.ble_conn_params_on_ble_evt  ble_conn_params.o
    0x0001c592   0x00000002   PAD
    0x0001c594   0x00000018   Code   RO          991    i.ble_conn_state_conn_handles  ble_conn_state.o
    0x0001c5ac   0x00000018   Code   RO          992    i.ble_conn_state_encrypted  ble_conn_state.o
    0x0001c5c4   0x00000018   Code   RO          994    i.ble_conn_state_mitm_protected  ble_conn_state.o
    0x0001c5dc   0x0000009c   Code   RO          998    i.ble_conn_state_on_ble_evt  ble_conn_state.o
    0x0001c678   0x0000003c   Code   RO         1000    i.ble_conn_state_role  ble_conn_state.o
    0x0001c6b4   0x00000026   Code   RO         1002    i.ble_conn_state_user_flag_acquire  ble_conn_state.o
    0x0001c6da   0x00000002   PAD
    0x0001c6dc   0x0000001c   Code   RO         1003    i.ble_conn_state_user_flag_collection  ble_conn_state.o
    0x0001c6f8   0x00000028   Code   RO         1004    i.ble_conn_state_user_flag_get  ble_conn_state.o
    0x0001c720   0x00000028   Code   RO         1005    i.ble_conn_state_user_flag_set  ble_conn_state.o
    0x0001c748   0x00000070   Code   RO          681    i.ble_device_addr_encode  ble_advdata.o
    0x0001c7b8   0x00000038   Code   RO            7    i.ble_evt_dispatch  main.o
    0x0001c7f0   0x000000b4   Code   RO         4861    i.ble_sls_init      ble_sls.o
    0x0001c8a4   0x0000003a   Code   RO         4862    i.ble_sls_on_ble_evt  ble_sls.o
    0x0001c8de   0x00000012   Code   RO         1145    i.ble_srv_is_notification_enabled  ble_srv_common.o
    0x0001c8f0   0x000000b8   Code   RO            8    i.ble_stack_init    main.o
    0x0001c9a8   0x0000000c   Code   RO          371    i.bsp_board_button_idx_to_pin  boards.o
    0x0001c9b4   0x00000034   Code   RO          372    i.bsp_board_button_state_get  boards.o
    0x0001c9e8   0x0000003c   Code   RO          375    i.bsp_board_led_invert  boards.o
    0x0001ca24   0x00000014   Code   RO          376    i.bsp_board_led_off  boards.o
    0x0001ca38   0x00000014   Code   RO          377    i.bsp_board_led_on  boards.o
    0x0001ca4c   0x00000038   Code   RO          378    i.bsp_board_led_state_get  boards.o
    0x0001ca84   0x00000030   Code   RO          379    i.bsp_board_leds_init  boards.o
    0x0001cab4   0x00000014   Code   RO          380    i.bsp_board_leds_off  boards.o
    0x0001cac8   0x00000014   Code   RO          381    i.bsp_board_leds_on  boards.o
    0x0001cadc   0x00000024   Code   RO          382    i.bsp_board_pin_to_button_idx  boards.o
    0x0001cb00   0x00000030   Code   RO          594    i.bsp_btn_ble_init  bsp_btn_ble.o
    0x0001cb30   0x00000084   Code   RO          595    i.bsp_btn_ble_on_ble_evt  bsp_btn_ble.o
    0x0001cbb4   0x00000036   Code   RO          596    i.bsp_btn_ble_sleep_mode_prepare  bsp_btn_ble.o
    0x0001cbea   0x00000002   PAD
    0x0001cbec   0x000000cc   Code   RO          486    i.bsp_button_event_handler  bsp.o
    0x0001ccb8   0x0000000c   Code   RO          487    i.bsp_button_is_pressed  bsp.o
    0x0001ccc4   0x00000074   Code   RO            9    i.bsp_event_handler  main.o
    0x0001cd38   0x0000005c   Code   RO          490    i.bsp_event_to_button_action_assign  bsp.o
    0x0001cd94   0x00000024   Code   RO          491    i.bsp_indication_set  bsp.o
    0x0001cdb8   0x000000bc   Code   RO          492    i.bsp_init          bsp.o
    0x0001ce74   0x00000334   Code   RO          493    i.bsp_led_indication  bsp.o
    0x0001d1a8   0x00000016   Code   RO          495    i.bsp_wakeup_button_enable  bsp.o
    0x0001d1be   0x0000000e   Code   RO          496    i.button_timer_handler  bsp.o
    0x0001d1cc   0x0000005c   Code   RO           10    i.buttons_leds_init  main.o
    0x0001d228   0x00000024   Code   RO         1208    i.cccd_written      gatt_cache_manager.o
    0x0001d24c   0x00000020   Code   RO         2970    i.channel_free      nrf_drv_gpiote.o
    0x0001d26c   0x00000010   Code   RO         2971    i.channel_handler_get  nrf_drv_gpiote.o
    0x0001d27c   0x00000078   Code   RO         2972    i.channel_port_alloc  nrf_drv_gpiote.o
    0x0001d2f4   0x0000000c   Code   RO         2973    i.channel_port_get  nrf_drv_gpiote.o
    0x0001d300   0x00000024   Code   RO         4281    i.check_config      fstorage.o
    0x0001d324   0x00000022   Code   RO         3860    i.chunk_is_aligned  fds.o
    0x0001d346   0x00000002   PAD
    0x0001d348   0x00000030   Code   RO         3861    i.chunk_queue_get_and_advance  fds.o
    0x0001d378   0x00000020   Code   RO         3862    i.chunk_queue_next  fds.o
    0x0001d398   0x0000002c   Code   RO         3863    i.chunk_queue_skip  fds.o
    0x0001d3c4   0x0000004c   Code   RO         1995    i.claim             peer_id.o
    0x0001d410   0x00000034   Code   RO         2725    i.clock_clk_started_notify  nrf_drv_clock.o
    0x0001d444   0x0000008c   Code   RO         3582    i.compare_reg_update  app_timer.o
    0x0001d4d0   0x0000005c   Code   RO          682    i.conn_int_check    ble_advdata.o
    0x0001d52c   0x0000006a   Code   RO          683    i.conn_int_encode   ble_advdata.o
    0x0001d596   0x00000010   Code   RO           11    i.conn_params_error_handler  main.o
    0x0001d5a6   0x00000002   PAD
    0x0001d5a8   0x00000058   Code   RO           12    i.conn_params_init  main.o
    0x0001d600   0x00000094   Code   RO          909    i.conn_params_negotiation  ble_conn_params.o
    0x0001d694   0x0000005c   Code   RO         2449    i.conn_sec_update_process  security_dispatcher.o
    0x0001d6f0   0x0000005a   Code   RO          597    i.connection_buttons_configure  bsp_btn_ble.o
    0x0001d74a   0x00000002   PAD
    0x0001d74c   0x00000050   Code   RO         3864    i.delete_execute    fds.o
    0x0001d79c   0x0000008c   Code   RO         3453    i.detection_delay_timeout_handler  app_button.o
    0x0001d828   0x00000024   Code   RO         2450    i.disconnect_process  security_dispatcher.o
    0x0001d84c   0x00000064   Code   RO         3583    i.elapsed_ticks_acquire  app_timer.o
    0x0001d8b0   0x00000160   Code   RO         4863    i.elec_lock_cmd_char_add  ble_sls.o
    0x0001da10   0x0000013c   Code   RO         4864    i.elec_lock_status_char_add  ble_sls.o
    0x0001db4c   0x00000034   Code   RO         2451    i.encryption_failure  security_dispatcher.o
    0x0001db80   0x0000000a   Code   RO         4282    i.erase_execute     fstorage.o
    0x0001db8a   0x00000078   Code   RO         3866    i.event_prepare     fds.o
    0x0001dc02   0x00000002   PAD
    0x0001dc04   0x00000028   Code   RO         3867    i.event_send        fds.o
    0x0001dc2c   0x00000044   Code   RO         2592    i.events_send_from_err_code  security_manager.o
    0x0001dc70   0x00000020   Code   RO         1209    i.evt_send          gatt_cache_manager.o
    0x0001dc90   0x00000020   Code   RO         1339    i.evt_send          gatts_cache_manager.o
    0x0001dcb0   0x00000020   Code   RO         1428    i.evt_send          id_manager.o
    0x0001dcd0   0x00000028   Code   RO         2086    i.evt_send          peer_manager.o
    0x0001dcf8   0x00000020   Code   RO         2452    i.evt_send          security_dispatcher.o
    0x0001dd18   0x00000020   Code   RO         2593    i.evt_send          security_manager.o
    0x0001dd38   0x0000005c   Code   RO         3584    i.expired_timers_handler  app_timer.o
    0x0001dd94   0x00000160   Code   RO         4865    i.fan_negative_ion_cmd_char_add  ble_sls.o
    0x0001def4   0x0000013c   Code   RO         4866    i.fan_negative_ion_status_char_add  ble_sls.o
    0x0001e030   0x00000150   Code   RO         1656    i.fds_evt_handler   peer_data_storage.o
    0x0001e180   0x0000004c   Code   RO         3869    i.fds_file_delete   fds.o
    0x0001e1cc   0x00000048   Code   RO         3870    i.fds_gc            fds.o
    0x0001e214   0x000000b2   Code   RO         3871    i.fds_init          fds.o
    0x0001e2c6   0x00000002   PAD
    0x0001e2c8   0x00000060   Code   RO         3872    i.fds_record_close  fds.o
    0x0001e328   0x00000016   Code   RO         3874    i.fds_record_find   fds.o
    0x0001e33e   0x00000014   Code   RO         3875    i.fds_record_find_by_key  fds.o
    0x0001e352   0x00000014   Code   RO         3876    i.fds_record_find_in_file  fds.o
    0x0001e366   0x00000016   Code   RO         3877    i.fds_record_id_from_desc  fds.o
    0x0001e37c   0x00000054   Code   RO         3879    i.fds_record_open   fds.o
    0x0001e3d0   0x0000001c   Code   RO         3880    i.fds_record_update  fds.o
    0x0001e3ec   0x00000014   Code   RO         3881    i.fds_record_write  fds.o
    0x0001e400   0x0000001e   Code   RO         3882    i.fds_record_write_reserved  fds.o
    0x0001e41e   0x00000002   PAD
    0x0001e420   0x00000030   Code   RO         3883    i.fds_register      fds.o
    0x0001e450   0x00000036   Code   RO         3884    i.fds_reserve       fds.o
    0x0001e486   0x00000002   PAD
    0x0001e488   0x00000054   Code   RO         3885    i.fds_reserve_cancel  fds.o
    0x0001e4dc   0x00000034   Code   RO         3887    i.file_find_and_delete  fds.o
    0x0001e510   0x0000000c   Code   RO         1657    i.file_id_to_peer_id  peer_data_storage.o
    0x0001e51c   0x0000001c   Code   RO         1658    i.file_id_within_pm_range  peer_data_storage.o
    0x0001e538   0x00000010   Code   RO         3888    i.flag_clear        fds.o
    0x0001e548   0x00000012   Code   RO         2453    i.flag_id_init      security_dispatcher.o
    0x0001e55a   0x00000012   Code   RO         2594    i.flag_id_init      security_manager.o
    0x0001e56c   0x00000018   Code   RO         3889    i.flag_is_set       fds.o
    0x0001e584   0x00000010   Code   RO         3890    i.flag_set          fds.o
    0x0001e594   0x00000036   Code   RO          684    i.flags_encode      ble_advdata.o
    0x0001e5ca   0x00000002   PAD
    0x0001e5cc   0x0000009c   Code   RO         2595    i.flags_set_from_err_code  security_manager.o
    0x0001e668   0x00000016   Code   RO          793    i.flash_access_in_progress  ble_advertising.o
    0x0001e67e   0x00000002   PAD
    0x0001e680   0x0000008c   Code   RO         4283    i.fs_erase          fstorage.o
    0x0001e70c   0x0000000e   Code   RO         3891    i.fs_event_handler  fds.o
    0x0001e71a   0x00000002   PAD
    0x0001e71c   0x0000001c   Code   RO         4285    i.fs_flash_page_end_addr  fstorage.o
    0x0001e738   0x000000c4   Code   RO         4286    i.fs_init           fstorage.o
    0x0001e7fc   0x00000018   Code   RO         4289    i.fs_queued_op_count_get  fstorage.o
    0x0001e814   0x0000009c   Code   RO         4290    i.fs_store          fstorage.o
    0x0001e8b0   0x00000070   Code   RO         4291    i.fs_sys_event_handler  fstorage.o
    0x0001e920   0x00000084   Code   RO           13    i.gap_params_init   main.o
    0x0001e9a4   0x00000074   Code   RO         3892    i.gc_execute        fds.o
    0x0001ea18   0x0000003c   Code   RO         3893    i.gc_init           fds.o
    0x0001ea54   0x00000028   Code   RO         3894    i.gc_next_page      fds.o
    0x0001ea7c   0x00000044   Code   RO         3895    i.gc_page_erase     fds.o
    0x0001eac0   0x0000004c   Code   RO         3896    i.gc_page_next      fds.o
    0x0001eb0c   0x00000040   Code   RO         3897    i.gc_record_copy    fds.o
    0x0001eb4c   0x00000028   Code   RO         3898    i.gc_record_find_next  fds.o
    0x0001eb74   0x00000058   Code   RO         3899    i.gc_state_advance  fds.o
    0x0001ebcc   0x0000002c   Code   RO         3900    i.gc_swap_erase     fds.o
    0x0001ebf8   0x00000044   Code   RO         3901    i.gc_swap_pages     fds.o
    0x0001ec3c   0x00000020   Code   RO         3902    i.gc_swap_promote   fds.o
    0x0001ec5c   0x00000018   Code   RO         3903    i.gc_tag_new_swap   fds.o
    0x0001ec74   0x00000020   Code   RO         3904    i.gc_update_swap_offset  fds.o
    0x0001ec94   0x00000074   Code   RO         1210    i.gcm_ble_evt_handler  gatt_cache_manager.o
    0x0001ed08   0x00000078   Code   RO         1211    i.gcm_gscm_evt_handler  gatt_cache_manager.o
    0x0001ed80   0x00000034   Code   RO         1212    i.gcm_im_evt_handler  gatt_cache_manager.o
    0x0001edb4   0x00000068   Code   RO         1213    i.gcm_init          gatt_cache_manager.o
    0x0001ee1c   0x0000004c   Code   RO         1214    i.gcm_local_database_has_changed  gatt_cache_manager.o
    0x0001ee68   0x00000018   Code   RO         1217    i.gcm_smd_evt_handler  gatt_cache_manager.o
    0x0001ee80   0x0000003c   Code   RO         1429    i.get_connection_by_conn_handle  id_manager.o
    0x0001eebc   0x00000034   Code   RO         1430    i.get_free_connection  id_manager.o
    0x0001eef0   0x00000080   Code   RO         3454    i.gpiote_event_handler  app_button.o
    0x0001ef70   0x0000001c   Code   RO         1340    i.gscm_db_change_notification_done  gatts_cache_manager.o
    0x0001ef8c   0x00000014   Code   RO         1341    i.gscm_init         gatts_cache_manager.o
    0x0001efa0   0x0000001c   Code   RO         1342    i.gscm_local_database_has_changed  gatts_cache_manager.o
    0x0001efbc   0x0000009c   Code   RO         1343    i.gscm_local_db_cache_apply  gatts_cache_manager.o
    0x0001f058   0x000000a0   Code   RO         1345    i.gscm_local_db_cache_update  gatts_cache_manager.o
    0x0001f0f8   0x00000054   Code   RO         1346    i.gscm_pdb_evt_handler  gatts_cache_manager.o
    0x0001f14c   0x00000026   Code   RO         1347    i.gscm_service_changed_ind_needed  gatts_cache_manager.o
    0x0001f172   0x00000002   PAD
    0x0001f174   0x0000003c   Code   RO         1348    i.gscm_service_changed_ind_send  gatts_cache_manager.o
    0x0001f1b0   0x0000001c   Code   RO         3905    i.header_is_valid   fds.o
    0x0001f1cc   0x00000044   Code   RO         1431    i.im_address_resolve  id_manager.o
    0x0001f210   0x00000030   Code   RO         1432    i.im_ble_addr_get   id_manager.o
    0x0001f240   0x000000cc   Code   RO         1433    i.im_ble_evt_handler  id_manager.o
    0x0001f30c   0x00000030   Code   RO         1434    i.im_conn_handle_get  id_manager.o
    0x0001f33c   0x00000040   Code   RO         1438    i.im_init           id_manager.o
    0x0001f37c   0x00000046   Code   RO         1439    i.im_is_duplicate_bonding_data  id_manager.o
    0x0001f3c2   0x00000026   Code   RO         1440    i.im_master_id_is_valid  id_manager.o
    0x0001f3e8   0x00000034   Code   RO         1441    i.im_master_ids_compare  id_manager.o
    0x0001f41c   0x00000010   Code   RO         1442    i.im_new_peer_id    id_manager.o
    0x0001f42c   0x0000007a   Code   RO         1443    i.im_pdb_evt_handler  id_manager.o
    0x0001f4a6   0x00000002   PAD
    0x0001f4a8   0x00000030   Code   RO         1444    i.im_peer_free      id_manager.o
    0x0001f4d8   0x00000028   Code   RO         1445    i.im_peer_id_get_by_conn_handle  id_manager.o
    0x0001f500   0x00000048   Code   RO         1446    i.im_peer_id_get_by_master_id  id_manager.o
    0x0001f548   0x0000010c   Code   RO         3906    i.init_execute      fds.o
    0x0001f654   0x000000cc   Code   RO         4722    i.intern_softdevice_events_execute  softdevice_handler.o
    0x0001f720   0x0000000c   Code   RO         1218    i.internal_state_reset  gatt_cache_manager.o
    0x0001f72c   0x00000018   Code   RO         1349    i.internal_state_reset  gatts_cache_manager.o
    0x0001f744   0x00000028   Code   RO         1451    i.internal_state_reset  id_manager.o
    0x0001f76c   0x00000020   Code   RO         1820    i.internal_state_reset  peer_database.o
    0x0001f78c   0x0000000e   Code   RO         1996    i.internal_state_reset  peer_id.o
    0x0001f79a   0x00000002   PAD
    0x0001f79c   0x0000002c   Code   RO         2087    i.internal_state_reset  peer_manager.o
    0x0001f7c8   0x00000024   Code   RO          910    i.is_conn_params_ok  ble_conn_params.o
    0x0001f7ec   0x00000038   Code   RO         4963    i.is_disabled_in_debug_needed  system_nrf51.o
    0x0001f824   0x0000006c   Code   RO         4964    i.is_manual_peripheral_setup_needed  system_nrf51.o
    0x0001f890   0x00000054   Code   RO         4965    i.is_peripheral_domain_setup_needed  system_nrf51.o
    0x0001f8e4   0x0000001a   Code   RO         1452    i.is_valid_irk      id_manager.o
    0x0001f8fe   0x00000012   Code   RO         3907    i.is_word_aligned   fds.o
    0x0001f910   0x0000000e   Code   RO         2728    i.item_dequeue      nrf_drv_clock.o
    0x0001f91e   0x00000002   PAD
    0x0001f920   0x00000024   Code   RO          497    i.leds_timer_handler  bsp.o
    0x0001f944   0x000000d0   Code   RO         2596    i.link_secure       security_manager.o
    0x0001fa14   0x00000098   Code   RO         2454    i.link_secure_central  security_dispatcher.o
    0x0001faac   0x000000f8   Code   RO         2455    i.link_secure_central_existing_peer  security_dispatcher.o
    0x0001fba4   0x00000084   Code   RO         2456    i.link_secure_central_new_peer  security_dispatcher.o
    0x0001fc28   0x0000005c   Code   RO         2457    i.link_secure_failure  security_dispatcher.o
    0x0001fc84   0x00000080   Code   RO         2597    i.link_secure_pending_process  security_manager.o
    0x0001fd04   0x00000012   Code   RO         2458    i.link_secure_peripheral  security_dispatcher.o
    0x0001fd16   0x00000002   PAD
    0x0001fd18   0x0000007c   Code   RO         3585    i.list_deletions_handler  app_timer.o
    0x0001fd94   0x000000f8   Code   RO         3586    i.list_insertions_handler  app_timer.o
    0x0001fe8c   0x000000a0   Code   RO         1219    i.local_db_apply_in_evt  gatt_cache_manager.o
    0x0001ff2c   0x000000b4   Code   RO         1220    i.local_db_update_in_evt  gatt_cache_manager.o
    0x0001ffe0   0x00000036   Code   RO         2397    i.lock_by_mask      pm_mutex.o
    0x00020016   0x00000066   Code   RO           14    i.main              main.o
    0x0002007c   0x00000078   Code   RO          685    i.manuf_specific_data_encode  ble_advdata.o
    0x000200f4   0x000000c6   Code   RO          686    i.name_encode       ble_advdata.o
    0x000201ba   0x00000002   PAD
    0x000201bc   0x0000006c   Code   RO         1453    i.new_connection    id_manager.o
    0x00020228   0x00000038   Code   RO         1997    i.next_id_get       peer_id.o
    0x00020260   0x00000016   Code   RO         2974    i.nrf_bitmask_bit_is_set  nrf_drv_gpiote.o
    0x00020276   0x00000016   Code   RO         2732    i.nrf_clock_event_check  nrf_drv_clock.o
    0x0002028c   0x0000000c   Code   RO         2733    i.nrf_clock_event_clear  nrf_drv_clock.o
    0x00020298   0x0000000c   Code   RO         2735    i.nrf_clock_int_disable  nrf_drv_clock.o
    0x000202a4   0x00000040   Code   RO         3587    i.nrf_delay_us      app_timer.o
    0x000202e4   0x00000070   Code   RO         2744    i.nrf_drv_clock_init  nrf_drv_clock.o
    0x00020354   0x00000034   Code   RO         2751    i.nrf_drv_clock_on_sd_enable  nrf_drv_clock.o
    0x00020388   0x0000000e   Code   RO         2752    i.nrf_drv_clock_on_soc_event  nrf_drv_clock.o
    0x00020396   0x00000002   PAD
    0x00020398   0x00000038   Code   RO         2924    i.nrf_drv_common_irq_enable  nrf_drv_common.o
    0x000203d0   0x000000bc   Code   RO         2977    i.nrf_drv_gpiote_in_event_enable  nrf_drv_gpiote.o
    0x0002048c   0x000000f8   Code   RO         2978    i.nrf_drv_gpiote_in_init  nrf_drv_gpiote.o
    0x00020584   0x00000016   Code   RO         2979    i.nrf_drv_gpiote_in_is_set  nrf_drv_gpiote.o
    0x0002059a   0x00000002   PAD
    0x0002059c   0x0000005c   Code   RO         2981    i.nrf_drv_gpiote_init  nrf_drv_gpiote.o
    0x000205f8   0x00000014   Code   RO         2982    i.nrf_drv_gpiote_is_init  nrf_drv_gpiote.o
    0x0002060c   0x0000002a   Code   RO          384    i.nrf_gpio_cfg      boards.o
    0x00020636   0x0000002a   Code   RO         2994    i.nrf_gpio_cfg      nrf_drv_gpiote.o
    0x00020660   0x00000040   Code   RO          498    i.nrf_gpio_cfg_sense_set  bsp.o
    0x000206a0   0x00000040   Code   RO         2996    i.nrf_gpio_cfg_sense_set  nrf_drv_gpiote.o
    0x000206e0   0x0000001a   Code   RO         2998    i.nrf_gpio_pin_read  nrf_drv_gpiote.o
    0x000206fa   0x00000040   Code   RO          385    i.nrf_gpio_pin_write  boards.o
    0x0002073a   0x00000002   PAD
    0x0002073c   0x00000030   Code   RO         3000    i.nrf_gpio_ports_read  nrf_drv_gpiote.o
    0x0002076c   0x0000000c   Code   RO         3001    i.nrf_gpiote_event_addr_get  nrf_drv_gpiote.o
    0x00020778   0x00000010   Code   RO         3002    i.nrf_gpiote_event_clear  nrf_drv_gpiote.o
    0x00020788   0x00000016   Code   RO         3003    i.nrf_gpiote_event_is_set  nrf_drv_gpiote.o
    0x0002079e   0x00000002   PAD
    0x000207a0   0x0000000c   Code   RO         3004    i.nrf_gpiote_int_enable  nrf_drv_gpiote.o
    0x000207ac   0x00000014   Code   RO         3246    i.nrf_uart_errorsrc_get_and_clear  nrf_drv_uart.o
    0x000207c0   0x00000010   Code   RO         3247    i.nrf_uart_event_check  nrf_drv_uart.o
    0x000207d0   0x00000006   Code   RO         3248    i.nrf_uart_event_clear  nrf_drv_uart.o
    0x000207d6   0x0000000a   Code   RO         3250    i.nrf_uart_int_disable  nrf_drv_uart.o
    0x000207e0   0x00000018   Code   RO         3252    i.nrf_uart_int_enable_check  nrf_drv_uart.o
    0x000207f8   0x00000006   Code   RO         3253    i.nrf_uart_task_trigger  nrf_drv_uart.o
    0x000207fe   0x00000036   Code   RO           15    i.on_adv_evt        main.o
    0x00020834   0x00000134   Code   RO           16    i.on_ble_evt        main.o
    0x00020968   0x00000030   Code   RO           17    i.on_conn_params_evt  main.o
    0x00020998   0x00000018   Code   RO          911    i.on_conn_params_update  ble_conn_params.o
    0x000209b0   0x0000003c   Code   RO          912    i.on_connect        ble_conn_params.o
    0x000209ec   0x00000006   Code   RO         4867    i.on_connect        ble_sls.o
    0x000209f2   0x00000002   PAD
    0x000209f4   0x00000014   Code   RO          794    i.on_connected      ble_advertising.o
    0x00020a08   0x00000044   Code   RO          913    i.on_disconnect     ble_conn_params.o
    0x00020a4c   0x00000008   Code   RO         4868    i.on_disconnect     ble_sls.o
    0x00020a54   0x00000040   Code   RO          795    i.on_disconnected   ble_advertising.o
    0x00020a94   0x0000002c   Code   RO         4292    i.on_operation_failure  fstorage.o
    0x00020ac0   0x00000078   Code   RO         4293    i.on_operation_success  fstorage.o
    0x00020b38   0x0000003c   Code   RO          796    i.on_timeout        ble_advertising.o
    0x00020b74   0x00000054   Code   RO          914    i.on_write          ble_conn_params.o
    0x00020bc8   0x00000018   Code   RO         4869    i.on_write          ble_sls.o
    0x00020be0   0x00000098   Code   RO         3908    i.op_enqueue        fds.o
    0x00020c78   0x00000040   Code   RO         3909    i.page_from_record  fds.o
    0x00020cb8   0x00000028   Code   RO         3910    i.page_has_space    fds.o
    0x00020ce0   0x00000030   Code   RO         3911    i.page_identify     fds.o
    0x00020d10   0x0000001e   Code   RO         3912    i.page_is_erased    fds.o
    0x00020d2e   0x00000012   Code   RO         3913    i.page_offsets_update  fds.o
    0x00020d40   0x00000070   Code   RO         3914    i.page_scan         fds.o
    0x00020db0   0x00000020   Code   RO         3915    i.page_tag_write_data  fds.o
    0x00020dd0   0x00000024   Code   RO         3916    i.page_tag_write_swap  fds.o
    0x00020df4   0x0000011c   Code   RO         3917    i.pages_init        fds.o
    0x00020f10   0x0000007c   Code   RO         2459    i.pairing_failure   security_dispatcher.o
    0x00020f8c   0x0000004c   Code   RO         2598    i.params_reply_pending_process  security_manager.o
    0x00020fd8   0x00000020   Code   RO         1822    i.pdb_evt_send      peer_database.o
    0x00020ff8   0x00000048   Code   RO         1823    i.pdb_init          peer_database.o
    0x00021040   0x0000000c   Code   RO         1825    i.pdb_next_deleted_peer_id_get  peer_database.o
    0x0002104c   0x0000000c   Code   RO         1826    i.pdb_next_peer_id_get  peer_database.o
    0x00021058   0x000001bc   Code   RO         1827    i.pdb_pds_evt_handler  peer_database.o
    0x00021214   0x00000008   Code   RO         1828    i.pdb_peer_allocate  peer_database.o
    0x0002121c   0x00000016   Code   RO         1830    i.pdb_peer_data_ptr_get  peer_database.o
    0x00021232   0x0000005e   Code   RO         1831    i.pdb_peer_free     peer_database.o
    0x00021290   0x00000016   Code   RO         1832    i.pdb_raw_store     peer_database.o
    0x000212a6   0x00000002   PAD
    0x000212a8   0x00000148   Code   RO         1833    i.pdb_write_buf_get  peer_database.o
    0x000213f0   0x00000038   Code   RO         1834    i.pdb_write_buf_release  peer_database.o
    0x00021428   0x00000110   Code   RO         1835    i.pdb_write_buf_store  peer_database.o
    0x00021538   0x0000007c   Code   RO         1836    i.pdb_write_buf_store_prepare  peer_database.o
    0x000215b4   0x00000020   Code   RO         1659    i.pds_evt_send      peer_data_storage.o
    0x000215d4   0x0000003c   Code   RO         1660    i.pds_init          peer_data_storage.o
    0x00021610   0x0000000c   Code   RO         1661    i.pds_next_deleted_peer_id_get  peer_data_storage.o
    0x0002161c   0x0000000c   Code   RO         1662    i.pds_next_peer_id_get  peer_data_storage.o
    0x00021628   0x0000005c   Code   RO         1665    i.pds_peer_data_iterate  peer_data_storage.o
    0x00021684   0x00000010   Code   RO         1666    i.pds_peer_data_iterate_prepare  peer_data_storage.o
    0x00021694   0x0000008c   Code   RO         1667    i.pds_peer_data_read  peer_data_storage.o
    0x00021720   0x000000ca   Code   RO         1668    i.pds_peer_data_store  peer_data_storage.o
    0x000217ea   0x00000002   PAD
    0x000217ec   0x00000010   Code   RO         1669    i.pds_peer_id_allocate  peer_data_storage.o
    0x000217fc   0x0000001e   Code   RO         1670    i.pds_peer_id_free  peer_data_storage.o
    0x0002181a   0x0000000c   Code   RO         1671    i.pds_peer_id_is_allocated  peer_data_storage.o
    0x00021826   0x00000040   Code   RO         1672    i.pds_space_reserve  peer_data_storage.o
    0x00021866   0x00000016   Code   RO         1673    i.pds_space_reserve_cancel  peer_data_storage.o
    0x0002187c   0x00000018   Code   RO         1837    i.peer_data_const_point_to_buffer  peer_database.o
    0x00021894   0x000000a0   Code   RO         1674    i.peer_data_delete  peer_data_storage.o
    0x00021934   0x00000042   Code   RO         1675    i.peer_data_find    peer_data_storage.o
    0x00021976   0x00000022   Code   RO         1676    i.peer_data_id_is_valid  peer_data_storage.o
    0x00021998   0x0000000c   Code   RO         1677    i.peer_data_id_to_record_key  peer_data_storage.o
    0x000219a4   0x00000014   Code   RO         1838    i.peer_data_point_to_buffer  peer_database.o
    0x000219b8   0x00000014   Code   RO         1998    i.peer_id_allocate  peer_id.o
    0x000219cc   0x0000002c   Code   RO         1999    i.peer_id_delete    peer_id.o
    0x000219f8   0x0000001c   Code   RO         2000    i.peer_id_free      peer_id.o
    0x00021a14   0x00000014   Code   RO         2001    i.peer_id_get_next_deleted  peer_id.o
    0x00021a28   0x0000003c   Code   RO         2002    i.peer_id_get_next_used  peer_id.o
    0x00021a64   0x00000024   Code   RO         2003    i.peer_id_init      peer_id.o
    0x00021a88   0x0000001c   Code   RO         2004    i.peer_id_is_allocated  peer_id.o
    0x00021aa4   0x0000001c   Code   RO         2005    i.peer_id_is_deleted  peer_id.o
    0x00021ac0   0x00000020   Code   RO         1454    i.peer_id_set       id_manager.o
    0x00021ae0   0x0000000c   Code   RO         1678    i.peer_id_to_file_id  peer_data_storage.o
    0x00021aec   0x00000046   Code   RO         1679    i.peer_ids_load     peer_data_storage.o
    0x00021b32   0x00000002   PAD
    0x00021b34   0x00000104   Code   RO           18    i.peer_manager_init  main.o
    0x00021c38   0x0000001c   Code   RO         3006    i.pin_in_use_by_gpiote  nrf_drv_gpiote.o
    0x00021c54   0x00000018   Code   RO         3007    i.pin_in_use_by_port  nrf_drv_gpiote.o
    0x00021c6c   0x00000020   Code   RO         3008    i.pin_in_use_by_te  nrf_drv_gpiote.o
    0x00021c8c   0x00000010   Code   RO         3009    i.pin_in_use_clear  nrf_drv_gpiote.o
    0x00021c9c   0x00000068   Code   RO         2359    i.pm_buffer_block_acquire  pm_buffer.o
    0x00021d04   0x00000052   Code   RO         2360    i.pm_buffer_init    pm_buffer.o
    0x00021d56   0x00000038   Code   RO         2361    i.pm_buffer_ptr_get  pm_buffer.o
    0x00021d8e   0x00000030   Code   RO         2362    i.pm_buffer_release  pm_buffer.o
    0x00021dbe   0x00000010   Code   RO         2089    i.pm_conn_sec_config_reply  peer_manager.o
    0x00021dce   0x000000ce   Code   RO           19    i.pm_evt_handler    main.o
    0x00021e9c   0x000000b2   Code   RO         2093    i.pm_gcm_evt_handler  peer_manager.o
    0x00021f4e   0x00000002   PAD
    0x00021f50   0x00000058   Code   RO         2096    i.pm_im_evt_handler  peer_manager.o
    0x00021fa8   0x000000b0   Code   RO         2097    i.pm_init           peer_manager.o
    0x00022058   0x0000001c   Code   RO         2099    i.pm_local_database_has_changed  peer_manager.o
    0x00022074   0x00000016   Code   RO         2398    i.pm_mutex_init     pm_mutex.o
    0x0002208a   0x00000022   Code   RO         2399    i.pm_mutex_lock     pm_mutex.o
    0x000220ac   0x00000034   Code   RO         2400    i.pm_mutex_lock_first_available  pm_mutex.o
    0x000220e0   0x00000026   Code   RO         2401    i.pm_mutex_lock_status_get  pm_mutex.o
    0x00022106   0x0000003c   Code   RO         2402    i.pm_mutex_unlock   pm_mutex.o
    0x00022142   0x00000002   PAD
    0x00022144   0x0000002c   Code   RO         2101    i.pm_on_ble_evt     peer_manager.o
    0x00022170   0x000001c4   Code   RO         2102    i.pm_pdb_evt_handler  peer_manager.o
    0x00022334   0x00000020   Code   RO         2113    i.pm_peer_delete    peer_manager.o
    0x00022354   0x00000054   Code   RO         2118    i.pm_peers_delete   peer_manager.o
    0x000223a8   0x00000044   Code   RO         2121    i.pm_register       peer_manager.o
    0x000223ec   0x00000024   Code   RO         2123    i.pm_sec_params_set  peer_manager.o
    0x00022410   0x000001b4   Code   RO         2124    i.pm_sm_evt_handler  peer_manager.o
    0x000225c4   0x0000001c   Code   RO           20    i.power_manage      main.o
    0x000225e0   0x00000048   Code   RO         3918    i.queue_advance     fds.o
    0x00022628   0x00000038   Code   RO         4294    i.queue_advance     fstorage.o
    0x00022660   0x00000064   Code   RO         4295    i.queue_get_next_free  fstorage.o
    0x000226c4   0x000000a8   Code   RO         3919    i.queue_process     fds.o
    0x0002276c   0x00000070   Code   RO         4296    i.queue_process     fstorage.o
    0x000227dc   0x0000001a   Code   RO         3920    i.queue_start       fds.o
    0x000227f6   0x00000002   PAD
    0x000227f8   0x00000030   Code   RO         4297    i.queue_start       fstorage.o
    0x00022828   0x0000004c   Code   RO         1007    i.record_activate   ble_conn_state.o
    0x00022874   0x00000090   Code   RO         3921    i.record_find       fds.o
    0x00022904   0x0000003c   Code   RO         3922    i.record_find_and_delete  fds.o
    0x00022940   0x00000080   Code   RO         3923    i.record_find_by_desc  fds.o
    0x000229c0   0x00000064   Code   RO         3924    i.record_find_next  fds.o
    0x00022a24   0x0000003c   Code   RO         3925    i.record_header_flag_dirty  fds.o
    0x00022a60   0x0000002c   Code   RO         3926    i.record_header_write_begin  fds.o
    0x00022a8c   0x00000038   Code   RO         3927    i.record_header_write_finalize  fds.o
    0x00022ac4   0x0000003c   Code   RO         3928    i.record_header_write_id  fds.o
    0x00022b00   0x00000014   Code   RO         3929    i.record_id_new     fds.o
    0x00022b14   0x0000001c   Code   RO         1008    i.record_invalidate  ble_conn_state.o
    0x00022b30   0x0000000c   Code   RO         1680    i.record_key_to_peer_data_id  peer_data_storage.o
    0x00022b3c   0x0000001c   Code   RO         1681    i.record_key_within_pm_range  peer_data_storage.o
    0x00022b58   0x00000044   Code   RO         1009    i.record_purge_disconnected  ble_conn_state.o
    0x00022b9c   0x00000018   Code   RO         1010    i.record_set_disconnected  ble_conn_state.o
    0x00022bb4   0x00000054   Code   RO         3930    i.record_write_chunk  fds.o
    0x00022c08   0x00000014   Code   RO         2007    i.release           peer_id.o
    0x00022c1c   0x0000000c   Code   RO         3588    i.rtc1_compare0_set  app_timer.o
    0x00022c28   0x0000000c   Code   RO         3589    i.rtc1_counter_get  app_timer.o
    0x00022c34   0x00000018   Code   RO         3590    i.rtc1_init         app_timer.o
    0x00022c4c   0x0000003c   Code   RO         3591    i.rtc1_start        app_timer.o
    0x00022c88   0x00000058   Code   RO         3592    i.rtc1_stop         app_timer.o
    0x00022ce0   0x00000048   Code   RO         3256    i.rx_byte           nrf_drv_uart.o
    0x00022d28   0x0000001c   Code   RO         3257    i.rx_done_event     nrf_drv_uart.o
    0x00022d44   0x000000ac   Code   RO         4724    i.sd_nvic_EnableIRQ  softdevice_handler.o
    0x00022df0   0x0000000e   Code   RO         1221    i.sdk_mapped_flags_any_set  gatt_cache_manager.o
    0x00022dfe   0x0000000e   Code   RO         2599    i.sdk_mapped_flags_any_set  security_manager.o
    0x00022e0c   0x00000062   Code   RO         4448    i.sdk_mapped_flags_bulk_update_by_key  sdk_mapped_flags.o
    0x00022e6e   0x00000002   PAD
    0x00022e70   0x00000028   Code   RO         4449    i.sdk_mapped_flags_first_key_index_get  sdk_mapped_flags.o
    0x00022e98   0x00000014   Code   RO         4450    i.sdk_mapped_flags_get_by_index  sdk_mapped_flags.o
    0x00022eac   0x0000002c   Code   RO         4451    i.sdk_mapped_flags_get_by_key  sdk_mapped_flags.o
    0x00022ed8   0x00000046   Code   RO         4452    i.sdk_mapped_flags_key_list_get  sdk_mapped_flags.o
    0x00022f1e   0x0000001a   Code   RO         4454    i.sdk_mapped_flags_update_by_key  sdk_mapped_flags.o
    0x00022f38   0x000000dc   Code   RO         2460    i.sec_info_request_process  security_dispatcher.o
    0x00023014   0x0000001a   Code   RO         2461    i.sec_params_request_process  security_dispatcher.o
    0x0002302e   0x00000108   Code   RO         2600    i.sec_params_verify  security_manager.o
    0x00023136   0x00000002   PAD
    0x00023138   0x00000060   Code   RO         2462    i.sec_proc_start    security_dispatcher.o
    0x00023198   0x00000030   Code   RO         2463    i.sec_request_process  security_dispatcher.o
    0x000231c8   0x00000020   Code   RO         2464    i.sec_start_send    security_dispatcher.o
    0x000231e8   0x0000001a   Code   RO         2601    i.send_config_req   security_manager.o
    0x00023202   0x0000005a   Code   RO         4298    i.send_event        fstorage.o
    0x0002325c   0x00000070   Code   RO         1222    i.service_changed_pending_flags_check  gatt_cache_manager.o
    0x000232cc   0x00000050   Code   RO         1350    i.service_changed_pending_set  gatts_cache_manager.o
    0x0002331c   0x000000c0   Code   RO         1223    i.service_changed_send_in_evt  gatt_cache_manager.o
    0x000233dc   0x00000096   Code   RO          687    i.service_data_encode  ble_advdata.o
    0x00023472   0x00000002   PAD
    0x00023474   0x00000028   Code   RO           21    i.services_init     main.o
    0x0002349c   0x00000020   Code   RO          797    i.set_adv_mode_directed  ble_advertising.o
    0x000234bc   0x0000002c   Code   RO          798    i.set_adv_mode_directed_slow  ble_advertising.o
    0x000234e8   0x00000070   Code   RO          799    i.set_adv_mode_fast  ble_advertising.o
    0x00023558   0x00000070   Code   RO          800    i.set_adv_mode_slow  ble_advertising.o
    0x000235c8   0x00000052   Code   RO           22    i.sleep_mode_enter  main.o
    0x0002361a   0x00000002   PAD
    0x0002361c   0x00000018   Code   RO         2602    i.sm_ble_evt_handler  security_manager.o
    0x00023634   0x00000024   Code   RO         2603    i.sm_conn_sec_config_reply  security_manager.o
    0x00023658   0x00000064   Code   RO         2604    i.sm_init           security_manager.o
    0x000236bc   0x00000060   Code   RO         2607    i.sm_pdb_evt_handler  security_manager.o
    0x0002371c   0x00000038   Code   RO         2609    i.sm_sec_params_set  security_manager.o
    0x00023754   0x000000a8   Code   RO         2610    i.sm_smd_evt_handler  security_manager.o
    0x000237fc   0x00000058   Code   RO         2465    i.smd_ble_evt_handler  security_dispatcher.o
    0x00023854   0x0000004c   Code   RO         2466    i.smd_init          security_dispatcher.o
    0x000238a0   0x00000038   Code   RO         2467    i.smd_link_secure   security_dispatcher.o
    0x000238d8   0x00000130   Code   RO         2468    i.smd_params_reply  security_dispatcher.o
    0x00023a08   0x00000094   Code   RO         2611    i.smd_params_reply_perform  security_manager.o
    0x00023a9c   0x00000034   Code   RO         2469    i.smd_pdb_evt_handler  security_dispatcher.o
    0x00023ad0   0x0000001c   Code   RO         4725    i.softdevice_ble_evt_handler_set  softdevice_handler.o
    0x00023aec   0x00000028   Code   RO         4726    i.softdevice_enable  softdevice_handler.o
    0x00023b14   0x0000002e   Code   RO         4727    i.softdevice_enable_get_default_config  softdevice_handler.o
    0x00023b42   0x00000014   Code   RO         4728    i.softdevice_fault_handler  softdevice_handler.o
    0x00023b56   0x00000002   PAD
    0x00023b58   0x000000a8   Code   RO         4729    i.softdevice_handler_init  softdevice_handler.o
    0x00023c00   0x0000000c   Code   RO         4730    i.softdevice_handler_is_enabled  softdevice_handler.o
    0x00023c0c   0x0000001c   Code   RO         4735    i.softdevice_sys_evt_handler_set  softdevice_handler.o
    0x00023c28   0x00000010   Code   RO          688    i.srdata_check      ble_advdata.o
    0x00023c38   0x0000002a   Code   RO          598    i.startup_event_extract  bsp_btn_ble.o
    0x00023c62   0x00000032   Code   RO         4299    i.store_execute     fstorage.o
    0x00023c94   0x00000012   Code   RO           23    i.sys_evt_dispatch  main.o
    0x00023ca6   0x0000000a   Code   RO         3593    i.ticks_diff_get    app_timer.o
    0x00023cb0   0x0000003c   Code   RO         3594    i.timeout_handler_exec  app_timer.o
    0x00023cec   0x00000058   Code   RO         3595    i.timer_list_handler  app_timer.o
    0x00023d44   0x0000000a   Code   RO         3596    i.timer_list_handler_sched  app_timer.o
    0x00023d4e   0x00000002   PAD
    0x00023d50   0x0000006c   Code   RO         3597    i.timer_list_insert  app_timer.o
    0x00023dbc   0x00000070   Code   RO         3598    i.timer_list_remove  app_timer.o
    0x00023e2c   0x0000005c   Code   RO         3599    i.timer_start_op_schedule  app_timer.o
    0x00023e88   0x00000042   Code   RO         3600    i.timer_stop_op_schedule  app_timer.o
    0x00023eca   0x00000002   PAD
    0x00023ecc   0x00000094   Code   RO         3601    i.timer_timeouts_check  app_timer.o
    0x00023f60   0x0000000a   Code   RO         3602    i.timer_timeouts_check_sched  app_timer.o
    0x00023f6a   0x00000002   PAD
    0x00023f6c   0x00000030   Code   RO           24    i.timers_init       main.o
    0x00023f9c   0x0000002a   Code   RO         3259    i.tx_byte           nrf_drv_uart.o
    0x00023fc6   0x00000022   Code   RO         3260    i.tx_done_event     nrf_drv_uart.o
    0x00023fe8   0x00000036   Code   RO          689    i.tx_power_level_encode  ble_advdata.o
    0x0002401e   0x00000158   Code   RO         3261    i.uart_irq_handler  nrf_drv_uart.o
    0x00024176   0x0000000c   Code   RO         1150    i.uint16_decode     ble_srv_common.o
    0x00024182   0x00000012   Code   RO          690    i.uint16_encode     ble_advdata.o
    0x00024194   0x0000005c   Code   RO         1224    i.update_pending_flags_check  gatt_cache_manager.o
    0x000241f0   0x0000009c   Code   RO          915    i.update_timeout_handler  ble_conn_params.o
    0x0002428c   0x00000014   Code   RO         1011    i.user_flag_acquire  ble_conn_state.o
    0x000242a0   0x0000001c   Code   RO         1012    i.user_flag_is_acquired  ble_conn_state.o
    0x000242bc   0x00000038   Code   RO         3603    i.user_op_alloc     app_timer.o
    0x000242f4   0x0000000c   Code   RO         3604    i.user_op_enque     app_timer.o
    0x00024300   0x0000004c   Code   RO          691    i.uuid_list_encode  ble_advdata.o
    0x0002434c   0x000000e0   Code   RO          692    i.uuid_list_sized_encode  ble_advdata.o
    0x0002442c   0x00000160   Code   RO         4870    i.uv_lamp_cmd_char_add  ble_sls.o
    0x0002458c   0x00000138   Code   RO         4871    i.uv_lamp_door_status_char_add  ble_sls.o
    0x000246c4   0x0000013c   Code   RO         4872    i.uv_lamp_status_char_add  ble_sls.o
    0x00024800   0x0000001c   Code   RO          801    i.whitelist_has_entries  ble_advertising.o
    0x0002481c   0x00000038   Code   RO         1839    i.write_buf_length_words_set  peer_database.o
    0x00024854   0x00000034   Code   RO         1840    i.write_buffer_record_find  peer_database.o
    0x00024888   0x0000002c   Code   RO         1841    i.write_buffer_record_find_next  peer_database.o
    0x000248b4   0x00000010   Code   RO         1842    i.write_buffer_record_find_unused  peer_database.o
    0x000248c4   0x00000028   Code   RO         1843    i.write_buffer_record_get  peer_database.o
    0x000248ec   0x0000002e   Code   RO         1844    i.write_buffer_record_invalidate  peer_database.o
    0x0002491a   0x00000002   PAD
    0x0002491c   0x00000028   Code   RO         1845    i.write_buffer_record_release  peer_database.o
    0x00024944   0x00000110   Code   RO         3931    i.write_enqueue     fds.o
    0x00024a54   0x000000c4   Code   RO         3932    i.write_execute     fds.o
    0x00024b18   0x0000001c   Code   RO         3933    i.write_space_free  fds.o
    0x00024b34   0x00000068   Code   RO         3934    i.write_space_reserve  fds.o
    0x00024b9c   0x00000004   Data   RO           26    .constdata          main.o
    0x00024ba0   0x00000006   Data   RO          386    .constdata          boards.o
    0x00024ba6   0x00000002   PAD
    0x00024ba8   0x00000024   Data   RO          500    .constdata          bsp.o
    0x00024bcc   0x00000004   Data   RO          917    .constdata          ble_conn_params.o
    0x00024bd0   0x00000018   Data   RO         1351    .constdata          gatts_cache_manager.o
    0x00024be8   0x00000008   Data   RO         1457    .constdata          id_manager.o
    0x00024bf0   0x00000004   Data   RO         1682    .constdata          peer_data_storage.o
    0x00024bf4   0x00000014   Data   RO         1847    .constdata          peer_database.o
    0x00024c08   0x00000044   Data   RO         2471    .constdata          security_dispatcher.o
    0x00024c4c   0x00000004   Data   RO         2612    .constdata          security_manager.o
    0x00024c50   0x00000047   Data   RO         3011    .constdata          nrf_drv_gpiote.o
    0x00024c97   0x00000001   PAD
    0x00024c98   0x00000008   Data   RO         3456    .constdata          app_button.o
    0x00024ca0   0x00000014   Data   RO         3936    .constdata          fds.o
    0x00024cb4   0x00000020   Data   RO         5041    Region$$Table       anon$$obj.o


    Execution Region RW_IRAM1 (Base: 0x20002000, Size: 0x00001338, Max: 0x00002000, ABSOLUTE, COMPRESSED[0x00000030])

    Base Addr    Size         Type   Attr      Idx    E Section Name        Object

    0x20002000   0x00000006   Data   RW           27    .data               main.o
    0x20002006   0x00000002   PAD
    0x20002008   0x00000014   Data   RW          501    .data               bsp.o
    0x2000201c   0x00000008   Data   RW          599    .data               bsp_btn_ble.o
    0x20002024   0x00000030   Data   RW          803    .data               ble_advertising.o
    0x20002054   0x00000015   Data   RW          918    .data               ble_conn_params.o
    0x20002069   0x00000003   PAD
    0x2000206c   0x00000009   Data   RW         1225    .data               gatt_cache_manager.o
    0x20002075   0x00000003   PAD
    0x20002078   0x0000000a   Data   RW         1352    .data               gatts_cache_manager.o
    0x20002082   0x0000000a   Data   RW         1458    .data               id_manager.o
    0x2000208c   0x0000000c   Data   RW         1683    .data               peer_data_storage.o
    0x20002098   0x00000009   Data   RW         1848    .data               peer_database.o
    0x200020a1   0x00000003   PAD
    0x200020a4   0x00000011   Data   RW         2130    .data               peer_manager.o
    0x200020b5   0x00000004   Data   RW         2472    .data               security_dispatcher.o
    0x200020b9   0x00000003   PAD
    0x200020bc   0x00000013   Data   RW         2613    .data               security_manager.o
    0x200020cf   0x00000001   PAD
    0x200020d0   0x00000014   Data   RW         3457    .data               app_button.o
    0x200020e4   0x00000022   Data   RW         3605    .data               app_timer.o
    0x20002106   0x00000002   PAD
    0x20002108   0x0000000c   Data   RW         3789    .data               app_util_platform.o
    0x20002114   0x0000001a   Data   RW         3937    .data               fds.o
    0x2000212e   0x00000002   Data   RW         4301    .data               fstorage.o
    0x20002130   0x00000018   Data   RW         4736    .data               softdevice_handler.o
    0x20002148   0x00000007   Data   RW         4873    .data               ble_sls.o
    0x2000214f   0x00000001   PAD
    0x20002150   0x00000004   Data   RW         4966    .data               system_nrf51.o
    0x20002154   0x00000010   Data   RW         3938    fs_data             fds.o
    0x20002164   0x00000100   Zero   RW           25    .bss                main.o
    0x20002264   0x0000006c   Zero   RW          499    .bss                bsp.o
    0x200022d0   0x000001ac   Zero   RW          802    .bss                ble_advertising.o
    0x2000247c   0x0000003c   Zero   RW          916    .bss                ble_conn_params.o
    0x200024b8   0x00000034   Zero   RW         1013    .bss                ble_conn_state.o
    0x200024ec   0x00000070   Zero   RW         1456    .bss                id_manager.o
    0x2000255c   0x00000330   Zero   RW         1846    .bss                peer_database.o
    0x2000288c   0x00000040   Zero   RW         2008    .bss                peer_id.o
    0x200028cc   0x0000000c   Zero   RW         2128    .bss                peer_manager.o
    0x200028d8   0x00000040   Zero   RW         2470    .bss                security_dispatcher.o
    0x20002918   0x00000014   Zero   RW         2754    .bss                nrf_drv_clock.o
    0x2000292c   0x00000048   Zero   RW         3010    .bss                nrf_drv_gpiote.o
    0x20002974   0x0000001c   Zero   RW         3262    .bss                nrf_drv_uart.o
    0x20002990   0x00000020   Zero   RW         3455    .bss                app_button.o
    0x200029b0   0x0000011c   Zero   RW         3935    .bss                fds.o
    0x20002acc   0x00000068   Zero   RW         4300    .bss                fstorage.o
    0x20002b34   0x00000004   PAD
    0x20002b38   0x00000800   Zero   RW         4952    STACK               arm_startup_nrf51.o


==============================================================================

Image component sizes


      Code (inc. data)   RO Data    RW Data    ZI Data      Debug   Object Name

       484         78          8         20         32       9126   app_button.o
        32          6          0          0          0       2257   app_error.o
        32         10          0          0          0       6394   app_error_weak.o
      2312        274          0         34          0      48339   app_timer.o
       160         22          0         12          0       6406   app_util_platform.o
        56         18        192          0       2048        732   arm_startup_nrf51.o
      1874          4          0          0          0      33712   ble_advdata.o
      1670        250          0         48        428      14889   ble_advertising.o
       758        128          4         21         60       7792   ble_conn_params.o
       678         76          0          0         52      11950   ble_conn_state.o
      2592        152          0          7          0      12213   ble_sls.o
        30          0          0          0          0      17986   ble_srv_common.o
       450         36          6          0          0      13140   boards.o
      1500        132         36         20        108      14375   bsp.o
       456         18          0          8          0       6105   bsp_btn_ble.o
      4926        486         20         42        284      55122   fds.o
      1322         90          0          2        104      14639   fstorage.o
      1414        120          0          9          0      19512   gatt_cache_manager.o
       710         84         24         10          0      10243   gatts_cache_manager.o
      1378        108          8         10        112      20327   id_manager.o
      2052        122          4          6        256     136455   main.o
       374         34          0          0         20      13388   nrf_drv_clock.o
       176         18          0          0          0       7196   nrf_drv_common.o
      1746        106         71          0         72      32950   nrf_drv_gpiote.o
       622          8          0          0         28      17611   nrf_drv_uart.o
      1480         70          4         12          0      19808   peer_data_storage.o
      1868         82         20          9        816      24695   peer_database.o
       430         62          0          0         64       9343   peer_id.o
      1722        170          0         17         12      13788   peer_manager.o
       290          0          0          0          0       4287   pm_buffer.o
       260          0          0          0          0       5289   pm_mutex.o
       298          4          0          0          0       6116   sdk_mapped_flags.o
      2228        146         68          4         64      23192   security_dispatcher.o
      1618        172          4         19          0      17784   security_manager.o
       846        116          0         24          0      22656   softdevice_handler.o
       348         38          0          4          0       2779   system_nrf51.o

    ----------------------------------------------------------------------
     39284       3240        504        356       4564     682596   Object Totals
         0          0         32          0          0          0   (incl. Generated)
        92          0          3         18          4          0   (incl. Padding)

    ----------------------------------------------------------------------

      Code (inc. data)   RO Data    RW Data    ZI Data      Debug   Library Member Name

        86          0          0          0          0          0   __dczerorl2.o
         0          0          0          0          0          0   entry.o
         0          0          0          0          0          0   entry10a.o
         0          0          0          0          0          0   entry11a.o
         8          4          0          0          0          0   entry2.o
         4          0          0          0          0          0   entry5.o
         0          0          0          0          0          0   entry7b.o
         0          0          0          0          0          0   entry8b.o
         8          4          0          0          0          0   entry9a.o
        30          0          0          0          0          0   handlers.o
        40          0          0          0          0         72   idiv.o
        36          8          0          0          0         68   init.o
        26          0          0          0          0         72   memcmp.o
        36          0          0          0          0         60   memcpya.o
        36          0          0          0          0        100   memseta.o
        44          0          0          0          0         72   uidiv.o

    ----------------------------------------------------------------------
       360         16          0          0          0        444   Library Totals
         6          0          0          0          0          0   (incl. Padding)

    ----------------------------------------------------------------------

      Code (inc. data)   RO Data    RW Data    ZI Data      Debug   Library Name

       354         16          0          0          0        444   mc_p.l

    ----------------------------------------------------------------------
       360         16          0          0          0        444   Library Totals

    ----------------------------------------------------------------------

==============================================================================


      Code (inc. data)   RO Data    RW Data    ZI Data      Debug   

     39644       3256        504        356       4564     661572   Grand Totals
     39644       3256        504         48       4564     661572   ELF Image Totals (compressed)
     39644       3256        504         48          0          0   ROM Totals

==============================================================================

    Total RO  Size (Code + RO Data)                40148 (  39.21kB)
    Total RW  Size (RW Data + ZI Data)              4920 (   4.80kB)
    Total ROM Size (Code + RO Data + RW Data)      40196 (  39.25kB)

==============================================================================

