<html>
<body>
<pre>
<h1>µVision Build Log</h1>
<h2>Tool Versions:</h2>
IDE-Version: ¦ÌVision V5.12.0.0
Copyright (C) 2014 ARM Ltd and ARM Germany GmbH. All rights reserved.
License Information: wkx wkx, 11, LIC=D0D74-FPRJP-CXQU6-DS1TI-W1ZVQ-9PP0M
 
Tool Versions:
Toolchain:       MDK-ARM Standard  Version: 5.12.0.0
Toolchain Path:  C:\Keil_v5\ARM\ARMCC\Bin
C Compiler:      Armcc.exe V5.05 (build 41)
Assembler:       Armasm.exe V5.05 (build 41)
Linker/Locator:  ArmLink.exe V5.05 (build 41)
Library Manager: ArmAr.exe V5.05 (build 41)
Hex Converter:   FromElf.exe V5.05 (build 41)
CPU DLL:         SARMCM3.DLL V5.12.0.0
Dialog DLL:      DARMCM1.DLL V1.11.00.0
    Target DLL: Segger\JL2CM3.dll
Dialog DLL:      TARMCM1.DLL V1.08.00.0
 
<h2>Project:</h2>
D:\development\nordic_ble\src_code\nrf51_sdk_v12_3_0\nRF5_SDK_12.3.0_d7731ad\examples\ble_peripheral\ble_app_smart_locker\JJDK_ZG_ZK\s130\arm5_no_packs\ble_app_smart_locker_jjdk_zg_zk_s130v2.uvprojx
Project File Date:  05/22/2017

<h2>Output:</h2>
Build target 'nrf51422_xxac'
linking...
Program Size: Code=39644 RO-data=504 RW-data=356 ZI-data=4564  
FromELF: creating hex file...
".\_build\nrf51822_xxaa_smart_locker.axf" - 0 Error(s), 0 Warning(s).

<h2>Software Packages used:</h2>

Package Vendor: ARM
                http://www.keil.com/pack/ARM.CMSIS.4.2.0.pack
                ARM::CMSIS:CORE:3.40.0
                CMSIS (Cortex Microcontroller Software Interface Standard)
   * Component: CORE Version: 3.40.0

Package Vendor: NordicSemiconductor
                http://developer.nordicsemi.com/nRF5_SDK/pieces/nRF_DeviceFamilyPack/NordicSemiconductor.nRF_DeviceFamilyPack.8.11.1.pack
                NordicSemiconductor::Device:Startup:8.11.1
                Nordic Semiconductor nRF ARM devices Device Family Pack.
   * Component: Startup Version: 8.11.1

<h2>Collection of Component include folders:</h2>
  D:\development\nordic_ble\src_code\nrf51_sdk_v12_3_0\nRF5_SDK_12.3.0_d7731ad\examples\ble_peripheral\ble_app_smart_locker\JJDK_ZG_ZK\s130\arm5_no_packs\RTE
  C:\Keil_v5\ARM\PACK\ARM\CMSIS\4.2.0\CMSIS\Include
  C:\Keil_v5\ARM\PACK\NordicSemiconductor\nRF_DeviceFamilyPack\8.11.1\Device\Include

<h2>Collection of Component Files used:</h2>

   * Component: ARM::CMSIS:CORE:3.40.0
      Source file:   CMSIS\UserCodeTemplates\ARM\ITM_Retarget.c

   * Component: NordicSemiconductor::Device:Startup:8.11.1
      Source file:   Device\Source\system_nrf51.c
      Include file:  Device\Include\system_nrf51.h
      Source file:   Device\Source\arm\arm_startup_nrf51.s
Load "D:\\development\\nordic_ble\\src_code\\nrf51_sdk_v12_3_0\\nRF5_SDK_12.3.0_d7731ad\\examples\\ble_peripheral\\ble_app_smart_locker\\JJDK_ZG_ZK\\s130\\arm5_no_packs\\_build\\nrf51822_xxaa_smart_locker.axf" 
Error: Flash Download failed  -  Target DLL has been cancelled
Load "D:\\development\\nordic_ble\\src_code\\nrf51_sdk_v12_3_0\\nRF5_SDK_12.3.0_d7731ad\\examples\\ble_peripheral\\ble_app_smart_locker\\JJDK_ZG_ZK\\s130\\arm5_no_packs\\_build\\nrf51822_xxaa_smart_locker.axf" 
Set JLink Project File to "D:\development\nordic_ble\src_code\nrf51_sdk_v12_3_0\nRF5_SDK_12.3.0_d7731ad\examples\ble_peripheral\ble_app_smart_locker\JJDK_ZG_ZK\s130\arm5_no_packs\JLinkSettings.ini"
* JLink Info: Device "NRF51822_XXAA" selected.
 
JLink info:
------------
DLL: V5.12f, compiled May 17 2016 16:03:35
Firmware: J-Link ARM V8 compiled Jan 31 2018 18:34:52
Hardware: V8.00
S/N : 20080643 
Feature(s) : RDI,FlashDL,FlashBP,JFlash,GDBFull 
 
* JLink Info: TotalIRLen = ?, IRPrint = 0x..000000000000000000000000
Error: Flash Download failed  -  Target DLL has been cancelled
Load "D:\\development\\nordic_ble\\src_code\\nrf51_sdk_v12_3_0\\nRF5_SDK_12.3.0_d7731ad\\examples\\ble_peripheral\\ble_app_smart_locker\\JJDK_ZG_ZK\\s130\\arm5_no_packs\\_build\\nrf51822_xxaa_smart_locker.axf" 
Set JLink Project File to "D:\development\nordic_ble\src_code\nrf51_sdk_v12_3_0\nRF5_SDK_12.3.0_d7731ad\examples\ble_peripheral\ble_app_smart_locker\JJDK_ZG_ZK\s130\arm5_no_packs\JLinkSettings.ini"
* JLink Info: Device "NRF51822_XXAA" selected.
 
JLink info:
------------
DLL: V5.12f, compiled May 17 2016 16:03:35
Firmware: J-Link ARM V8 compiled Jan 31 2018 18:34:52
Hardware: V8.00
S/N : 20080643 
Feature(s) : RDI,FlashDL,FlashBP,JFlash,GDBFull 
 
* JLink Info: Found SWD-DP with ID 0x0BB11477
* JLink Info: Found Cortex-M0 r0p0, Little endian.
* JLink Info: FPUnit: 4 code (BP) slots and 0 literal slots
* JLink Info: CoreSight components:
* JLink Info: ROMTbl 0 @ F0000000
* JLink Info: ROMTbl 0 [0]: F00FF000, CID: B105100D, PID: 000BB471 ROM Table
* JLink Info: ROMTbl 1 @ E00FF000
* JLink Info: ROMTbl 1 [0]: FFF0F000, CID: B105E00D, PID: 000BB008 SCS
* JLink Info: ROMTbl 1 [1]: FFF02000, CID: B105E00D, PID: 000BB00A DWT
* JLink Info: ROMTbl 1 [2]: FFF03000, CID: B105E00D, PID: 000BB00B FPB
* JLink Info: ROMTbl 0 [1]: 00002000, CID: B105900D, PID: 000BB9A3 ???
ROMTableAddr = 0xE00FF003
 
Target info:
------------
Device: nRF51822_xxAA
VTarget = 3.345V
State of Pins: 
TCK: 0, TDI: 0, TDO: 0, TMS: 0, TRES: 1, TRST: 0
Hardware-Breakpoints: 4
Software-Breakpoints: 8192
Watchpoints:          2
JTAG speed: 2000 kHz
 
Erase Done.
Programming Done.
Verify OK.
Application running ...
ed
    if(elec_lock_status==DEVICE_STATUS_RUN && open_try_times>0)
..\..\..\..\..\..\components\libraries\bsp\bsp_btn_switch.c(44): error:  #20: identifier "DEVICE_STATUS_RUN" is undefined
    if(elec_lock_status==DEVICE_STATUS_RUN && open_try_times>0)
..\..\..\..\..\..\components\libraries\bsp\bsp_btn_switch.c(47): warning:  #223-D: function "bsp_board_switch_on" declared implicitly
     bsp_board_switch_on(SWITCH_ELEC_LOCK_PIN_NO);
..\..\..\..\..\..\components\libraries\bsp\bsp_btn_switch.c(47): error:  #20: identifier "SWITCH_ELEC_LOCK_PIN_NO" is undefined
     bsp_board_switch_on(SWITCH_ELEC_LOCK_PIN_NO);
..\..\..\..\..\..\components\libraries\bsp\bsp_btn_switch.c(48): warning:  #223-D: function "app_timer_start" declared implicitly
     app_timer_start(lock_wait_timer_id,APP_TIMER_TICKS(LOCK_WAIT_TIMEOUT_MS,smart_locker_local_prescal),NULL);
..\..\..\..\..\..\components\libraries\bsp\bsp_btn_switch.c(48): error:  #20: identifier "lock_wait_timer_id" is undefined
     app_timer_start(lock_wait_timer_id,APP_TIMER_TICKS(LOCK_WAIT_TIMEOUT_MS,smart_locker_local_prescal),NULL);
..\..\..\..\..\..\components\libraries\bsp\bsp_btn_switch.c(48): warning:  #223-D: function "APP_TIMER_TICKS" declared implicitly
     app_timer_start(lock_wait_timer_id,APP_TIMER_TICKS(LOCK_WAIT_TIMEOUT_MS,smart_locker_local_prescal),NULL);
..\..\..\..\..\..\components\libraries\bsp\bsp_btn_switch.c(48): error:  #20: identifier "LOCK_WAIT_TIMEOUT_MS" is undefined
     app_timer_start(lock_wait_timer_id,APP_TIMER_TICKS(LOCK_WAIT_TIMEOUT_MS,smart_locker_local_prescal),NULL);
..\..\..\..\..\..\components\libraries\bsp\bsp_btn_switch.c(48): error:  #20: identifier "smart_locker_local_prescal" is undefined
     app_timer_start(lock_wait_timer_id,APP_TIMER_TICKS(LOCK_WAIT_TIMEOUT_MS,smart_locker_local_prescal),NULL);
..\..\..\..\..\..\components\libraries\bsp\bsp_btn_switch.c(54): error:  #20: identifier "DEVICE_STATUS_STOP" is undefined
                if(elec_lock_status==DEVICE_STATUS_STOP)
..\..\..\..\..\..\components\libraries\bsp\bsp_btn_switch.c(64): warning:  #223-D: function "bsp_board_switch_off" declared implicitly
     bsp_board_switch_off(SWITCH_ELEC_LOCK_PIN_NO);
..\..\..\..\..\..\components\libraries\bsp\bsp_btn_switch.c(64): error:  #20: identifier "SWITCH_ELEC_LOCK_PIN_NO" is undefined
     bsp_board_switch_off(SWITCH_ELEC_LOCK_PIN_NO);
..\..\..\..\..\..\components\libraries\bsp\bsp_btn_switch.c(72): error:  #20: identifier "LED_SYS_RUN_PIN_NO" is undefined
        bsp_board_led_invert(LED_SYS_RUN_PIN_NO);
..\..\..\..\..\..\components\libraries\bsp\bsp_btn_switch.c(76): error:  #159: declaration is incompatible with previous "uint8_to_string" (declared at line 43)
  uint8_t *uint8_to_string(uint8_t src)
..\..\..\..\..\..\components\libraries\bsp\bsp_btn_switch.c(9): warning:  #177-D: function "bsp_open_uv_lamp_and_indicator_led" was declared but never referenced
  static void bsp_open_uv_lamp_and_indicator_led(void)
..\..\..\..\..\..\components\libraries\bsp\bsp_btn_switch.c(16): warning:  #177-D: function "bsp_close_uv_lamp_and_indicator_led" was declared but never referenced
  static void bsp_close_uv_lamp_and_indicator_led(void)
..\..\..\..\..\..\components\libraries\bsp\bsp_btn_switch.c(24): warning:  #177-D: function "bsp_open_fan_negative_ion_and_indicator_led" was declared but never referenced
  static void bsp_open_fan_negative_ion_and_indicator_led(void)
..\..\..\..\..\..\components\libraries\bsp\bsp_btn_switch.c(31): warning:  #177-D: function "bsp_close_fan_negative_ion_and_indicator_led" was declared but never referenced
  static void bsp_close_fan_negative_ion_and_indicator_led(void)
..\..\..\..\..\..\components\libraries\bsp\bsp_btn_switch.c(61): warning:  #177-D: function "bsp_open_elec_lock_wait_timeout_handler" was declared but never referenced
  static void bsp_open_elec_lock_wait_timeout_handler(void * p_context)
..\..\..\..\..\..\components\libraries\bsp\bsp_btn_switch.c(69): warning:  #177-D: function "bsp_sys_run_led_timeout_handler" was declared but never referenced
  static void bsp_sys_run_led_timeout_handler(void * p_context)
..\..\..\..\..\..\components\libraries\bsp\bsp_btn_switch.c: 16 warnings, 27 errors
compiling ble_sls.c...
..\..\..\..\..\..\components\ble\ble_services\ble_sls\ble_sls.c(24): error:  #5: cannot open source input file "bsp_btn_smart_locker.h": No such file or directory
  #include "bsp_btn_smart_locker.h"
..\..\..\..\..\..\components\ble\ble_services\ble_sls\ble_sls.c: 0 warnings, 1 error
".\_build\nrf51422_xxac.axf" - 28 Error(s), 16 Warning(s).

<h2>Software Packages used:</h2>

Package Vendor: ARM
                http://www.keil.com/pack/ARM.CMSIS.4.2.0.pack
                ARM::CMSIS:CORE:3.40.0
                CMSIS (Cortex Microcontroller Software Interface Standard)
   * Component: CORE Version: 3.40.0

Package Vendor: NordicSemiconductor
                http://developer.nordicsemi.com/nRF5_SDK/pieces/nRF_DeviceFamilyPack/NordicSemiconductor.nRF_DeviceFamilyPack.8.11.1.pack
                NordicSemiconductor::Device:Startup:8.11.1
                Nordic Semiconductor nRF ARM devices Device Family Pack.
   * Component: Startup Version: 8.11.1

<h2>Collection of Component include folders:</h2>
  D:\development\nordic_ble\src_code\nrf51_sdk_v12_3_0\nRF5_SDK_12.3.0_d7731ad\examples\ble_peripheral\ble_app_smart_locker\JJDK_ZG_ZK\s130\arm5_no_packs\RTE
  C:\Keil_v5\ARM\PACK\ARM\CMSIS\4.2.0\CMSIS\Include
  C:\Keil_v5\ARM\PACK\NordicSemiconductor\nRF_DeviceFamilyPack\8.11.1\Device\Include

<h2>Collection of Component Files used:</h2>

   * Component: ARM::CMSIS:CORE:3.40.0
      Source file:   CMSIS\UserCodeTemplates\ARM\ITM_Retarget.c

   * Component: NordicSemiconductor::Device:Startup:8.11.1
      Source file:   Device\Source\system_nrf51.c
      Include file:  Device\Include\system_nrf51.h
      Source file:   Device\Source\arm\arm_startup_nrf51.s
Target not created.
No such file or directory
  #include "core_cm0.h"                               /*!< Cortex-M0 processor and core peripherals                              */
..\..\..\..\..\..\components\drivers_nrf\gpiote\nrf_drv_gpiote.c: 0 warnings, 1 error
compiling nrf_drv_uart.c...
C:\Keil_v5\ARM\PACK\NordicSemiconductor\nRF_DeviceFamilyPack\8.11.1\Device\Include\nrf51.h(119): error:  #5: cannot open source input file "core_cm0.h": No such file or directory
  #include "core_cm0.h"                               /*!< Cortex-M0 processor and core peripherals                              */
..\..\..\..\..\..\components\drivers_nrf\uart\nrf_drv_uart.c: 0 warnings, 1 error
compiling app_button.c...
C:\Keil_v5\ARM\PACK\NordicSemiconductor\nRF_DeviceFamilyPack\8.11.1\Device\Include\nrf51.h(119): error:  #5: cannot open source input file "core_cm0.h": No such file or directory
  #include "core_cm0.h"                               /*!< Cortex-M0 processor and core peripherals                              */
..\..\..\..\..\..\components\libraries\button\app_button.c: 0 warnings, 1 error
compiling app_error.c...
C:\Keil_v5\ARM\PACK\NordicSemiconductor\nRF_DeviceFamilyPack\8.11.1\Device\Include\nrf51.h(119): error:  #5: cannot open source input file "core_cm0.h": No such file or directory
  #include "core_cm0.h"                               /*!< Cortex-M0 processor and core peripherals                              */
..\..\..\..\..\..\components\libraries\util\app_error.c: 0 warnings, 1 error
compiling app_error_weak.c...
C:\Keil_v5\ARM\PACK\NordicSemiconductor\nRF_DeviceFamilyPack\8.11.1\Device\Include\nrf51.h(119): error:  #5: cannot open source input file "core_cm0.h": No such file or directory
  #include "core_cm0.h"                               /*!< Cortex-M0 processor and core peripherals                              */
..\..\..\..\..\..\components\libraries\util\app_error_weak.c: 0 warnings, 1 error
compiling app_timer.c...
C:\Keil_v5\ARM\PACK\NordicSemiconductor\nRF_DeviceFamilyPack\8.11.1\Device\Include\nrf51.h(119): error:  #5: cannot open source input file "core_cm0.h": No such file or directory
  #include "core_cm0.h"                               /*!< Cortex-M0 processor and core peripherals                              */
..\..\..\..\..\..\components\libraries\timer\app_timer.c: 0 warnings, 1 error
compiling app_util_platform.c...
C:\Keil_v5\ARM\PACK\NordicSemiconductor\nRF_DeviceFamilyPack\8.11.1\Device\Include\nrf51.h(119): error:  #5: cannot open source input file "core_cm0.h": No such file or directory
  #include "core_cm0.h"                               /*!< Cortex-M0 processor and core peripherals                              */
..\..\..\..\..\..\components\libraries\util\app_util_platform.c: 0 warnings, 1 error
compiling crc16.c...
C:\Keil_v5\ARM\PACK\NordicSemiconductor\nRF_DeviceFamilyPack\8.11.1\Device\Include\nrf51.h(119): error:  #5: cannot open source input file "core_cm0.h": No such file or directory
  #include "core_cm0.h"                               /*!< Cortex-M0 processor and core peripherals                              */
..\..\..\..\..\..\components\libraries\crc16\crc16.c: 0 warnings, 1 error
compiling fds.c...
C:\Keil_v5\ARM\PACK\NordicSemiconductor\nRF_DeviceFamilyPack\8.11.1\Device\Include\nrf51.h(119): error:  #5: cannot open source input file "core_cm0.h": No such file or directory
  #include "core_cm0.h"                               /*!< Cortex-M0 processor and core peripherals                              */
..\..\..\..\..\..\components\libraries\fds\fds.c: 0 warnings, 1 error
compiling fstorage.c...
C:\Keil_v5\ARM\PACK\NordicSemiconductor\nRF_DeviceFamilyPack\8.11.1\Device\Include\nrf51.h(119): error:  #5: cannot open source input file "core_cm0.h": No such file or directory
  #include "core_cm0.h"                               /*!< Cortex-M0 processor and core peripherals                              */
..\..\..\..\..\..\components\libraries\fstorage\fstorage.c: 0 warnings, 1 error
compiling hardfault_implementation.c...
C:\Keil_v5\ARM\PACK\NordicSemiconductor\nRF_DeviceFamilyPack\8.11.1\Device\Include\nrf51.h(119): error:  #5: cannot open source input file "core_cm0.h": No such file or directory
  #include "core_cm0.h"                               /*!< Cortex-M0 processor and core peripherals                              */
..\..\..\..\..\..\components\libraries\hardfault\hardfault_implementation.c: 0 warnings, 1 error
compiling nrf_assert.c...
C:\Keil_v5\ARM\PACK\NordicSemiconductor\nRF_DeviceFamilyPack\8.11.1\Device\Include\nrf51.h(119): error:  #5: cannot open source input file "core_cm0.h": No such file or directory
  #include "core_cm0.h"                               /*!< Cortex-M0 processor and core peripherals                              */
..\..\..\..\..\..\components\libraries\util\nrf_assert.c: 0 warnings, 1 error
compiling sdk_errors.c...
compiling sdk_mapped_flags.c...
C:\Keil_v5\ARM\PACK\NordicSemiconductor\nRF_DeviceFamilyPack\8.11.1\Device\Include\nrf51.h(119): error:  #5: cannot open source input file "core_cm0.h": No such file or directory
  #include "core_cm0.h"                               /*!< Cortex-M0 processor and core peripherals                              */
..\..\..\..\..\..\components\libraries\util\sdk_mapped_flags.c: 0 warnings, 1 error
compiling sensorsim.c...
compiling nrf_log_backend_serial.c...
C:\Keil_v5\ARM\PACK\NordicSemiconductor\nRF_DeviceFamilyPack\8.11.1\Device\Include\nrf51.h(119): error:  #5: cannot open source input file "core_cm0.h": No such file or directory
  #include "core_cm0.h"                               /*!< Cortex-M0 processor and core peripherals                              */
..\..\..\..\..\..\components\libraries\log\src\nrf_log_backend_serial.c: 0 warnings, 1 error
compiling nrf_log_frontend.c...
C:\Keil_v5\ARM\PACK\NordicSemiconductor\nRF_DeviceFamilyPack\8.11.1\Device\Include\nrf51.h(119): error:  #5: cannot open source input file "core_cm0.h": No such file or directory
  #include "core_cm0.h"                               /*!< Cortex-M0 processor and core peripherals                              */
..\..\..\..\..\..\components\libraries\log\src\nrf_log_frontend.c: 0 warnings, 1 error
compiling RTT_Syscalls_KEIL.c...
compiling SEGGER_RTT.c...
C:\Keil_v5\ARM\PACK\NordicSemiconductor\nRF_DeviceFamilyPack\8.11.1\Device\Include\nrf51.h(119): error:  #5: cannot open source input file "core_cm0.h": No such file or directory
  #include "core_cm0.h"                               /*!< Cortex-M0 processor and core peripherals                              */
..\..\..\..\..\..\external\segger_rtt\SEGGER_RTT.c: 0 warnings, 1 error
compiling SEGGER_RTT_printf.c...
compiling softdevice_handler.c...
C:\Keil_v5\ARM\PACK\NordicSemiconductor\nRF_DeviceFamilyPack\8.11.1\Device\Include\nrf51.h(119): error:  #5: cannot open source input file "core_cm0.h": No such file or directory
  #include "core_cm0.h"                               /*!< Cortex-M0 processor and core peripherals                              */
..\..\..\..\..\..\components\softdevice\common\softdevice_handler\softdevice_handler.c: 0 warnings, 1 error
".\_build\nrf51422_xxac.axf" - 41 Error(s), 0 Warning(s).

<h2>Collection of Component include folders:</h2>
  D:\development\nordic_ble\src_code\nrf51_sdk_v12_3_0\nRF5_SDK_12.3.0_d7731ad\examples\ble_peripheral\ble_app_smart_locker\JJDK_ZG_ZK\s130\arm5_no_packs\RTE
  C:\Keil_v5\ARM\PACK\NordicSemiconductor\nRF_DeviceFamilyPack\8.11.1\Device\Include

<h2>Collection of Component Files used:</h2>
Target not created.
