<html>
<body>
<pre>
<h1>µVision Build Log</h1>
<h2>Tool Versions:</h2>
IDE-Version: ¦ÌVision V5.12.0.0
Copyright (C) 2014 ARM Ltd and ARM Germany GmbH. All rights reserved.
License Information: wkx wkx, 11, LIC=D0D74-FPRJP-CXQU6-DS1TI-W1ZVQ-9PP0M
 
Tool Versions:
Toolchain:       MDK-ARM Standard  Version: 5.12.0.0
Toolchain Path:  C:\Keil_v5\ARM\ARMCC\Bin
C Compiler:      Armcc.exe V5.05 (build 41)
Assembler:       Armasm.exe V5.05 (build 41)
Linker/Locator:  ArmLink.exe V5.05 (build 41)
Library Manager: ArmAr.exe V5.05 (build 41)
Hex Converter:   FromElf.exe V5.05 (build 41)
CPU DLL:         SARMCM3.DLL V5.12.0.0
Dialog DLL:      DARMCM1.DLL V1.11.00.0
    Target DLL: Segger\JL2CM3.dll
Dialog DLL:      TARMCM1.DLL V1.08.00.0
 
<h2>Project:</h2>
D:\development\nordic_ble\src_code\nrf51_sdk_v12_3_0\nRF5_SDK_12.3.0_d7731ad\examples\ble_peripheral\ble_app_smart_locker\JJDK_ZG_ZK\s130\arm5_no_packs\ble_app_smart_locker_jjdk_zg_zk_s130v2.uvprojx
Project File Date:  05/24/2017

<h2>Output:</h2>
Build target 'nrf51822_xxaa_smart_locker_s130v2_debug'
compiling main.c...
compiling boards.c...
compiling bsp.c...
compiling bsp_btn_switch.c...
compiling ble_advdata.c...
compiling ble_advertising.c...
..\..\..\..\..\..\components\ble\ble_advertising\ble_advertising.c(140): warning:  #177-D: function "adv_mode_next_get" was declared but never referenced
  static ble_adv_mode_t adv_mode_next_get(ble_adv_mode_t adv_mode)
..\..\..\..\..\..\components\ble\ble_advertising\ble_advertising.c: 1 warning, 0 errors
compiling ble_conn_params.c...
compiling ble_conn_state.c...
compiling ble_srv_common.c...
compiling gatt_cache_manager.c...
compiling gatts_cache_manager.c...
compiling id_manager.c...
compiling peer_data.c...
compiling peer_data_storage.c...
compiling peer_database.c...
compiling peer_id.c...
compiling peer_manager.c...
compiling pm_buffer.c...
compiling pm_mutex.c...
compiling security_dispatcher.c...
compiling security_manager.c...
compiling nrf_drv_clock.c...
compiling nrf_drv_common.c...
compiling nrf_drv_gpiote.c...
compiling nrf_drv_uart.c...
compiling app_button.c...
compiling app_error.c...
compiling app_error_weak.c...
compiling app_timer.c...
compiling app_util_platform.c...
compiling crc16.c...
compiling fds.c...
compiling fstorage.c...
compiling hardfault_implementation.c...
compiling nrf_assert.c...
compiling sdk_errors.c...
compiling nrf_log_backend_serial.c...
compiling nrf_log_frontend.c...
compiling SEGGER_RTT.c...
compiling softdevice_handler.c...
compiling ble_sls.c...
compiling ble_dis.c...
linking...
Program Size: Code=49956 RO-data=1796 RW-data=448 ZI-data=6576  
FromELF: creating hex file...
".\DEBUG\nrf51822_xxaa_smart_locker.axf" - 0 Error(s), 1 Warning(s).

<h2>Software Packages used:</h2>

Package Vendor: ARM
                http://www.keil.com/pack/ARM.CMSIS.4.2.0.pack
                ARM::CMSIS:CORE:3.40.0
                CMSIS (Cortex Microcontroller Software Interface Standard)
   * Component: CORE Version: 3.40.0

Package Vendor: NordicSemiconductor
                http://developer.nordicsemi.com/nRF5_SDK/pieces/nRF_DeviceFamilyPack/NordicSemiconductor.nRF_DeviceFamilyPack.8.11.1.pack
                NordicSemiconductor::Device:Startup:8.11.1
                Nordic Semiconductor nRF ARM devices Device Family Pack.
   * Component: Startup Version: 8.11.1

<h2>Collection of Component include folders:</h2>
  D:\development\nordic_ble\src_code\nrf51_sdk_v12_3_0\nRF5_SDK_12.3.0_d7731ad\examples\ble_peripheral\ble_app_smart_locker\JJDK_ZG_ZK\s130\arm5_no_packs\RTE
  C:\Keil_v5\ARM\PACK\ARM\CMSIS\4.2.0\CMSIS\Include
  C:\Keil_v5\ARM\PACK\NordicSemiconductor\nRF_DeviceFamilyPack\8.11.1\Device\Include

<h2>Collection of Component Files used:</h2>

   * Component: ARM::CMSIS:CORE:3.40.0
      Source file:   CMSIS\UserCodeTemplates\ARM\ITM_Retarget.c

   * Component: NordicSemiconductor::Device:Startup:8.11.1
      Source file:   Device\Source\system_nrf51.c
      Source file:   Device\Source\arm\arm_startup_nrf51.s
      Include file:  Device\Include\system_nrf51.h
Load "D:\\development\\nordic_ble\\src_code\\nrf51_sdk_v12_3_0\\nRF5_SDK_12.3.0_d7731ad\\examples\\ble_peripheral\\ble_app_smart_locker\\JJDK_ZG_ZK\\s130\\arm5_no_packs\\DEBUG\\nrf51822_xxaa_smart_locker.axf" 
Set JLink Project File to "D:\development\nordic_ble\src_code\nrf51_sdk_v12_3_0\nRF5_SDK_12.3.0_d7731ad\examples\ble_peripheral\ble_app_smart_locker\JJDK_ZG_ZK\s130\arm5_no_packs\JLinkSettings.ini"
* JLink Info: Device "NRF51822_XXAA" selected.
 
JLink info:
------------
DLL: V5.12f, compiled May 17 2016 16:03:35
Firmware: J-Link ARM-OB STM32 compiled Aug 22 2012 19:52:04
Hardware: V7.00
S/N : 20090928 
Feature(s) : RDI,FlashDL,FlashBP,JFlash,GDBFull 
 
* JLink Info: Found SWD-DP with ID 0x0BB11477
* JLink Info: Found Cortex-M0 r0p0, Little endian.
* JLink Info: FPUnit: 4 code (BP) slots and 0 literal slots
* JLink Info: CoreSight components:
* JLink Info: ROMTbl 0 @ F0000000
* JLink Info: ROMTbl 0 [0]: F00FF000, CID: B105100D, PID: 000BB471 ROM Table
* JLink Info: ROMTbl 1 @ E00FF000
* JLink Info: ROMTbl 1 [0]: FFF0F000, CID: B105E00D, PID: 000BB008 SCS
* JLink Info: ROMTbl 1 [1]: FFF02000, CID: B105E00D, PID: 000BB00A DWT
* JLink Info: ROMTbl 1 [2]: FFF03000, CID: B105E00D, PID: 000BB00B FPB
* JLink Info: ROMTbl 0 [1]: 00002000, CID: B105900D, PID: 000BB9A3 ???
ROMTableAddr = 0xE00FF003
 
Target info:
------------
Device: nRF51822_xxAA
VTarget = 3.300V
State of Pins: 
TCK: 0, TDI: 0, TDO: 1, TMS: 0, TRES: 1, TRST: 1
Hardware-Breakpoints: 4
Software-Breakpoints: 8192
Watchpoints:          2
JTAG speed: 2000 kHz
 
Erase Done.
Programming Done.
Verify OK.
Application running ...
</pre>
</body>
</html>
00FF003
 
Target info:
------------
Device: nRF51822_xxAA
VTarget = 3.300V
State of Pins: 
TCK: 0, TDI: 0, TDO: 1, TMS: 0, TRES: 1, TRST: 1
Hardware-Breakpoints: 4
Software-Breakpoints: 8192
Watchpoints:          2
JTAG speed: 2000 kHz
 
Erase Done.
Programming Done.
Verify OK.
Application running ...
error:  #167: argument of type "const uint8_t *" is incompatible with parameter of type "uint32_t"
        NRF_LOG_INFO("err_id:%8d pc:%8d err_info->err_code:%8d err_info->line_num:%4d err_info->file_name:%d\r\n",
..\..\..\main.c: 0 warnings, 1 error
"..\..\..\main.c" - 1 Error(s), 0 Warning(s).
