Component: ARM Compiler 5.05 (build 41) Tool: armlink [4d0eb9]

==============================================================================

Section Cross References

    main.o(i.advertising_init) refers to memseta.o(.text) for __aeabi_memclr4
    main.o(i.advertising_init) refers to ble_advertising.o(i.ble_advertising_init) for ble_advertising_init
    main.o(i.advertising_init) refers to app_error.o(i.app_error_handler) for app_error_handler
    main.o(i.advertising_init) refers to main.o(.data) for m_adv_uuids
    main.o(i.advertising_init) refers to main.o(i.on_adv_evt) for on_adv_evt
    main.o(i.advertising_start) refers to ble_advertising.o(i.ble_advertising_start) for ble_advertising_start
    main.o(i.advertising_start) refers to app_error.o(i.app_error_handler) for app_error_handler
    main.o(i.app_error_fault_handler) refers to nrf_log_frontend.o(i.nrf_log_frontend_std_0) for nrf_log_frontend_std_0
    main.o(i.app_error_fault_handler) refers to nrf_log_frontend.o(i.nrf_log_frontend_std_5) for nrf_log_frontend_std_5
    main.o(i.app_error_fault_handler) refers to main.o(.conststring) for .conststring
    main.o(i.assert_nrf_callback) refers to app_error.o(i.app_error_handler) for app_error_handler
    main.o(i.ble_evt_dispatch) refers to ble_conn_state.o(i.ble_conn_state_on_ble_evt) for ble_conn_state_on_ble_evt
    main.o(i.ble_evt_dispatch) refers to peer_manager.o(i.pm_on_ble_evt) for pm_on_ble_evt
    main.o(i.ble_evt_dispatch) refers to ble_conn_params.o(i.ble_conn_params_on_ble_evt) for ble_conn_params_on_ble_evt
    main.o(i.ble_evt_dispatch) refers to main.o(i.on_ble_evt) for on_ble_evt
    main.o(i.ble_evt_dispatch) refers to ble_advertising.o(i.ble_advertising_on_ble_evt) for ble_advertising_on_ble_evt
    main.o(i.ble_evt_dispatch) refers to ble_sls.o(i.ble_sls_on_ble_evt) for ble_sls_on_ble_evt
    main.o(i.ble_evt_dispatch) refers to main.o(.bss) for m_sls
    main.o(i.ble_stack_init) refers to softdevice_handler.o(i.softdevice_handler_init) for softdevice_handler_init
    main.o(i.ble_stack_init) refers to app_error.o(i.app_error_handler) for app_error_handler
    main.o(i.ble_stack_init) refers to softdevice_handler.o(i.softdevice_enable_get_default_config) for softdevice_enable_get_default_config
    main.o(i.ble_stack_init) refers to softdevice_handler.o(i.softdevice_enable) for softdevice_enable
    main.o(i.ble_stack_init) refers to softdevice_handler.o(i.softdevice_ble_evt_handler_set) for softdevice_ble_evt_handler_set
    main.o(i.ble_stack_init) refers to softdevice_handler.o(i.softdevice_sys_evt_handler_set) for softdevice_sys_evt_handler_set
    main.o(i.ble_stack_init) refers to main.o(.constdata) for .constdata
    main.o(i.ble_stack_init) refers to main.o(.bss) for BLE_EVT_BUFFER
    main.o(i.ble_stack_init) refers to main.o(i.ble_evt_dispatch) for ble_evt_dispatch
    main.o(i.ble_stack_init) refers to main.o(i.sys_evt_dispatch) for sys_evt_dispatch
    main.o(i.bsp_event_handler) refers to main.o(i.sleep_mode_enter) for sleep_mode_enter
    main.o(i.bsp_event_handler) refers to app_error.o(i.app_error_handler) for app_error_handler
    main.o(i.bsp_event_handler) refers to ble_advertising.o(i.ble_advertising_restart_without_whitelist) for ble_advertising_restart_without_whitelist
    main.o(i.bsp_event_handler) refers to bsp_btn_switch.o(i.bsp_btn_switch_event_handler) for bsp_btn_switch_event_handler
    main.o(i.bsp_event_handler) refers to main.o(.data) for m_conn_handle
    main.o(i.buttons_switchs_leds_init) refers to bsp.o(i.bsp_init) for bsp_init
    main.o(i.buttons_switchs_leds_init) refers to app_error.o(i.app_error_handler) for app_error_handler
    main.o(i.buttons_switchs_leds_init) refers to bsp_btn_switch.o(i.bsp_btn_switch_init) for bsp_btn_switch_init
    main.o(i.buttons_switchs_leds_init) refers to main.o(i.bsp_event_handler) for bsp_event_handler
    main.o(i.conn_params_error_handler) refers to app_error.o(i.app_error_handler) for app_error_handler
    main.o(i.conn_params_init) refers to memseta.o(.text) for __aeabi_memclr4
    main.o(i.conn_params_init) refers to ble_conn_params.o(i.ble_conn_params_init) for ble_conn_params_init
    main.o(i.conn_params_init) refers to app_error.o(i.app_error_handler) for app_error_handler
    main.o(i.conn_params_init) refers to main.o(i.on_conn_params_evt) for on_conn_params_evt
    main.o(i.conn_params_init) refers to main.o(i.conn_params_error_handler) for conn_params_error_handler
    main.o(i.gap_params_init) refers to app_error.o(i.app_error_handler) for app_error_handler
    main.o(i.main) refers to nrf_log_frontend.o(i.nrf_log_init) for nrf_log_init
    main.o(i.main) refers to app_error.o(i.app_error_handler) for app_error_handler
    main.o(i.main) refers to main.o(i.timers_init) for timers_init
    main.o(i.main) refers to main.o(i.buttons_switchs_leds_init) for buttons_switchs_leds_init
    main.o(i.main) refers to main.o(i.ble_stack_init) for ble_stack_init
[...]
    ble_dis_init                             0x0001d061   Thumb Code   386  ble_dis.o(i.ble_dis_init)
    ble_sls_init                             0x0001d245   Thumb Code   180  ble_sls.o(i.ble_sls_init)
    ble_sls_on_ble_evt                       0x0001d2f9   Thumb Code    82  ble_sls.o(i.ble_sls_on_ble_evt)
    ble_srv_is_notification_enabled          0x0001d3c5   Thumb Code    18  ble_srv_common.o(i.ble_srv_is_notification_enabled)
    bsp_board_button_state_get               0x0001d4c1   Thumb Code    48  boards.o(i.bsp_board_button_state_get)
    bsp_board_led_invert                     0x0001d4f5   Thumb Code    14  boards.o(i.bsp_board_led_invert)
    bsp_board_led_off                        0x0001d509   Thumb Code    16  boards.o(i.bsp_board_led_off)
    bsp_board_led_on                         0x0001d51d   Thumb Code    16  boards.o(i.bsp_board_led_on)
    bsp_board_led_state_get                  0x0001d531   Thumb Code    34  boards.o(i.bsp_board_led_state_get)
    bsp_board_leds_init                      0x0001d559   Thumb Code    26  boards.o(i.bsp_board_leds_init)
    bsp_board_leds_off                       0x0001d579   Thumb Code    20  boards.o(i.bsp_board_leds_off)
    bsp_board_leds_on                        0x0001d58d   Thumb Code    20  boards.o(i.bsp_board_leds_on)
    bsp_board_pin_to_button_idx              0x0001d5a1   Thumb Code    32  boards.o(i.bsp_board_pin_to_button_idx)
    bsp_board_switch_off                     0x0001d5c5   Thumb Code    16  boards.o(i.bsp_board_switch_off)
    bsp_board_switch_on                      0x0001d5d9   Thumb Code    16  boards.o(i.bsp_board_switch_on)
    bsp_board_switchs_init                   0x0001d5ed   Thumb Code    26  boards.o(i.bsp_board_switchs_init)
    bsp_board_switchs_off                    0x0001d60d   Thumb Code    20  boards.o(i.bsp_board_switchs_off)
    bsp_btn_switch_event_handler             0x0001d621   Thumb Code   134  bsp_btn_switch.o(i.bsp_btn_switch_event_handler)
    bsp_btn_switch_init                      0x0001d819   Thumb Code    48  bsp_btn_switch.o(i.bsp_btn_switch_init)
    bsp_cb_on_elec_lock_cmd_write            0x0001d929   Thumb Code    56  bsp_btn_switch.o(i.bsp_cb_on_elec_lock_cmd_write)
    bsp_cb_on_fan_negative_ion_cmd_write     0x0001d9cd   Thumb Code    78  bsp_btn_switch.o(i.bsp_cb_on_fan_negative_ion_cmd_write)
    bsp_cb_on_uv_lamp_cmd_write              0x0001dac1   Thumb Code    78  bsp_btn_switch.o(i.bsp_cb_on_uv_lamp_cmd_write)
    bsp_event_to_button_action_assign        0x0001dccd   Thumb Code    88  bsp.o(i.bsp_event_to_button_action_assign)
    bsp_indication_set                       0x0001dd29   Thumb Code    30  bsp.o(i.bsp_indication_set)
    bsp_init                                 0x0001dd4d   Thumb Code   236  bsp.o(i.bsp_init)
    buffer_is_empty                          0x0001e509   Thumb Code    20  nrf_log_frontend.o(i.buffer_is_empty)
    chunk_queue_next                         0x0001e849   Thumb Code    26  fds.o(i.chunk_queue_next)
    fds_file_delete                          0x0001f609   Thumb Code    70  fds.o(i.fds_file_delete)
    fds_gc                                   0x0001f655   Thumb Code    66  fds.o(i.fds_gc)
    fds_init                                 0x0001f69d   Thumb Code   178  fds.o(i.fds_init)
    fds_record_close                         0x0001f751   Thumb Code    90  fds.o(i.fds_record_close)
    fds_record_find                          0x0001f7b1   Thumb Code    22  fds.o(i.fds_record_find)
    fds_record_find_by_key                   0x0001f7c7   Thumb Code    20  fds.o(i.fds_record_find_by_key)
    fds_record_find_in_file                  0x0001f7db   Thumb Code    20  fds.o(i.fds_record_find_in_file)
    fds_record_id_from_desc                  0x0001f7ef   Thumb Code    22  fds.o(i.fds_record_id_from_desc)
    fds_record_open                          0x0001f805   Thumb Code    80  fds.o(i.fds_record_open)
    fds_record_update                        0x0001f859   Thumb Code    28  fds.o(i.fds_record_update)
    fds_record_write                         0x0001f875   Thumb Code    20  fds.o(i.fds_record_write)
    fds_record_write_reserved                0x0001f889   Thumb Code    30  fds.o(i.fds_record_write_reserved)
    fds_register                             0x0001f8a9   Thumb Code    38  fds.o(i.fds_register)
    fds_reserve                              0x0001f8d9   Thumb Code    54  fds.o(i.fds_reserve)
    fds_reserve_cancel                       0x0001f911   Thumb Code    78  fds.o(i.fds_reserve_cancel)
    fs_erase                                 0x0001fb09   Thumb Code   136  fstorage.o(i.fs_erase)
    fs_init                                  0x0001fbc1   Thumb Code   182  fstorage.o(i.fs_init)
    fs_queued_op_count_get                   0x0001fc85   Thumb Code    20  fstorage.o(i.fs_queued_op_count_get)
    fs_store                                 0x0001fc9d   Thumb Code   150  fstorage.o(i.fs_store)
    fs_sys_event_handler                     0x0001fd39   Thumb Code   104  fstorage.o(i.fs_sys_event_handler)
    gcm_ble_evt_handler                      0x00020139   Thumb Code   112  gatt_cache_manager.o(i.gcm_ble_evt_handler)
    gcm_gscm_evt_handler                     0x000201ad   Thumb Code   112  gatt_cache_manager.o(i.gcm_gscm_evt_handler)
    gcm_im_evt_handler                       0x00020225   Thumb Code    46  gatt_cache_manager.o(i.gcm_im_evt_handler)
    gcm_init                                 0x00020259   Thumb Code    84  gatt_cache_manager.o(i.gcm_init)
    gcm_local_database_has_changed           0x000202c1   Thumb Code    68  gatt_cache_manager.o(i.gcm_local_database_has_changed)
    gcm_smd_evt_handler                      0x0002030d   Thumb Code    24  gatt_cache_manager.o(i.gcm_smd_evt_handler)
    get_connection_by_conn_handle            0x00020325   Thumb Code    50  id_manager.o(i.get_connection_by_conn_handle)
    get_free_connection                      0x00020361   Thumb Code    42  id_manager.o(i.get_free_connection)
    gscm_db_change_notification_done         0x00020401   Thumb Code    24  gatts_cache_manager.o(i.gscm_db_change_notification_done)
    gscm_init                                0x0002041d   Thumb Code    16  gatts_cache_manager.o(i.gscm_init)
    gscm_local_database_has_changed          0x00020431   Thumb Code    18  gatts_cache_manager.o(i.gscm_local_database_has_changed)
    gscm_local_db_cache_apply                0x0002044d   Thumb Code   150  gatts_cache_manager.o(i.gscm_local_db_cache_apply)
    gscm_local_db_cache_update               0x000204e9   Thumb Code   152  gatts_cache_manager.o(i.gscm_local_db_cache_update)
    gscm_pdb_evt_handler                     0x00020589   Thumb Code    74  gatts_cache_manager.o(i.gscm_pdb_evt_handler)
    gscm_service_changed_ind_needed          0x000205dd   Thumb Code    38  gatts_cache_manager.o(i.gscm_service_changed_ind_needed)
    gscm_service_changed_ind_send            0x00020605   Thumb Code    46  gatts_cache_manager.o(i.gscm_service_changed_ind_send)
    im_address_resolve                       0x0002065d   Thumb Code    68  id_manager.o(i.im_address_resolve)
    im_ble_addr_get                          0x000206a1   Thumb Code    44  id_manager.o(i.im_ble_addr_get)
    im_ble_evt_handler                       0x000206d1   Thumb Code   198  id_manager.o(i.im_ble_evt_handler)
    im_conn_handle_get                       0x0002079d   Thumb Code    38  id_manager.o(i.im_conn_handle_get)
    im_init                                  0x000207cd   Thumb Code    50  id_manager.o(i.im_init)
    im_is_duplicate_bonding_data             0x0002080d   Thumb Code    70  id_manager.o(i.im_is_duplicate_bonding_data)
    im_master_id_is_valid                    0x00020853   Thumb Code    38  id_manager.o(i.im_master_id_is_valid)
    im_master_ids_compare                    0x00020879   Thumb Code    52  id_manager.o(i.im_master_ids_compare)
    im_new_peer_id                           0x000208ad   Thumb Code    16  id_manager.o(i.im_new_peer_id)
    im_pdb_evt_handler                       0x000208bd   Thumb Code   122  id_manager.o(i.im_pdb_evt_handler)
    im_peer_free                             0x00020939   Thumb Code    42  id_manager.o(i.im_peer_free)
    im_peer_id_get_by_conn_handle            0x00020969   Thumb Code    30  id_manager.o(i.im_peer_id_get_by_conn_handle)
    im_peer_id_get_by_master_id              0x00020991   Thumb Code    66  id_manager.o(i.im_peer_id_get_by_master_id)
    intern_softdevice_events_execute         0x00020ae5   Thumb Code   188  softdevice_handler.o(i.intern_softdevice_events_execute)
    is_valid_irk                             0x00020d81   Thumb Code    26  id_manager.o(i.is_valid_irk)
    main                                     0x000214b5   Thumb Code   150  main.o(i.main)
    new_connection                           0x000216f1   Thumb Code    94  id_manager.o(i.new_connection)
    next_id_get                              0x0002175d   Thumb Code    50  peer_id.o(i.next_id_get)
    nrf_drv_clock_init                       0x00021819   Thumb Code   100  nrf_drv_clock.o(i.nrf_drv_clock_init)
    nrf_drv_clock_on_sd_enable               0x00021889   Thumb Code    48  nrf_drv_clock.o(i.nrf_drv_clock_on_sd_enable)
    nrf_drv_clock_on_soc_event               0x000218bd   Thumb Code    14  nrf_drv_clock.o(i.nrf_drv_clock_on_soc_event)
    nrf_drv_common_irq_enable                0x000218cd   Thumb Code    48  nrf_drv_common.o(i.nrf_drv_common_irq_enable)
    nrf_drv_gpiote_in_event_enable           0x00021911   Thumb Code   178  nrf_drv_gpiote.o(i.nrf_drv_gpiote_in_event_enable)
    nrf_drv_gpiote_in_init                   0x000219cd   Thumb Code   252  nrf_drv_gpiote.o(i.nrf_drv_gpiote_in_init)
    nrf_drv_gpiote_in_is_set                 0x00021b0d   Thumb Code    22  nrf_drv_gpiote.o(i.nrf_drv_gpiote_in_is_set)
    nrf_drv_gpiote_init                      0x00021b25   Thumb Code   120  nrf_drv_gpiote.o(i.nrf_drv_gpiote_init)
    nrf_drv_gpiote_is_init                   0x00021c11   Thumb Code    16  nrf_drv_gpiote.o(i.nrf_drv_gpiote_is_init)
    nrf_drv_uart_init                        0x00021c25   Thumb Code   144  nrf_drv_uart.o(i.nrf_drv_uart_init)
    nrf_drv_uart_tx                          0x00021cbd   Thumb Code    52  nrf_drv_uart.o(i.nrf_drv_uart_tx)
    nrf_drv_uart_tx_in_progress              0x00021d8d   Thumb Code    26  nrf_drv_uart.o(i.nrf_drv_uart_tx_in_progress)
    nrf_drv_uart_uninit                      0x00021dad   Thumb Code    92  nrf_drv_uart.o(i.nrf_drv_uart_uninit)
    nrf_log_backend_hexdump_handler_get      0x00022061   Thumb Code     4  nrf_log_backend_serial.o(i.nrf_log_backend_hexdump_handler_get)
    nrf_log_backend_init                     0x00022069   Thumb Code   118  nrf_log_backend_serial.o(i.nrf_log_backend_init)
    nrf_log_backend_std_handler_get          0x00022415   Thumb Code     4  nrf_log_backend_serial.o(i.nrf_log_backend_std_handler_get)
    nrf_log_frontend_dequeue                 0x0002241d   Thumb Code   506  nrf_log_frontend.o(i.nrf_log_frontend_dequeue)
    nrf_log_frontend_init                    0x00022625   Thumb Code    30  nrf_log_frontend.o(i.nrf_log_frontend_init)
    nrf_log_frontend_std_0                   0x00022649   Thumb Code   124  nrf_log_frontend.o(i.nrf_log_frontend_std_0)
    nrf_log_frontend_std_1                   0x000226cd   Thumb Code   142  nrf_log_frontend.o(i.nrf_log_frontend_std_1)
    nrf_log_frontend_std_2                   0x00022765   Thumb Code   164  nrf_log_frontend.o(i.nrf_log_frontend_std_2)
    nrf_log_frontend_std_3                   0x00022811   Thumb Code   182  nrf_log_frontend.o(i.nrf_log_frontend_std_3)
    nrf_log_frontend_std_5                   0x000228d1   Thumb Code   218  nrf_log_frontend.o(i.nrf_log_frontend_std_5)
    nrf_log_handlers_set                     0x000229b5   Thumb Code     8  nrf_log_frontend.o(i.nrf_log_handlers_set)
    nrf_log_init                             0x000229c1   Thumb Code    42  nrf_log_frontend.o(i.nrf_log_init)
    pdb_init                                 0x00023441   Thumb Code    54  peer_database.o(i.pdb_init)
    pdb_next_deleted_peer_id_get             0x00023489   Thumb Code    12  peer_database.o(i.pdb_next_deleted_peer_id_get)
    pdb_next_peer_id_get                     0x00023495   Thumb Code    12  peer_database.o(i.pdb_next_peer_id_get)
    pdb_pds_evt_handler                      0x000234a1   Thumb Code   434  peer_database.o(i.pdb_pds_evt_handler)
    pdb_peer_allocate                        0x0002365d   Thumb Code     8  peer_database.o(i.pdb_peer_allocate)
    pdb_peer_data_ptr_get                    0x00023665   Thumb Code    22  peer_database.o(i.pdb_peer_data_ptr_get)
    pdb_peer_free                            0x0002367b   Thumb Code    94  peer_database.o(i.pdb_peer_free)
    pdb_raw_store                            0x000236d9   Thumb Code    22  peer_database.o(i.pdb_raw_store)
    pdb_write_buf_get                        0x000236f1   Thumb Code   324  peer_database.o(i.pdb_write_buf_get)
    pdb_write_buf_release                    0x00023839   Thumb Code    56  peer_database.o(i.pdb_write_buf_release)
    pdb_write_buf_store                      0x00023871   Thumb Code   262  peer_database.o(i.pdb_write_buf_store)
    pdb_write_buf_store_prepare              0x00023981   Thumb Code   120  peer_database.o(i.pdb_write_buf_store_prepare)
    pds_init                                 0x00023a1d   Thumb Code    50  peer_data_storage.o(i.pds_init)
    pds_next_deleted_peer_id_get             0x00023a59   Thumb Code    12  peer_data_storage.o(i.pds_next_deleted_peer_id_get)
    pds_next_peer_id_get                     0x00023a65   Thumb Code    12  peer_data_storage.o(i.pds_next_peer_id_get)
    pds_peer_data_iterate                    0x00023a71   Thumb Code    88  peer_data_storage.o(i.pds_peer_data_iterate)
    pds_peer_data_iterate_prepare            0x00023acd   Thumb Code    10  peer_data_storage.o(i.pds_peer_data_iterate_prepare)
    pds_peer_data_read                       0x00023add   Thumb Code   140  peer_data_storage.o(i.pds_peer_data_read)
    pds_peer_data_store                      0x00023b69   Thumb Code   202  peer_data_storage.o(i.pds_peer_data_store)
    pds_peer_id_allocate                     0x00023c35   Thumb Code    10  peer_data_storage.o(i.pds_peer_id_allocate)
    pds_peer_id_free                         0x00023c45   Thumb Code    30  peer_data_storage.o(i.pds_peer_id_free)
    pds_peer_id_is_allocated                 0x00023c63   Thumb Code    12  peer_data_storage.o(i.pds_peer_id_is_allocated)
    pds_space_reserve                        0x00023c6f   Thumb Code    64  peer_data_storage.o(i.pds_space_reserve)
    pds_space_reserve_cancel                 0x00023caf   Thumb Code    22  peer_data_storage.o(i.pds_space_reserve_cancel)
    peer_id_allocate                         0x00023e01   Thumb Code    14  peer_id.o(i.peer_id_allocate)
    peer_id_delete                           0x00023e15   Thumb Code    36  peer_id.o(i.peer_id_delete)
    peer_id_free                             0x00023e41   Thumb Code    24  peer_id.o(i.peer_id_free)
    peer_id_get_next_deleted                 0x00023e5d   Thumb Code    14  peer_id.o(i.peer_id_get_next_deleted)
    peer_id_get_next_used                    0x00023e71   Thumb Code    50  peer_id.o(i.peer_id_get_next_used)
    peer_id_init                             0x00023ead   Thumb Code    32  peer_id.o(i.peer_id_init)
    peer_id_is_allocated                     0x00023ed1   Thumb Code    22  peer_id.o(i.peer_id_is_allocated)
    peer_id_is_deleted                       0x00023eed   Thumb Code    22  peer_id.o(i.peer_id_is_deleted)
    pm_buffer_block_acquire                  0x0002419b   Thumb Code   104  pm_buffer.o(i.pm_buffer_block_acquire)
    pm_buffer_init                           0x00024203   Thumb Code    82  pm_buffer.o(i.pm_buffer_init)
    pm_buffer_ptr_get                        0x00024255   Thumb Code    56  pm_buffer.o(i.pm_buffer_ptr_get)
    pm_buffer_release                        0x0002428d   Thumb Code    48  pm_buffer.o(i.pm_buffer_release)
    pm_conn_sec_config_reply                 0x000242bd   Thumb Code    16  peer_manager.o(i.pm_conn_sec_config_reply)
    pm_gcm_evt_handler                       0x00024429   Thumb Code   178  peer_manager.o(i.pm_gcm_evt_handler)
    pm_im_evt_handler                        0x000244dd   Thumb Code    82  peer_manager.o(i.pm_im_evt_handler)
    pm_init                                  0x00024535   Thumb Code   160  peer_manager.o(i.pm_init)
    pm_local_database_has_changed            0x000245e5   Thumb Code    24  peer_manager.o(i.pm_local_database_has_changed)
    pm_mutex_init                            0x00024601   Thumb Code    22  pm_mutex.o(i.pm_mutex_init)
    pm_mutex_lock                            0x00024617   Thumb Code    34  pm_mutex.o(i.pm_mutex_lock)
    pm_mutex_lock_first_available            0x00024639   Thumb Code    52  pm_mutex.o(i.pm_mutex_lock_first_available)
    pm_mutex_lock_status_get                 0x0002466d   Thumb Code    38  pm_mutex.o(i.pm_mutex_lock_status_get)
    pm_mutex_unlock                          0x00024693   Thumb Code    60  pm_mutex.o(i.pm_mutex_unlock)
    pm_on_ble_evt                            0x000246d1   Thumb Code    40  peer_manager.o(i.pm_on_ble_evt)
    pm_pdb_evt_handler                       0x000246fd   Thumb Code   430  peer_manager.o(i.pm_pdb_evt_handler)
    pm_peer_delete                           0x000248c1   Thumb Code    28  peer_manager.o(i.pm_peer_delete)
    pm_peers_delete                          0x000248e1   Thumb Code    70  peer_manager.o(i.pm_peers_delete)
    pm_register                              0x00024935   Thumb Code    54  peer_manager.o(i.pm_register)
    pm_sec_params_set                        0x00024979   Thumb Code    32  peer_manager.o(i.pm_sec_params_set)
    pm_sm_evt_handler                        0x0002499d   Thumb Code   422  peer_manager.o(i.pm_sm_evt_handler)
    sdk_mapped_flags_bulk_update_by_key      0x000254a1   Thumb Code    98  sdk_mapped_flags.o(i.sdk_mapped_flags_bulk_update_by_key)
    sdk_mapped_flags_first_key_index_get     0x00025505   Thumb Code    36  sdk_mapped_flags.o(i.sdk_mapped_flags_first_key_index_get)
    sdk_mapped_flags_get_by_key              0x00025541   Thumb Code    44  sdk_mapped_flags.o(i.sdk_mapped_flags_get_by_key)
    sdk_mapped_flags_key_list_get            0x0002556d   Thumb Code    70  sdk_mapped_flags.o(i.sdk_mapped_flags_key_list_get)
    sdk_mapped_flags_update_by_key           0x000255b3   Thumb Code    26  sdk_mapped_flags.o(i.sdk_mapped_flags_update_by_key)
    sm_ble_evt_handler                       0x00025d81   Thumb Code    20  security_manager.o(i.sm_ble_evt_handler)
    sm_conn_sec_config_reply                 0x00025d99   Thumb Code    32  security_manager.o(i.sm_conn_sec_config_reply)
    sm_init                                  0x00025dbd   Thumb Code    66  security_manager.o(i.sm_init)
    sm_pdb_evt_handler                       0x00025e21   Thumb Code    80  security_manager.o(i.sm_pdb_evt_handler)
    sm_sec_params_set                        0x00025e81   Thumb Code    48  security_manager.o(i.sm_sec_params_set)
    sm_smd_evt_handler                       0x00025eb9   Thumb Code   160  security_manager.o(i.sm_smd_evt_handler)
    smd_ble_evt_handler                      0x00025f61   Thumb Code    88  security_dispatcher.o(i.smd_ble_evt_handler)
    smd_init                                 0x00025fb9   Thumb Code    58  security_dispatcher.o(i.smd_init)
    smd_link_secure                          0x00026005   Thumb Code    50  security_dispatcher.o(i.smd_link_secure)
    smd_params_reply                         0x0002603d   Thumb Code   290  security_dispatcher.o(i.smd_params_reply)
    smd_pdb_evt_handler                      0x00026201   Thumb Code    48  security_dispatcher.o(i.smd_pdb_evt_handler)
    softdevice_ble_evt_handler_set           0x00026235   Thumb Code    22  softdevice_handler.o(i.softdevice_ble_evt_handler_set)
    softdevice_enable                        0x00026251   Thumb Code    86  softdevice_handler.o(i.softdevice_enable)
    softdevice_enable_get_default_config     0x00026351   Thumb Code    46  softdevice_handler.o(i.softdevice_enable_get_default_config)
    softdevice_fault_handler                 0x0002637f   Thumb Code    20  softdevice_handler.o(i.softdevice_fault_handler)
    softdevice_handler_init                  0x00026395   Thumb Code   142  softdevice_handler.o(i.softdevice_handler_init)
    softdevice_handler_is_enabled            0x0002643d   Thumb Code     6  softdevice_handler.o(i.softdevice_handler_is_enabled)
    softdevice_sys_evt_handler_set           0x00026449   Thumb Code    22  softdevice_handler.o(i.softdevice_sys_evt_handler_set)
    __ctype_table                            0x000276cc   Data         129  ctype_o.o(.constdata)
    Region$$Table$$Base                      0x00027e88   Number         0  anon$$obj.o(Region$$Table)
    Region$$Table$$Limit                     0x00027ea8   Number         0  anon$$obj.o(Region$$Table)
    Image$$RW_IRAM1$$Base                    0x20001fe8   Number         0  anon$$obj.o ABSOLUTE
    bsp_btn_switch_local_prescaler           0x20002004   Data           4  bsp_btn_switch.o(.data)
    nrf_nvic_state                           0x200020f0   Data           8  app_util_platform.o(.data)
    m_sdk_errors_name                        0x20002118   Data          72  sdk_errors.o(.data)
    m_sdk_errors_name_common                 0x20002160   Data          36  sdk_errors.o(.data)
    m_sdk_errors_name_twi                    0x20002184   Data          12  sdk_errors.o(.data)
    uv_lamp_cmd                              0x200021b8   Data           1  ble_sls.o(.data)
    fan_negative_ion_cmd                     0x200021b9   Data           1  ble_sls.o(.data)
    elec_lock_cmd                            0x200021ba   Data           1  ble_sls.o(.data)
    uv_lamp_status                           0x200021bb   Data           1  ble_sls.o(.data)
    uv_lamp_door_status                      0x200021bc   Data           1  ble_sls.o(.data)
    fan_negative_ion_status                  0x200021bd   Data           1  ble_sls.o(.data)
    elec_lock_status                         0x200021be   Data           1  ble_sls.o(.data)
    SystemCoreClock                          0x2000220c   Data           4  system_nrf51.o(.data)
    fs_data$$Base                            0x20002210   Number         0  fds.o(fs_data)
    fs_data$$Limit                           0x20002220   Number         0  fds.o(fs_data)
    m_sls                                    0x20002220   Data          64  main.o(.bss)
    _SEGGER_RTT                              0x20003358   Data         120  segger_rtt.o(.bss)
    __initial_sp                             0x20003bd0   Data           0  arm_startup_nrf51.o(STACK)



==============================================================================

Memory Map of the image

  Image Entry point : 0x0001b0c1

  Load Region LR_IROM1 (Base: 0x0001b000, Size: 0x0000d0e0, Max: 0x00025000, ABSOLUTE, COMPRESSED[0x0000cf44])

    Execution Region ER_IROM1 (Base: 0x0001b000, Size: 0x0000cea8, Max: 0x00025000, ABSOLUTE)

    Base Addr    Size         Type   Attr      Idx    E Section Name        Object

    0x0001b000   0x000000c0   Data   RO         5301    RESET               arm_startup_nrf51.o
    0x0001b0c0   0x00000000   Code   RO         5353  * .ARM.Collect$$$$00000000  mc_p.l(entry.o)
    0x0001b0c0   0x00000004   Code   RO         5663    .ARM.Collect$$$$00000001  mc_p.l(entry2.o)
    0x0001b0c4   0x00000004   Code   RO         5666    .ARM.Collect$$$$00000004  mc_p.l(entry5.o)
    0x0001b0c8   0x00000000   Code   RO         5668    .ARM.Collect$$$$00000008  mc_p.l(entry7b.o)
    0x0001b0c8   0x00000000   Code   RO         5670    .ARM.Collect$$$$0000000A  mc_p.l(entry8b.o)
    0x0001b0c8   0x00000008   Code   RO         5671    .ARM.Collect$$$$0000000B  mc_p.l(entry9a.o)
    0x0001b0d0   0x00000000   Code   RO         5673    .ARM.Collect$$$$0000000D  mc_p.l(entry10a.o)
    0x0001b0d0   0x00000000   Code   RO         5675    .ARM.Collect$$$$0000000F  mc_p.l(entry11a.o)
    0x0001b0d0   0x00000004   Code   RO         5664    .ARM.Collect$$$$00002712  mc_p.l(entry2.o)
    0x0001b0d4   0x00000038   Code   RO         5302    .text               arm_startup_nrf51.o
    0x0001b10c   0x0000002c   Code   RO         5356    .text               mc_p.l(uidiv.o)
    0x0001b138   0x00000060   Code   RO         5360    .text               mc_p.l(uldiv.o)
    0x0001b198   0x00000008   Code   RO         5362    .text               mc_p.l(ctype_o.o)
    0x0001b1a0   0x00000024   Code   RO         5390    .text               mc_p.l(memcpya.o)
    0x0001b1c4   0x00000024   Code   RO         5392    .text               mc_p.l(memseta.o)
    0x0001b1e8   0x0000000e   Code   RO         5394    .text               mc_p.l(strlen.o)
    0x0001b1f6   0x0000001a   Code   RO         5396    .text               mc_p.l(memcmp.o)
    0x0001b210   0x00000012   Code   RO         5398    .text               mc_p.l(strcpy.o)
    0x0001b222   0x00000020   Code   RO         5680    .text               mc_p.l(llshl.o)
    0x0001b242   0x00000022   Code   RO         5682    .text               mc_p.l(llushr.o)
    0x0001b264   0x00000024   Code   RO         5695    .text               mc_p.l(init.o)
    0x0001b288   0x00000056   Code   RO         5713    .text               mc_p.l(__dczerorl2.o)
    0x0001b2de   0x00000002   PAD
    0x0001b2e0   0x0000032c   Code   RO         3068    i.GPIOTE_IRQHandler  nrf_drv_gpiote.o
    0x0001b60c   0x00000014   Code   RO         3668    i.NVIC_ClearPendingIRQ  app_timer.o
    0x0001b620   0x00000014   Code   RO         5031    i.NVIC_DisableIRQ   softdevice_handler.o
    0x0001b634   0x00000014   Code   RO         3669    i.NVIC_EnableIRQ    app_timer.o
    0x0001b648   0x00000014   Code   RO         5032    i.NVIC_EnableIRQ    softdevice_handler.o
    0x0001b65c   0x00000014   Code   RO         3670    i.NVIC_SetPendingIRQ  app_timer.o
    0x0001b670   0x00000078   Code   RO         3031    i.NVIC_SetPriority  nrf_drv_common.o
    0x0001b6e8   0x00000078   Code   RO         3671    i.NVIC_SetPriority  app_timer.o
    0x0001b760   0x00000054   Code   RO         2833    i.POWER_CLOCK_IRQHandler  nrf_drv_clock.o
    0x0001b7b4   0x00000028   Code   RO         3672    i.RTC1_IRQHandler   app_timer.o
    0x0001b7dc   0x00000018   Code   RO         4885    i.SEGGER_RTT_Init   segger_rtt.o
    0x0001b7f4   0x00000084   Code   RO         4894    i.SEGGER_RTT_WriteNoLock  segger_rtt.o
    0x0001b878   0x00000008   Code   RO         3673    i.SWI0_IRQHandler   app_timer.o
    0x0001b880   0x0000003c   Code   RO         5033    i.SWI2_IRQHandler   softdevice_handler.o
    0x0001b8bc   0x00000064   Code   RO         5309    i.SystemInit        system_nrf51.o
    0x0001b920   0x00000014   Code   RO         3328    i.UART0_IRQHandler  nrf_drv_uart.o
    0x0001b934   0x00000070   Code   RO         4897    i._DoInit           segger_rtt.o
    0x0001b9a4   0x0000001c   Code   RO         4898    i._GetAvailWriteSpace  segger_rtt.o
    0x0001b9c0   0x0000007a   Code   RO         4900    i._WriteBlocking    segger_rtt.o
    0x0001ba3a   0x0000004a   Code   RO         4901    i._WriteNoCheck     segger_rtt.o
    0x0001ba84   0x0000002c   Code   RO         5610    i.__0snprintf$8     mc_p.l(printf8.o)
    0x0001bab0   0x0000001c   Code   RO          137    i.__ARM_common_switch8  main.o
    0x0001bacc   0x0000000e   Code   RO         5707    i.__scatterload_copy  mc_p.l(handlers.o)
    0x0001bada   0x00000002   Code   RO         5708    i.__scatterload_null  mc_p.l(handlers.o)
    0x0001badc   0x0000000e   Code   RO         5709    i.__scatterload_zeroinit  mc_p.l(handlers.o)
    0x0001baea   0x00000002   PAD
    0x0001baec   0x00000024   Code   RO         5034    i.__sd_nvic_app_accessible_irq  softdevice_handler.o
    0x0001bb10   0x0000000c   Code   RO         3883    i.__sd_nvic_irq_disable  app_util_platform.o
    0x0001bb1c   0x00000428   Code   RO         5616    i._printf_core      mc_p.l(printf8.o)
    0x0001bf44   0x00000020   Code   RO         5617    i._printf_post_padding  mc_p.l(printf8.o)
    0x0001bf64   0x0000002c   Code   RO         5618    i._printf_pre_padding  mc_p.l(printf8.o)
    0x0001bf90   0x00000016   Code   RO         5619    i._snputc           mc_p.l(printf8.o)
    0x0001bfa6   0x00000034   Code   RO         1534    i.addr_compare      id_manager.o
    0x0001bfda   0x0000001a   Code   RO          892    i.addr_is_valid     ble_advertising.o
    0x0001bff4   0x00000030   Code   RO         3958    i.address_is_valid  fds.o
    0x0001c024   0x0000018e   Code   RO          786    i.adv_data_encode   ble_advdata.o
    0x0001c1b2   0x00000002   PAD
    0x0001c1b4   0x0000006c   Code   RO          893    i.adv_mode_next_avail_get  ble_advertising.o
    0x0001c220   0x00000014   Code   RO          787    i.advdata_check     ble_advdata.o
    0x0001c234   0x00000084   Code   RO            3    i.advertising_init  main.o
    0x0001c2b8   0x00000038   Code   RO            4    i.advertising_start  main.o
    0x0001c2f0   0x00000056   Code   RO         1536    i.ah                id_manager.o
    0x0001c346   0x0000000c   Code   RO          568    i.alert_timer_handler  bsp.o
    0x0001c352   0x00000002   PAD
    0x0001c354   0x0000002c   Code   RO         3552    i.app_button_enable  app_button.o
    0x0001c380   0x000000ac   Code   RO         3553    i.app_button_init   app_button.o
    0x0001c42c   0x00000040   Code   RO            5    i.app_error_fault_handler  main.o
    0x0001c46c   0x00000020   Code   RO         3609    i.app_error_handler  app_error.o
    0x0001c48c   0x00000044   Code   RO         3676    i.app_timer_create  app_timer.o
    0x0001c4d0   0x0000008c   Code   RO         3677    i.app_timer_init    app_timer.o
    0x0001c55c   0x00000054   Code   RO         3678    i.app_timer_start   app_timer.o
    0x0001c5b0   0x00000038   Code   RO         3679    i.app_timer_stop    app_timer.o
    0x0001c5e8   0x00000054   Code   RO         3884    i.app_util_critical_region_enter  app_util_platform.o
    0x0001c63c   0x00000040   Code   RO         3885    i.app_util_critical_region_exit  app_util_platform.o
    0x0001c67c   0x00000054   Code   RO          788    i.appearance_encode  ble_advdata.o
    0x0001c6d0   0x00000002   Code   RO            6    i.application_timers_start  main.o
    0x0001c6d2   0x0000008c   Code   RO         3329    i.apply_config      nrf_drv_uart.o
    0x0001c75e   0x00000002   PAD
    0x0001c760   0x0000005c   Code   RO         1316    i.apply_pending_flags_check  gatt_cache_manager.o
    0x0001c7bc   0x00000014   Code   RO         2555    i.auth_status_failure_process  security_dispatcher.o
    0x0001c7d0   0x0000001e   Code   RO         2556    i.auth_status_process  security_dispatcher.o
    0x0001c7ee   0x00000002   PAD
    0x0001c7f0   0x000000b8   Code   RO         2557    i.auth_status_success_process  security_dispatcher.o
    0x0001c8a8   0x00000098   Code   RO          789    i.ble_advdata_set   ble_advdata.o
    0x0001c940   0x000001b8   Code   RO          895    i.ble_advertising_init  ble_advertising.o
    0x0001caf8   0x00000032   Code   RO          896    i.ble_advertising_on_ble_evt  ble_advertising.o
    0x0001cb2a   0x00000002   PAD
    0x0001cb2c   0x00000050   Code   RO          897    i.ble_advertising_on_sys_evt  ble_advertising.o
    0x0001cb7c   0x00000054   Code   RO          899    i.ble_advertising_restart_without_whitelist  ble_advertising.o
    0x0001cbd0   0x00000174   Code   RO          900    i.ble_advertising_start  ble_advertising.o
    0x0001cd44   0x00000078   Code   RO         1015    i.ble_conn_params_init  ble_conn_params.o
    0x0001cdbc   0x0000003e   Code   RO         1016    i.ble_conn_params_on_ble_evt  ble_conn_params.o
    0x0001cdfa   0x00000002   PAD
    0x0001cdfc   0x00000018   Code   RO         1100    i.ble_conn_state_conn_handles  ble_conn_state.o
    0x0001ce14   0x00000018   Code   RO         1101    i.ble_conn_state_encrypted  ble_conn_state.o
    0x0001ce2c   0x00000018   Code   RO         1103    i.ble_conn_state_mitm_protected  ble_conn_state.o
    0x0001ce44   0x000000dc   Code   RO         1107    i.ble_conn_state_on_ble_evt  ble_conn_state.o
    0x0001cf20   0x0000003c   Code   RO         1109    i.ble_conn_state_role  ble_conn_state.o
    0x0001cf5c   0x00000026   Code   RO         1111    i.ble_conn_state_user_flag_acquire  ble_conn_state.o
    0x0001cf82   0x00000002   PAD
    0x0001cf84   0x0000001c   Code   RO         1112    i.ble_conn_state_user_flag_collection  ble_conn_state.o
    0x0001cfa0   0x00000028   Code   RO         1113    i.ble_conn_state_user_flag_get  ble_conn_state.o
    0x0001cfc8   0x00000028   Code   RO         1114    i.ble_conn_state_user_flag_set  ble_conn_state.o
    0x0001cff0   0x00000070   Code   RO          790    i.ble_device_addr_encode  ble_advdata.o
    0x0001d060   0x000001b4   Code   RO         5259    i.ble_dis_init      ble_dis.o
    0x0001d214   0x00000030   Code   RO            8    i.ble_evt_dispatch  main.o
    0x0001d244   0x000000b4   Code   RO         5180    i.ble_sls_init      ble_sls.o
    0x0001d2f8   0x000000cc   Code   RO         5181    i.ble_sls_on_ble_evt  ble_sls.o
    0x0001d3c4   0x00000012   Code   RO         1254    i.ble_srv_is_notification_enabled  ble_srv_common.o
    0x0001d3d6   0x00000002   PAD
    0x0001d3d8   0x000000e8   Code   RO            9    i.ble_stack_init    main.o
    0x0001d4c0   0x00000034   Code   RO          386    i.bsp_board_button_state_get  boards.o
    0x0001d4f4   0x00000014   Code   RO          389    i.bsp_board_led_invert  boards.o
    0x0001d508   0x00000014   Code   RO          390    i.bsp_board_led_off  boards.o
    0x0001d51c   0x00000014   Code   RO          391    i.bsp_board_led_on  boards.o
    0x0001d530   0x00000028   Code   RO          392    i.bsp_board_led_state_get  boards.o
    0x0001d558   0x00000020   Code   RO          393    i.bsp_board_leds_init  boards.o
    0x0001d578   0x00000014   Code   RO          394    i.bsp_board_leds_off  boards.o
    0x0001d58c   0x00000014   Code   RO          395    i.bsp_board_leds_on  boards.o
    0x0001d5a0   0x00000024   Code   RO          396    i.bsp_board_pin_to_button_idx  boards.o
    0x0001d5c4   0x00000014   Code   RO          401    i.bsp_board_switch_off  boards.o
    0x0001d5d8   0x00000014   Code   RO          402    i.bsp_board_switch_on  boards.o
    0x0001d5ec   0x00000020   Code   RO          404    i.bsp_board_switchs_init  boards.o
    0x0001d60c   0x00000014   Code   RO          405    i.bsp_board_switchs_off  boards.o
    0x0001d620   0x000001f8   Code   RO          676    i.bsp_btn_switch_event_handler  bsp_btn_switch.o
    0x0001d818   0x00000044   Code   RO          677    i.bsp_btn_switch_init  bsp_btn_switch.o
    0x0001d85c   0x000000cc   Code   RO          569    i.bsp_button_event_handler  bsp.o
    0x0001d928   0x000000a4   Code   RO          678    i.bsp_cb_on_elec_lock_cmd_write  bsp_btn_switch.o
    0x0001d9cc   0x000000f4   Code   RO          679    i.bsp_cb_on_fan_negative_ion_cmd_write  bsp_btn_switch.o
    0x0001dac0   0x000000e8   Code   RO          680    i.bsp_cb_on_uv_lamp_cmd_write  bsp_btn_switch.o
    0x0001dba8   0x00000028   Code   RO          681    i.bsp_close_fan_negative_ion_and_indicator_led  bsp_btn_switch.o
    0x0001dbd0   0x00000064   Code   RO          682    i.bsp_close_uv_lamp_and_indicator_led  bsp_btn_switch.o
    0x0001dc34   0x00000098   Code   RO           10    i.bsp_event_handler  main.o
    0x0001dccc   0x0000005c   Code   RO          573    i.bsp_event_to_button_action_assign  bsp.o
    0x0001dd28   0x00000024   Code   RO          574    i.bsp_indication_set  bsp.o
    0x0001dd4c   0x00000114   Code   RO          575    i.bsp_init          bsp.o
    0x0001de60   0x0000033c   Code   RO          576    i.bsp_led_indication  bsp.o
    0x0001e19c   0x0000018c   Code   RO          683    i.bsp_open_elec_lock  bsp_btn_switch.o
    0x0001e328   0x00000010   Code   RO          684    i.bsp_open_elec_lock_wait_timeout_handler  bsp_btn_switch.o
    0x0001e338   0x00000028   Code   RO          685    i.bsp_open_fan_negative_ion_and_indicator_led  bsp_btn_switch.o
    0x0001e360   0x00000064   Code   RO          686    i.bsp_open_uv_lamp_and_indicator_led  bsp_btn_switch.o
    0x0001e3c4   0x00000080   Code   RO          687    i.bsp_sls_env_value_init  bsp_btn_switch.o
    0x0001e444   0x0000000c   Code   RO          688    i.bsp_sys_run_led_timeout_handler  bsp_btn_switch.o
    0x0001e450   0x00000014   Code   RO         4639    i.buf_len_update    nrf_log_backend_serial.o
    0x0001e464   0x000000a4   Code   RO         4752    i.buf_prealloc      nrf_log_frontend.o
    0x0001e508   0x00000018   Code   RO         4753    i.buffer_is_empty   nrf_log_frontend.o
    0x0001e520   0x0000000e   Code   RO          579    i.button_timer_handler  bsp.o
    0x0001e52e   0x00000002   PAD
    0x0001e530   0x00000068   Code   RO           11    i.buttons_switchs_leds_init  main.o
    0x0001e598   0x00000032   Code   RO         4640    i.byte2hex          nrf_log_backend_serial.o
    0x0001e5ca   0x00000002   PAD
    0x0001e5cc   0x00000024   Code   RO         1317    i.cccd_written      gatt_cache_manager.o
    0x0001e5f0   0x00000020   Code   RO         3069    i.channel_free      nrf_drv_gpiote.o
    0x0001e610   0x00000010   Code   RO         3070    i.channel_handler_get  nrf_drv_gpiote.o
    0x0001e620   0x00000078   Code   RO         3071    i.channel_port_alloc  nrf_drv_gpiote.o
    0x0001e698   0x0000000c   Code   RO         3072    i.channel_port_get  nrf_drv_gpiote.o
    0x0001e6a4   0x0000012c   Code   RO         5260    i.char_add          ble_dis.o
    0x0001e7d0   0x00000024   Code   RO         4380    i.check_config      fstorage.o
    0x0001e7f4   0x00000022   Code   RO         3959    i.chunk_is_aligned  fds.o
    0x0001e816   0x00000002   PAD
    0x0001e818   0x00000030   Code   RO         3960    i.chunk_queue_get_and_advance  fds.o
    0x0001e848   0x00000020   Code   RO         3961    i.chunk_queue_next  fds.o
    0x0001e868   0x0000002c   Code   RO         3962    i.chunk_queue_skip  fds.o
    0x0001e894   0x0000004c   Code   RO         2104    i.claim             peer_id.o
    0x0001e8e0   0x00000034   Code   RO         2834    i.clock_clk_started_notify  nrf_drv_clock.o
    0x0001e914   0x0000008c   Code   RO         3681    i.compare_reg_update  app_timer.o
    0x0001e9a0   0x0000005c   Code   RO          791    i.conn_int_check    ble_advdata.o
    0x0001e9fc   0x0000006a   Code   RO          792    i.conn_int_encode   ble_advdata.o
    0x0001ea66   0x00000002   PAD
    0x0001ea68   0x00000028   Code   RO           12    i.conn_params_error_handler  main.o
    0x0001ea90   0x00000070   Code   RO           13    i.conn_params_init  main.o
    0x0001eb00   0x00000094   Code   RO         1018    i.conn_params_negotiation  ble_conn_params.o
    0x0001eb94   0x0000005c   Code   RO         2558    i.conn_sec_update_process  security_dispatcher.o
    0x0001ebf0   0x00000050   Code   RO         3963    i.delete_execute    fds.o
    0x0001ec40   0x00000070   Code   RO         3555    i.detection_delay_timeout_handler  app_button.o
    0x0001ecb0   0x00000024   Code   RO         2559    i.disconnect_process  security_dispatcher.o
    0x0001ecd4   0x00000064   Code   RO         3682    i.elapsed_ticks_acquire  app_timer.o
    0x0001ed38   0x00000160   Code   RO         5182    i.elec_lock_cmd_char_add  ble_sls.o
    0x0001ee98   0x0000013c   Code   RO         5183    i.elec_lock_status_char_add  ble_sls.o
    0x0001efd4   0x00000034   Code   RO         2560    i.encryption_failure  security_dispatcher.o
    0x0001f008   0x0000000a   Code   RO         4381    i.erase_execute     fstorage.o
    0x0001f012   0x00000078   Code   RO         3965    i.event_prepare     fds.o
    0x0001f08a   0x00000002   PAD
    0x0001f08c   0x00000028   Code   RO         3966    i.event_send        fds.o
    0x0001f0b4   0x00000044   Code   RO         2701    i.events_send_from_err_code  security_manager.o
    0x0001f0f8   0x00000020   Code   RO         1318    i.evt_send          gatt_cache_manager.o
    0x0001f118   0x00000020   Code   RO         1448    i.evt_send          gatts_cache_manager.o
    0x0001f138   0x00000020   Code   RO         1537    i.evt_send          id_manager.o
    0x0001f158   0x00000028   Code   RO         2195    i.evt_send          peer_manager.o
    0x0001f180   0x00000020   Code   RO         2561    i.evt_send          security_dispatcher.o
    0x0001f1a0   0x00000020   Code   RO         2702    i.evt_send          security_manager.o
    0x0001f1c0   0x0000005c   Code   RO         3683    i.expired_timers_handler  app_timer.o
    0x0001f21c   0x00000160   Code   RO         5184    i.fan_negative_ion_cmd_char_add  ble_sls.o
    0x0001f37c   0x0000013c   Code   RO         5185    i.fan_negative_ion_status_char_add  ble_sls.o
    0x0001f4b8   0x00000150   Code   RO         1765    i.fds_evt_handler   peer_data_storage.o
    0x0001f608   0x0000004c   Code   RO         3968    i.fds_file_delete   fds.o
    0x0001f654   0x00000048   Code   RO         3969    i.fds_gc            fds.o
    0x0001f69c   0x000000b2   Code   RO         3970    i.fds_init          fds.o
    0x0001f74e   0x00000002   PAD
    0x0001f750   0x00000060   Code   RO         3971    i.fds_record_close  fds.o
    0x0001f7b0   0x00000016   Code   RO         3973    i.fds_record_find   fds.o
    0x0001f7c6   0x00000014   Code   RO         3974    i.fds_record_find_by_key  fds.o
    0x0001f7da   0x00000014   Code   RO         3975    i.fds_record_find_in_file  fds.o
    0x0001f7ee   0x00000016   Code   RO         3976    i.fds_record_id_from_desc  fds.o
    0x0001f804   0x00000054   Code   RO         3978    i.fds_record_open   fds.o
    0x0001f858   0x0000001c   Code   RO         3979    i.fds_record_update  fds.o
    0x0001f874   0x00000014   Code   RO         3980    i.fds_record_write  fds.o
    0x0001f888   0x0000001e   Code   RO         3981    i.fds_record_write_reserved  fds.o
    0x0001f8a6   0x00000002   PAD
    0x0001f8a8   0x00000030   Code   RO         3982    i.fds_register      fds.o
    0x0001f8d8   0x00000036   Code   RO         3983    i.fds_reserve       fds.o
    0x0001f90e   0x00000002   PAD
    0x0001f910   0x00000054   Code   RO         3984    i.fds_reserve_cancel  fds.o
    0x0001f964   0x00000034   Code   RO         3986    i.file_find_and_delete  fds.o
    0x0001f998   0x0000000c   Code   RO         1766    i.file_id_to_peer_id  peer_data_storage.o
    0x0001f9a4   0x0000001c   Code   RO         1767    i.file_id_within_pm_range  peer_data_storage.o
    0x0001f9c0   0x00000010   Code   RO         3987    i.flag_clear        fds.o
    0x0001f9d0   0x00000012   Code   RO         2562    i.flag_id_init      security_dispatcher.o
    0x0001f9e2   0x00000012   Code   RO         2703    i.flag_id_init      security_manager.o
    0x0001f9f4   0x00000018   Code   RO         3988    i.flag_is_set       fds.o
    0x0001fa0c   0x00000010   Code   RO         3989    i.flag_set          fds.o
    0x0001fa1c   0x00000036   Code   RO          793    i.flags_encode      ble_advdata.o
    0x0001fa52   0x00000002   PAD
    0x0001fa54   0x0000009c   Code   RO         2704    i.flags_set_from_err_code  security_manager.o
    0x0001faf0   0x00000016   Code   RO          902    i.flash_access_in_progress  ble_advertising.o
    0x0001fb06   0x00000002   PAD
    0x0001fb08   0x0000008c   Code   RO         4382    i.fs_erase          fstorage.o
    0x0001fb94   0x0000000e   Code   RO         3990    i.fs_event_handler  fds.o
    0x0001fba2   0x00000002   PAD
    0x0001fba4   0x0000001c   Code   RO         4384    i.fs_flash_page_end_addr  fstorage.o
    0x0001fbc0   0x000000c4   Code   RO         4385    i.fs_init           fstorage.o
    0x0001fc84   0x00000018   Code   RO         4388    i.fs_queued_op_count_get  fstorage.o
    0x0001fc9c   0x0000009c   Code   RO         4389    i.fs_store          fstorage.o
    0x0001fd38   0x00000070   Code   RO         4390    i.fs_sys_event_handler  fstorage.o
    0x0001fda8   0x000000a0   Code   RO           14    i.gap_params_init   main.o
    0x0001fe48   0x00000074   Code   RO         3991    i.gc_execute        fds.o
    0x0001febc   0x0000003c   Code   RO         3992    i.gc_init           fds.o
    0x0001fef8   0x00000028   Code   RO         3993    i.gc_next_page      fds.o
    0x0001ff20   0x00000044   Code   RO         3994    i.gc_page_erase     fds.o
    0x0001ff64   0x0000004c   Code   RO         3995    i.gc_page_next      fds.o
    0x0001ffb0   0x00000040   Code   RO         3996    i.gc_record_copy    fds.o
    0x0001fff0   0x00000028   Code   RO         3997    i.gc_record_find_next  fds.o
    0x00020018   0x00000058   Code   RO         3998    i.gc_state_advance  fds.o
    0x00020070   0x0000002c   Code   RO         3999    i.gc_swap_erase     fds.o
    0x0002009c   0x00000044   Code   RO         4000    i.gc_swap_pages     fds.o
    0x000200e0   0x00000020   Code   RO         4001    i.gc_swap_promote   fds.o
    0x00020100   0x00000018   Code   RO         4002    i.gc_tag_new_swap   fds.o
    0x00020118   0x00000020   Code   RO         4003    i.gc_update_swap_offset  fds.o
    0x00020138   0x00000074   Code   RO         1319    i.gcm_ble_evt_handler  gatt_cache_manager.o
    0x000201ac   0x00000078   Code   RO         1320    i.gcm_gscm_evt_handler  gatt_cache_manager.o
    0x00020224   0x00000034   Code   RO         1321    i.gcm_im_evt_handler  gatt_cache_manager.o
    0x00020258   0x00000068   Code   RO         1322    i.gcm_init          gatt_cache_manager.o
    0x000202c0   0x0000004c   Code   RO         1323    i.gcm_local_database_has_changed  gatt_cache_manager.o
    0x0002030c   0x00000018   Code   RO         1326    i.gcm_smd_evt_handler  gatt_cache_manager.o
    0x00020324   0x0000003c   Code   RO         1538    i.get_connection_by_conn_handle  id_manager.o
    0x00020360   0x00000034   Code   RO         1539    i.get_free_connection  id_manager.o
    0x00020394   0x0000006c   Code   RO         3556    i.gpiote_event_handler  app_button.o
    0x00020400   0x0000001c   Code   RO         1449    i.gscm_db_change_notification_done  gatts_cache_manager.o
    0x0002041c   0x00000014   Code   RO         1450    i.gscm_init         gatts_cache_manager.o
    0x00020430   0x0000001c   Code   RO         1451    i.gscm_local_database_has_changed  gatts_cache_manager.o
    0x0002044c   0x0000009c   Code   RO         1452    i.gscm_local_db_cache_apply  gatts_cache_manager.o
    0x000204e8   0x000000a0   Code   RO         1454    i.gscm_local_db_cache_update  gatts_cache_manager.o
    0x00020588   0x00000054   Code   RO         1455    i.gscm_pdb_evt_handler  gatts_cache_manager.o
    0x000205dc   0x00000026   Code   RO         1456    i.gscm_service_changed_ind_needed  gatts_cache_manager.o
    0x00020602   0x00000002   PAD
    0x00020604   0x0000003c   Code   RO         1457    i.gscm_service_changed_ind_send  gatts_cache_manager.o
    0x00020640   0x0000001c   Code   RO         4004    i.header_is_valid   fds.o
    0x0002065c   0x00000044   Code   RO         1540    i.im_address_resolve  id_manager.o
    0x000206a0   0x00000030   Code   RO         1541    i.im_ble_addr_get   id_manager.o
    0x000206d0   0x000000cc   Code   RO         1542    i.im_ble_evt_handler  id_manager.o
    0x0002079c   0x00000030   Code   RO         1543    i.im_conn_handle_get  id_manager.o
    0x000207cc   0x00000040   Code   RO         1547    i.im_init           id_manager.o
    0x0002080c   0x00000046   Code   RO         1548    i.im_is_duplicate_bonding_data  id_manager.o
    0x00020852   0x00000026   Code   RO         1549    i.im_master_id_is_valid  id_manager.o
    0x00020878   0x00000034   Code   RO         1550    i.im_master_ids_compare  id_manager.o
    0x000208ac   0x00000010   Code   RO         1551    i.im_new_peer_id    id_manager.o
    0x000208bc   0x0000007a   Code   RO         1552    i.im_pdb_evt_handler  id_manager.o
    0x00020936   0x00000002   PAD
    0x00020938   0x00000030   Code   RO         1553    i.im_peer_free      id_manager.o
    0x00020968   0x00000028   Code   RO         1554    i.im_peer_id_get_by_conn_handle  id_manager.o
    0x00020990   0x00000048   Code   RO         1555    i.im_peer_id_get_by_master_id  id_manager.o
    0x000209d8   0x0000010c   Code   RO         4005    i.init_execute      fds.o
    0x00020ae4   0x000000d8   Code   RO         5035    i.intern_softdevice_events_execute  softdevice_handler.o
    0x00020bbc   0x0000000c   Code   RO         1327    i.internal_state_reset  gatt_cache_manager.o
    0x00020bc8   0x00000018   Code   RO         1458    i.internal_state_reset  gatts_cache_manager.o
    0x00020be0   0x00000028   Code   RO         1560    i.internal_state_reset  id_manager.o
    0x00020c08   0x00000020   Code   RO         1929    i.internal_state_reset  peer_database.o
    0x00020c28   0x0000000e   Code   RO         2105    i.internal_state_reset  peer_id.o
    0x00020c36   0x00000002   PAD
    0x00020c38   0x0000002c   Code   RO         2196    i.internal_state_reset  peer_manager.o
    0x00020c64   0x00000024   Code   RO         1019    i.is_conn_params_ok  ble_conn_params.o
    0x00020c88   0x00000038   Code   RO         5310    i.is_disabled_in_debug_needed  system_nrf51.o
    0x00020cc0   0x0000006c   Code   RO         5311    i.is_manual_peripheral_setup_needed  system_nrf51.o
    0x00020d2c   0x00000054   Code   RO         5312    i.is_peripheral_domain_setup_needed  system_nrf51.o
    0x00020d80   0x0000001a   Code   RO         1561    i.is_valid_irk      id_manager.o
    0x00020d9a   0x00000012   Code   RO         4006    i.is_word_aligned   fds.o
    0x00020dac   0x0000000e   Code   RO         2837    i.item_dequeue      nrf_drv_clock.o
    0x00020dba   0x00000002   PAD
    0x00020dbc   0x00000024   Code   RO          580    i.leds_timer_handler  bsp.o
    0x00020de0   0x000000d0   Code   RO         2705    i.link_secure       security_manager.o
    0x00020eb0   0x00000098   Code   RO         2563    i.link_secure_central  security_dispatcher.o
    0x00020f48   0x000000f8   Code   RO         2564    i.link_secure_central_existing_peer  security_dispatcher.o
    0x00021040   0x00000084   Code   RO         2565    i.link_secure_central_new_peer  security_dispatcher.o
    0x000210c4   0x0000005c   Code   RO         2566    i.link_secure_failure  security_dispatcher.o
    0x00021120   0x00000080   Code   RO         2706    i.link_secure_pending_process  security_manager.o
    0x000211a0   0x00000012   Code   RO         2567    i.link_secure_peripheral  security_dispatcher.o
    0x000211b2   0x00000002   PAD
    0x000211b4   0x0000007c   Code   RO         3684    i.list_deletions_handler  app_timer.o
    0x00021230   0x000000f8   Code   RO         3685    i.list_insertions_handler  app_timer.o
    0x00021328   0x000000a0   Code   RO         1328    i.local_db_apply_in_evt  gatt_cache_manager.o
    0x000213c8   0x000000b4   Code   RO         1329    i.local_db_update_in_evt  gatt_cache_manager.o
    0x0002147c   0x00000036   Code   RO         2506    i.lock_by_mask      pm_mutex.o
    0x000214b2   0x00000002   PAD
    0x000214b4   0x000000fc   Code   RO           15    i.main              main.o
    0x000215b0   0x00000078   Code   RO          794    i.manuf_specific_data_encode  ble_advdata.o
    0x00021628   0x000000c6   Code   RO          795    i.name_encode       ble_advdata.o
    0x000216ee   0x00000002   PAD
    0x000216f0   0x0000006c   Code   RO         1562    i.new_connection    id_manager.o
    0x0002175c   0x00000038   Code   RO         2106    i.next_id_get       peer_id.o
    0x00021794   0x00000016   Code   RO         3073    i.nrf_bitmask_bit_is_set  nrf_drv_gpiote.o
    0x000217aa   0x00000016   Code   RO         2841    i.nrf_clock_event_check  nrf_drv_clock.o
    0x000217c0   0x0000000c   Code   RO         2842    i.nrf_clock_event_clear  nrf_drv_clock.o
    0x000217cc   0x0000000c   Code   RO         2844    i.nrf_clock_int_disable  nrf_drv_clock.o
    0x000217d8   0x00000040   Code   RO         3686    i.nrf_delay_us      app_timer.o
    0x00021818   0x00000070   Code   RO         2853    i.nrf_drv_clock_init  nrf_drv_clock.o
    0x00021888   0x00000034   Code   RO         2860    i.nrf_drv_clock_on_sd_enable  nrf_drv_clock.o
    0x000218bc   0x0000000e   Code   RO         2861    i.nrf_drv_clock_on_soc_event  nrf_drv_clock.o
    0x000218ca   0x00000002   PAD
    0x000218cc   0x00000038   Code   RO         3033    i.nrf_drv_common_irq_enable  nrf_drv_common.o
    0x00021904   0x0000000a   Code   RO         3330    i.nrf_drv_get_IRQn  nrf_drv_uart.o
    0x0002190e   0x00000002   PAD
    0x00021910   0x000000bc   Code   RO         3076    i.nrf_drv_gpiote_in_event_enable  nrf_drv_gpiote.o
    0x000219cc   0x00000140   Code   RO         3077    i.nrf_drv_gpiote_in_init  nrf_drv_gpiote.o
    0x00021b0c   0x00000016   Code   RO         3078    i.nrf_drv_gpiote_in_is_set  nrf_drv_gpiote.o
    0x00021b22   0x00000002   PAD
    0x00021b24   0x000000ec   Code   RO         3080    i.nrf_drv_gpiote_init  nrf_drv_gpiote.o
    0x00021c10   0x00000014   Code   RO         3081    i.nrf_drv_gpiote_is_init  nrf_drv_gpiote.o
    0x00021c24   0x00000098   Code   RO         3332    i.nrf_drv_uart_init  nrf_drv_uart.o
    0x00021cbc   0x00000038   Code   RO         3338    i.nrf_drv_uart_tx   nrf_drv_uart.o
    0x00021cf4   0x00000098   Code   RO         3340    i.nrf_drv_uart_tx_for_uart  nrf_drv_uart.o
    0x00021d8c   0x00000020   Code   RO         3341    i.nrf_drv_uart_tx_in_progress  nrf_drv_uart.o
    0x00021dac   0x00000068   Code   RO         3342    i.nrf_drv_uart_uninit  nrf_drv_uart.o
    0x00021e14   0x0000002a   Code   RO          407    i.nrf_gpio_cfg      boards.o
    0x00021e3e   0x0000002a   Code   RO         3093    i.nrf_gpio_cfg      nrf_drv_gpiote.o
    0x00021e68   0x0000002a   Code   RO         3343    i.nrf_gpio_cfg      nrf_drv_uart.o
    0x00021e92   0x00000018   Code   RO         3344    i.nrf_gpio_cfg_default  nrf_drv_uart.o
    0x00021eaa   0x0000001a   Code   RO         3345    i.nrf_gpio_cfg_input  nrf_drv_uart.o
    0x00021ec4   0x00000018   Code   RO          408    i.nrf_gpio_cfg_output  boards.o
    0x00021edc   0x00000018   Code   RO         3346    i.nrf_gpio_cfg_output  nrf_drv_uart.o
    0x00021ef4   0x00000040   Code   RO         3095    i.nrf_gpio_cfg_sense_set  nrf_drv_gpiote.o
    0x00021f34   0x0000001a   Code   RO          409    i.nrf_gpio_pin_out_read  boards.o
    0x00021f4e   0x0000001a   Code   RO         3097    i.nrf_gpio_pin_read  nrf_drv_gpiote.o
    0x00021f68   0x00000018   Code   RO         3347    i.nrf_gpio_pin_set  nrf_drv_uart.o
    0x00021f80   0x0000002e   Code   RO          410    i.nrf_gpio_pin_toggle  boards.o
    0x00021fae   0x00000040   Code   RO          411    i.nrf_gpio_pin_write  boards.o
    0x00021fee   0x00000002   PAD
    0x00021ff0   0x00000030   Code   RO         3099    i.nrf_gpio_ports_read  nrf_drv_gpiote.o
    0x00022020   0x0000000c   Code   RO         3100    i.nrf_gpiote_event_addr_get  nrf_drv_gpiote.o
    0x0002202c   0x00000010   Code   RO         3101    i.nrf_gpiote_event_clear  nrf_drv_gpiote.o
    0x0002203c   0x00000016   Code   RO         3102    i.nrf_gpiote_event_is_set  nrf_drv_gpiote.o
    0x00022052   0x00000002   PAD
    0x00022054   0x0000000c   Code   RO         3103    i.nrf_gpiote_int_enable  nrf_drv_gpiote.o
    0x00022060   0x00000008   Code   RO         4642    i.nrf_log_backend_hexdump_handler_get  nrf_log_backend_serial.o
    0x00022068   0x00000090   Code   RO         4643    i.nrf_log_backend_init  nrf_log_backend_serial.o
    0x000220f8   0x00000178   Code   RO         4644    i.nrf_log_backend_serial_hexdump_handler  nrf_log_backend_serial.o
    0x00022270   0x000001a4   Code   RO         4645    i.nrf_log_backend_serial_std_handler  nrf_log_backend_serial.o
    0x00022414   0x00000008   Code   RO         4646    i.nrf_log_backend_std_handler_get  nrf_log_backend_serial.o
    0x0002241c   0x00000208   Code   RO         4756    i.nrf_log_frontend_dequeue  nrf_log_frontend.o
    0x00022624   0x00000024   Code   RO         4758    i.nrf_log_frontend_init  nrf_log_frontend.o
    0x00022648   0x00000084   Code   RO         4759    i.nrf_log_frontend_std_0  nrf_log_frontend.o
    0x000226cc   0x00000098   Code   RO         4760    i.nrf_log_frontend_std_1  nrf_log_frontend.o
    0x00022764   0x000000ac   Code   RO         4761    i.nrf_log_frontend_std_2  nrf_log_frontend.o
    0x00022810   0x000000c0   Code   RO         4762    i.nrf_log_frontend_std_3  nrf_log_frontend.o
    0x000228d0   0x000000e4   Code   RO         4764    i.nrf_log_frontend_std_5  nrf_log_frontend.o
    0x000229b4   0x0000000c   Code   RO         4767    i.nrf_log_handlers_set  nrf_log_frontend.o
    0x000229c0   0x0000002a   Code   RO         4768    i.nrf_log_init      nrf_log_frontend.o
    0x000229ea   0x00000014   Code   RO         3348    i.nrf_uart_errorsrc_get_and_clear  nrf_drv_uart.o
    0x000229fe   0x00000010   Code   RO         3349    i.nrf_uart_event_check  nrf_drv_uart.o
    0x00022a0e   0x00000006   Code   RO         3350    i.nrf_uart_event_clear  nrf_drv_uart.o
    0x00022a14   0x00000012   Code   RO         3351    i.nrf_uart_hwfc_pins_set  nrf_drv_uart.o
    0x00022a26   0x0000000a   Code   RO         3352    i.nrf_uart_int_disable  nrf_drv_uart.o
    0x00022a30   0x0000000a   Code   RO         3353    i.nrf_uart_int_enable  nrf_drv_uart.o
    0x00022a3a   0x00000018   Code   RO         3354    i.nrf_uart_int_enable_check  nrf_drv_uart.o
    0x00022a52   0x00000006   Code   RO         3355    i.nrf_uart_task_trigger  nrf_drv_uart.o
    0x00022a58   0x00000012   Code   RO         3356    i.nrf_uart_txrx_pins_set  nrf_drv_uart.o
    0x00022a6a   0x00000002   PAD
    0x00022a6c   0x000000a4   Code   RO           16    i.on_adv_evt        main.o
    0x00022b10   0x00000264   Code   RO           17    i.on_ble_evt        main.o
    0x00022d74   0x00000044   Code   RO           18    i.on_conn_params_evt  main.o
    0x00022db8   0x00000018   Code   RO         1020    i.on_conn_params_update  ble_conn_params.o
    0x00022dd0   0x0000003c   Code   RO         1021    i.on_connect        ble_conn_params.o
    0x00022e0c   0x00000006   Code   RO         5186    i.on_connect        ble_sls.o
    0x00022e12   0x00000002   PAD
    0x00022e14   0x00000014   Code   RO          903    i.on_connected      ble_advertising.o
    0x00022e28   0x00000044   Code   RO         1022    i.on_disconnect     ble_conn_params.o
    0x00022e6c   0x00000008   Code   RO         5187    i.on_disconnect     ble_sls.o
    0x00022e74   0x00000044   Code   RO          904    i.on_disconnected   ble_advertising.o
    0x00022eb8   0x0000002c   Code   RO         4391    i.on_operation_failure  fstorage.o
    0x00022ee4   0x00000078   Code   RO         4392    i.on_operation_success  fstorage.o
    0x00022f5c   0x00000038   Code   RO          905    i.on_timeout        ble_advertising.o
    0x00022f94   0x00000054   Code   RO         1023    i.on_write          ble_conn_params.o
    0x00022fe8   0x0000003e   Code   RO         5188    i.on_write          ble_sls.o
    0x00023026   0x00000002   PAD
    0x00023028   0x00000098   Code   RO         4007    i.op_enqueue        fds.o
    0x000230c0   0x00000040   Code   RO         4008    i.page_from_record  fds.o
    0x00023100   0x00000028   Code   RO         4009    i.page_has_space    fds.o
    0x00023128   0x00000030   Code   RO         4010    i.page_identify     fds.o
    0x00023158   0x0000001e   Code   RO         4011    i.page_is_erased    fds.o
    0x00023176   0x00000012   Code   RO         4012    i.page_offsets_update  fds.o
    0x00023188   0x00000070   Code   RO         4013    i.page_scan         fds.o
    0x000231f8   0x00000020   Code   RO         4014    i.page_tag_write_data  fds.o
    0x00023218   0x00000024   Code   RO         4015    i.page_tag_write_swap  fds.o
    0x0002323c   0x0000011c   Code   RO         4016    i.pages_init        fds.o
    0x00023358   0x0000007c   Code   RO         2568    i.pairing_failure   security_dispatcher.o
    0x000233d4   0x0000004c   Code   RO         2707    i.params_reply_pending_process  security_manager.o
    0x00023420   0x00000020   Code   RO         1931    i.pdb_evt_send      peer_database.o
    0x00023440   0x00000048   Code   RO         1932    i.pdb_init          peer_database.o
    0x00023488   0x0000000c   Code   RO         1934    i.pdb_next_deleted_peer_id_get  peer_database.o
    0x00023494   0x0000000c   Code   RO         1935    i.pdb_next_peer_id_get  peer_database.o
    0x000234a0   0x000001bc   Code   RO         1936    i.pdb_pds_evt_handler  peer_database.o
    0x0002365c   0x00000008   Code   RO         1937    i.pdb_peer_allocate  peer_database.o
    0x00023664   0x00000016   Code   RO         1939    i.pdb_peer_data_ptr_get  peer_database.o
    0x0002367a   0x0000005e   Code   RO         1940    i.pdb_peer_free     peer_database.o
    0x000236d8   0x00000016   Code   RO         1941    i.pdb_raw_store     peer_database.o
    0x000236ee   0x00000002   PAD
    0x000236f0   0x00000148   Code   RO         1942    i.pdb_write_buf_get  peer_database.o
    0x00023838   0x00000038   Code   RO         1943    i.pdb_write_buf_release  peer_database.o
    0x00023870   0x00000110   Code   RO         1944    i.pdb_write_buf_store  peer_database.o
    0x00023980   0x0000007c   Code   RO         1945    i.pdb_write_buf_store_prepare  peer_database.o
    0x000239fc   0x00000020   Code   RO         1768    i.pds_evt_send      peer_data_storage.o
    0x00023a1c   0x0000003c   Code   RO         1769    i.pds_init          peer_data_storage.o
    0x00023a58   0x0000000c   Code   RO         1770    i.pds_next_deleted_peer_id_get  peer_data_storage.o
    0x00023a64   0x0000000c   Code   RO         1771    i.pds_next_peer_id_get  peer_data_storage.o
    0x00023a70   0x0000005c   Code   RO         1774    i.pds_peer_data_iterate  peer_data_storage.o
    0x00023acc   0x00000010   Code   RO         1775    i.pds_peer_data_iterate_prepare  peer_data_storage.o
    0x00023adc   0x0000008c   Code   RO         1776    i.pds_peer_data_read  peer_data_storage.o
    0x00023b68   0x000000ca   Code   RO         1777    i.pds_peer_data_store  peer_data_storage.o
    0x00023c32   0x00000002   PAD
    0x00023c34   0x00000010   Code   RO         1778    i.pds_peer_id_allocate  peer_data_storage.o
    0x00023c44   0x0000001e   Code   RO         1779    i.pds_peer_id_free  peer_data_storage.o
    0x00023c62   0x0000000c   Code   RO         1780    i.pds_peer_id_is_allocated  peer_data_storage.o
    0x00023c6e   0x00000040   Code   RO         1781    i.pds_space_reserve  peer_data_storage.o
    0x00023cae   0x00000016   Code   RO         1782    i.pds_space_reserve_cancel  peer_data_storage.o
    0x00023cc4   0x00000018   Code   RO         1946    i.peer_data_const_point_to_buffer  peer_database.o
    0x00023cdc   0x000000a0   Code   RO         1783    i.peer_data_delete  peer_data_storage.o
    0x00023d7c   0x00000042   Code   RO         1784    i.peer_data_find    peer_data_storage.o
    0x00023dbe   0x00000022   Code   RO         1785    i.peer_data_id_is_valid  peer_data_storage.o
    0x00023de0   0x0000000c   Code   RO         1786    i.peer_data_id_to_record_key  peer_data_storage.o
    0x00023dec   0x00000014   Code   RO         1947    i.peer_data_point_to_buffer  peer_database.o
    0x00023e00   0x00000014   Code   RO         2107    i.peer_id_allocate  peer_id.o
    0x00023e14   0x0000002c   Code   RO         2108    i.peer_id_delete    peer_id.o
    0x00023e40   0x0000001c   Code   RO         2109    i.peer_id_free      peer_id.o
    0x00023e5c   0x00000014   Code   RO         2110    i.peer_id_get_next_deleted  peer_id.o
    0x00023e70   0x0000003c   Code   RO         2111    i.peer_id_get_next_used  peer_id.o
    0x00023eac   0x00000024   Code   RO         2112    i.peer_id_init      peer_id.o
    0x00023ed0   0x0000001c   Code   RO         2113    i.peer_id_is_allocated  peer_id.o
    0x00023eec   0x0000001c   Code   RO         2114    i.peer_id_is_deleted  peer_id.o
    0x00023f08   0x00000020   Code   RO         1563    i.peer_id_set       id_manager.o
    0x00023f28   0x0000000c   Code   RO         1787    i.peer_id_to_file_id  peer_data_storage.o
    0x00023f34   0x00000046   Code   RO         1788    i.peer_ids_load     peer_data_storage.o
    0x00023f7a   0x00000002   PAD
    0x00023f7c   0x00000130   Code   RO           19    i.peer_manager_init  main.o
    0x000240ac   0x0000001c   Code   RO         3105    i.pin_in_use_by_gpiote  nrf_drv_gpiote.o
    0x000240c8   0x00000018   Code   RO         3106    i.pin_in_use_by_port  nrf_drv_gpiote.o
    0x000240e0   0x00000020   Code   RO         3107    i.pin_in_use_by_te  nrf_drv_gpiote.o
    0x00024100   0x00000010   Code   RO         3108    i.pin_in_use_clear  nrf_drv_gpiote.o
    0x00024110   0x0000008a   Code   RO         3357    i.pins_to_default   nrf_drv_uart.o
    0x0002419a   0x00000068   Code   RO         2468    i.pm_buffer_block_acquire  pm_buffer.o
    0x00024202   0x00000052   Code   RO         2469    i.pm_buffer_init    pm_buffer.o
    0x00024254   0x00000038   Code   RO         2470    i.pm_buffer_ptr_get  pm_buffer.o
    0x0002428c   0x00000030   Code   RO         2471    i.pm_buffer_release  pm_buffer.o
    0x000242bc   0x00000010   Code   RO         2198    i.pm_conn_sec_config_reply  peer_manager.o
    0x000242cc   0x0000015c   Code   RO           20    i.pm_evt_handler    main.o
    0x00024428   0x000000b2   Code   RO         2202    i.pm_gcm_evt_handler  peer_manager.o
    0x000244da   0x00000002   PAD
    0x000244dc   0x00000058   Code   RO         2205    i.pm_im_evt_handler  peer_manager.o
    0x00024534   0x000000b0   Code   RO         2206    i.pm_init           peer_manager.o
    0x000245e4   0x0000001c   Code   RO         2208    i.pm_local_database_has_changed  peer_manager.o
    0x00024600   0x00000016   Code   RO         2507    i.pm_mutex_init     pm_mutex.o
    0x00024616   0x00000022   Code   RO         2508    i.pm_mutex_lock     pm_mutex.o
    0x00024638   0x00000034   Code   RO         2509    i.pm_mutex_lock_first_available  pm_mutex.o
    0x0002466c   0x00000026   Code   RO         2510    i.pm_mutex_lock_status_get  pm_mutex.o
    0x00024692   0x0000003c   Code   RO         2511    i.pm_mutex_unlock   pm_mutex.o
    0x000246ce   0x00000002   PAD
    0x000246d0   0x0000002c   Code   RO         2210    i.pm_on_ble_evt     peer_manager.o
    0x000246fc   0x000001c4   Code   RO         2211    i.pm_pdb_evt_handler  peer_manager.o
    0x000248c0   0x00000020   Code   RO         2222    i.pm_peer_delete    peer_manager.o
    0x000248e0   0x00000054   Code   RO         2227    i.pm_peers_delete   peer_manager.o
    0x00024934   0x00000044   Code   RO         2230    i.pm_register       peer_manager.o
    0x00024978   0x00000024   Code   RO         2232    i.pm_sec_params_set  peer_manager.o
    0x0002499c   0x000001b4   Code   RO         2233    i.pm_sm_evt_handler  peer_manager.o
    0x00024b50   0x000000d8   Code   RO         5261    i.pnp_id_encode     ble_dis.o
    0x00024c28   0x00000034   Code   RO           21    i.power_manage      main.o
    0x00024c5c   0x00000048   Code   RO         4017    i.queue_advance     fds.o
    0x00024ca4   0x00000038   Code   RO         4393    i.queue_advance     fstorage.o
    0x00024cdc   0x00000064   Code   RO         4394    i.queue_get_next_free  fstorage.o
    0x00024d40   0x000000a8   Code   RO         4018    i.queue_process     fds.o
    0x00024de8   0x00000070   Code   RO         4395    i.queue_process     fstorage.o
    0x00024e58   0x0000001a   Code   RO         4019    i.queue_start       fds.o
    0x00024e72   0x00000002   PAD
    0x00024e74   0x00000030   Code   RO         4396    i.queue_start       fstorage.o
    0x00024ea4   0x00000016   Code   RO         5036    i.ram_end_address_get  softdevice_handler.o
    0x00024eba   0x00000002   PAD
    0x00024ebc   0x0000004c   Code   RO         1116    i.record_activate   ble_conn_state.o
    0x00024f08   0x00000090   Code   RO         4020    i.record_find       fds.o
    0x00024f98   0x0000003c   Code   RO         4021    i.record_find_and_delete  fds.o
    0x00024fd4   0x00000080   Code   RO         4022    i.record_find_by_desc  fds.o
    0x00025054   0x00000064   Code   RO         4023    i.record_find_next  fds.o
    0x000250b8   0x0000003c   Code   RO         4024    i.record_header_flag_dirty  fds.o
    0x000250f4   0x0000002c   Code   RO         4025    i.record_header_write_begin  fds.o
    0x00025120   0x00000038   Code   RO         4026    i.record_header_write_finalize  fds.o
    0x00025158   0x0000003c   Code   RO         4027    i.record_header_write_id  fds.o
    0x00025194   0x00000014   Code   RO         4028    i.record_id_new     fds.o
    0x000251a8   0x0000001c   Code   RO         1117    i.record_invalidate  ble_conn_state.o
    0x000251c4   0x0000000c   Code   RO         1789    i.record_key_to_peer_data_id  peer_data_storage.o
    0x000251d0   0x0000001c   Code   RO         1790    i.record_key_within_pm_range  peer_data_storage.o
    0x000251ec   0x00000044   Code   RO         1118    i.record_purge_disconnected  ble_conn_state.o
    0x00025230   0x00000018   Code   RO         1119    i.record_set_disconnected  ble_conn_state.o
    0x00025248   0x00000054   Code   RO         4029    i.record_write_chunk  fds.o
    0x0002529c   0x00000014   Code   RO         2116    i.release           peer_id.o
    0x000252b0   0x0000000c   Code   RO         3687    i.rtc1_compare0_set  app_timer.o
    0x000252bc   0x0000000c   Code   RO         3688    i.rtc1_counter_get  app_timer.o
    0x000252c8   0x00000018   Code   RO         3689    i.rtc1_init         app_timer.o
    0x000252e0   0x0000003c   Code   RO         3690    i.rtc1_start        app_timer.o
    0x0002531c   0x00000058   Code   RO         3691    i.rtc1_stop         app_timer.o
    0x00025374   0x00000048   Code   RO         3358    i.rx_byte           nrf_drv_uart.o
    0x000253bc   0x0000001c   Code   RO         3359    i.rx_done_event     nrf_drv_uart.o
    0x000253d8   0x000000ac   Code   RO         5038    i.sd_nvic_EnableIRQ  softdevice_handler.o
    0x00025484   0x0000000e   Code   RO         1330    i.sdk_mapped_flags_any_set  gatt_cache_manager.o
    0x00025492   0x0000000e   Code   RO         2708    i.sdk_mapped_flags_any_set  security_manager.o
    0x000254a0   0x00000062   Code   RO         4554    i.sdk_mapped_flags_bulk_update_by_key  sdk_mapped_flags.o
    0x00025502   0x00000002   PAD
    0x00025504   0x00000028   Code   RO         4555    i.sdk_mapped_flags_first_key_index_get  sdk_mapped_flags.o
    0x0002552c   0x00000014   Code   RO         4556    i.sdk_mapped_flags_get_by_index  sdk_mapped_flags.o
    0x00025540   0x0000002c   Code   RO         4557    i.sdk_mapped_flags_get_by_key  sdk_mapped_flags.o
    0x0002556c   0x00000046   Code   RO         4558    i.sdk_mapped_flags_key_list_get  sdk_mapped_flags.o
    0x000255b2   0x0000001a   Code   RO         4560    i.sdk_mapped_flags_update_by_key  sdk_mapped_flags.o
    0x000255cc   0x000000dc   Code   RO         2569    i.sec_info_request_process  security_dispatcher.o
    0x000256a8   0x0000001a   Code   RO         2570    i.sec_params_request_process  security_dispatcher.o
    0x000256c2   0x00000108   Code   RO         2709    i.sec_params_verify  security_manager.o
    0x000257ca   0x00000002   PAD
    0x000257cc   0x00000060   Code   RO         2571    i.sec_proc_start    security_dispatcher.o
    0x0002582c   0x00000030   Code   RO         2572    i.sec_request_process  security_dispatcher.o
    0x0002585c   0x00000020   Code   RO         2573    i.sec_start_send    security_dispatcher.o
    0x0002587c   0x0000001a   Code   RO         2710    i.send_config_req   security_manager.o
    0x00025896   0x0000005a   Code   RO         4397    i.send_event        fstorage.o
    0x000258f0   0x00000014   Code   RO         4648    i.serial_is_busy    nrf_log_backend_serial.o
    0x00025904   0x00000074   Code   RO         4649    i.serial_tx         nrf_log_backend_serial.o
    0x00025978   0x00000070   Code   RO         1331    i.service_changed_pending_flags_check  gatt_cache_manager.o
    0x000259e8   0x00000050   Code   RO         1459    i.service_changed_pending_set  gatts_cache_manager.o
    0x00025a38   0x000000c0   Code   RO         1332    i.service_changed_send_in_evt  gatt_cache_manager.o
    0x00025af8   0x00000096   Code   RO          796    i.service_data_encode  ble_advdata.o
    0x00025b8e   0x00000002   PAD
    0x00025b90   0x000000c0   Code   RO           22    i.services_init     main.o
    0x00025c50   0x00000020   Code   RO          906    i.set_adv_mode_directed  ble_advertising.o
    0x00025c70   0x0000002c   Code   RO          907    i.set_adv_mode_directed_slow  ble_advertising.o
    0x00025c9c   0x00000070   Code   RO          908    i.set_adv_mode_fast  ble_advertising.o
    0x00025d0c   0x00000070   Code   RO          909    i.set_adv_mode_slow  ble_advertising.o
    0x00025d7c   0x00000002   Code   RO           23    i.sleep_mode_enter  main.o
    0x00025d7e   0x00000002   PAD
    0x00025d80   0x00000018   Code   RO         2711    i.sm_ble_evt_handler  security_manager.o
    0x00025d98   0x00000024   Code   RO         2712    i.sm_conn_sec_config_reply  security_manager.o
    0x00025dbc   0x00000064   Code   RO         2713    i.sm_init           security_manager.o
    0x00025e20   0x00000060   Code   RO         2716    i.sm_pdb_evt_handler  security_manager.o
    0x00025e80   0x00000038   Code   RO         2718    i.sm_sec_params_set  security_manager.o
    0x00025eb8   0x000000a8   Code   RO         2719    i.sm_smd_evt_handler  security_manager.o
    0x00025f60   0x00000058   Code   RO         2574    i.smd_ble_evt_handler  security_dispatcher.o
    0x00025fb8   0x0000004c   Code   RO         2575    i.smd_init          security_dispatcher.o
    0x00026004   0x00000038   Code   RO         2576    i.smd_link_secure   security_dispatcher.o
    0x0002603c   0x00000130   Code   RO         2577    i.smd_params_reply  security_dispatcher.o
    0x0002616c   0x00000094   Code   RO         2720    i.smd_params_reply_perform  security_manager.o
    0x00026200   0x00000034   Code   RO         2578    i.smd_pdb_evt_handler  security_dispatcher.o
    0x00026234   0x0000001c   Code   RO         5039    i.softdevice_ble_evt_handler_set  softdevice_handler.o
    0x00026250   0x00000100   Code   RO         5040    i.softdevice_enable  softdevice_handler.o
    0x00026350   0x0000002e   Code   RO         5041    i.softdevice_enable_get_default_config  softdevice_handler.o
    0x0002637e   0x00000014   Code   RO         5042    i.softdevice_fault_handler  softdevice_handler.o
    0x00026392   0x00000002   PAD
    0x00026394   0x000000a8   Code   RO         5043    i.softdevice_handler_init  softdevice_handler.o
    0x0002643c   0x0000000c   Code   RO         5044    i.softdevice_handler_is_enabled  softdevice_handler.o
    0x00026448   0x0000001c   Code   RO         5049    i.softdevice_sys_evt_handler_set  softdevice_handler.o
    0x00026464   0x00000010   Code   RO          797    i.srdata_check      ble_advdata.o
    0x00026474   0x00000032   Code   RO         4398    i.store_execute     fstorage.o
    0x000264a6   0x00000012   Code   RO           24    i.sys_evt_dispatch  main.o
    0x000264b8   0x000000e0   Code   RO         5262    i.sys_id_encode     ble_dis.o
    0x00026598   0x0000000a   Code   RO         3692    i.ticks_diff_get    app_timer.o
    0x000265a2   0x00000002   PAD
    0x000265a4   0x0000007c   Code   RO         3693    i.timeout_handler_exec  app_timer.o
    0x00026620   0x00000058   Code   RO         3694    i.timer_list_handler  app_timer.o
    0x00026678   0x0000000a   Code   RO         3695    i.timer_list_handler_sched  app_timer.o
    0x00026682   0x00000002   PAD
    0x00026684   0x0000006c   Code   RO         3696    i.timer_list_insert  app_timer.o
    0x000266f0   0x00000070   Code   RO         3697    i.timer_list_remove  app_timer.o
    0x00026760   0x0000005c   Code   RO         3698    i.timer_start_op_schedule  app_timer.o
    0x000267bc   0x00000042   Code   RO         3699    i.timer_stop_op_schedule  app_timer.o
    0x000267fe   0x00000002   PAD
    0x00026800   0x00000094   Code   RO         3700    i.timer_timeouts_check  app_timer.o
    0x00026894   0x0000000a   Code   RO         3701    i.timer_timeouts_check_sched  app_timer.o
    0x0002689e   0x00000002   PAD
    0x000268a0   0x00000044   Code   RO           25    i.timers_init       main.o
    0x000268e4   0x00000054   Code   RO         4650    i.timestamp_process  nrf_log_backend_serial.o
    0x00026938   0x0000002a   Code   RO         3361    i.tx_byte           nrf_drv_uart.o
    0x00026962   0x00000022   Code   RO         3362    i.tx_done_event     nrf_drv_uart.o
    0x00026984   0x00000036   Code   RO          798    i.tx_power_level_encode  ble_advdata.o
    0x000269ba   0x00000002   PAD
    0x000269bc   0x00000010   Code   RO         4651    i.uart_event_handler  nrf_log_backend_serial.o
    0x000269cc   0x00000158   Code   RO         3363    i.uart_irq_handler  nrf_drv_uart.o
    0x00026b24   0x0000000c   Code   RO         1259    i.uint16_decode     ble_srv_common.o
    0x00026b30   0x00000012   Code   RO          799    i.uint16_encode     ble_advdata.o
    0x00026b42   0x00000012   Code   RO         5263    i.uint16_encode     ble_dis.o
    0x00026b54   0x0000005c   Code   RO         1333    i.update_pending_flags_check  gatt_cache_manager.o
    0x00026bb0   0x0000009c   Code   RO         1024    i.update_timeout_handler  ble_conn_params.o
    0x00026c4c   0x00000014   Code   RO         1120    i.user_flag_acquire  ble_conn_state.o
    0x00026c60   0x0000001c   Code   RO         1121    i.user_flag_is_acquired  ble_conn_state.o
    0x00026c7c   0x00000038   Code   RO         3702    i.user_op_alloc     app_timer.o
    0x00026cb4   0x0000000c   Code   RO         3703    i.user_op_enque     app_timer.o
    0x00026cc0   0x0000004c   Code   RO          800    i.uuid_list_encode  ble_advdata.o
    0x00026d0c   0x000000e0   Code   RO          801    i.uuid_list_sized_encode  ble_advdata.o
    0x00026dec   0x00000160   Code   RO         5189    i.uv_lamp_cmd_char_add  ble_sls.o
    0x00026f4c   0x00000138   Code   RO         5190    i.uv_lamp_door_status_char_add  ble_sls.o
    0x00027084   0x0000013c   Code   RO         5191    i.uv_lamp_status_char_add  ble_sls.o
    0x000271c0   0x0000001c   Code   RO          910    i.whitelist_has_entries  ble_advertising.o
    0x000271dc   0x00000038   Code   RO         1948    i.write_buf_length_words_set  peer_database.o
    0x00027214   0x00000034   Code   RO         1949    i.write_buffer_record_find  peer_database.o
    0x00027248   0x0000002c   Code   RO         1950    i.write_buffer_record_find_next  peer_database.o
    0x00027274   0x00000010   Code   RO         1951    i.write_buffer_record_find_unused  peer_database.o
    0x00027284   0x00000028   Code   RO         1952    i.write_buffer_record_get  peer_database.o
    0x000272ac   0x0000002e   Code   RO         1953    i.write_buffer_record_invalidate  peer_database.o
    0x000272da   0x00000002   PAD
    0x000272dc   0x00000028   Code   RO         1954    i.write_buffer_record_release  peer_database.o
    0x00027304   0x00000110   Code   RO         4030    i.write_enqueue     fds.o
    0x00027414   0x000000c4   Code   RO         4031    i.write_execute     fds.o
    0x000274d8   0x0000001c   Code   RO         4032    i.write_space_free  fds.o
    0x000274f4   0x00000068   Code   RO         4033    i.write_space_reserve  fds.o
    0x0002755c   0x00000004   Data   RO           27    .constdata          main.o
    0x00027560   0x0000000a   Data   RO          412    .constdata          boards.o
    0x0002756a   0x00000002   PAD
    0x0002756c   0x00000024   Data   RO          583    .constdata          bsp.o
    0x00027590   0x00000008   Data   RO          691    .constdata          bsp_btn_switch.o
    0x00027598   0x00000004   Data   RO         1026    .constdata          ble_conn_params.o
    0x0002759c   0x00000018   Data   RO         1460    .constdata          gatts_cache_manager.o
    0x000275b4   0x00000008   Data   RO         1566    .constdata          id_manager.o
    0x000275bc   0x00000004   Data   RO         1791    .constdata          peer_data_storage.o
    0x000275c0   0x00000014   Data   RO         1956    .constdata          peer_database.o
    0x000275d4   0x00000044   Data   RO         2580    .constdata          security_dispatcher.o
    0x00027618   0x00000004   Data   RO         2721    .constdata          security_manager.o
    0x0002761c   0x00000047   Data   RO         3110    .constdata          nrf_drv_gpiote.o
    0x00027663   0x00000001   PAD
    0x00027664   0x00000008   Data   RO         3558    .constdata          app_button.o
    0x0002766c   0x00000014   Data   RO         4035    .constdata          fds.o
    0x00027680   0x00000028   Data   RO         4653    .constdata          nrf_log_backend_serial.o
    0x000276a8   0x00000024   Data   RO         4771    .constdata          nrf_log_frontend.o
    0x000276cc   0x00000081   Data   RO         5363    .constdata          mc_p.l(ctype_o.o)
    0x0002774d   0x00000003   PAD
    0x00027750   0x00000004   Data   RO         5364    .constdata          mc_p.l(ctype_o.o)
    0x00027754   0x0000016b   Data   RO           28    .conststring        main.o
    0x000278bf   0x00000001   PAD
    0x000278c0   0x00000206   Data   RO          692    .conststring        bsp_btn_switch.o
    0x00027ac6   0x00000002   PAD
    0x00027ac8   0x00000307   Data   RO         4539    .conststring        sdk_errors.o
    0x00027dcf   0x00000001   PAD
    0x00027dd0   0x00000012   Data   RO         4772    .conststring        nrf_log_frontend.o
    0x00027de2   0x00000002   PAD
    0x00027de4   0x000000a3   Data   RO         5050    .conststring        softdevice_handler.o
    0x00027e87   0x00000001   PAD
    0x00027e88   0x00000020   Data   RO         5705    Region$$Table       anon$$obj.o


    Execution Region RW_IRAM1 (Base: 0x20001fe8, Size: 0x00001be8, Max: 0x00002018, ABSOLUTE, COMPRESSED[0x0000009c])

    Base Addr    Size         Type   Attr      Idx    E Section Name        Object

    0x20001fe8   0x00000006   Data   RW           29    .data               main.o
    0x20001fee   0x00000002   PAD
    0x20001ff0   0x00000014   Data   RW          584    .data               bsp.o
    0x20002004   0x00000005   Data   RW          693    .data               bsp_btn_switch.o
    0x20002009   0x00000003   PAD
    0x2000200c   0x00000030   Data   RW          912    .data               ble_advertising.o
    0x2000203c   0x00000015   Data   RW         1027    .data               ble_conn_params.o
    0x20002051   0x00000003   PAD
    0x20002054   0x00000009   Data   RW         1334    .data               gatt_cache_manager.o
    0x2000205d   0x00000003   PAD
    0x20002060   0x0000000a   Data   RW         1461    .data               gatts_cache_manager.o
    0x2000206a   0x0000000a   Data   RW         1567    .data               id_manager.o
    0x20002074   0x0000000c   Data   RW         1792    .data               peer_data_storage.o
    0x20002080   0x00000009   Data   RW         1957    .data               peer_database.o
    0x20002089   0x00000003   PAD
    0x2000208c   0x00000011   Data   RW         2239    .data               peer_manager.o
    0x2000209d   0x00000004   Data   RW         2581    .data               security_dispatcher.o
    0x200020a1   0x00000003   PAD
    0x200020a4   0x00000013   Data   RW         2722    .data               security_manager.o
    0x200020b7   0x00000001   PAD
    0x200020b8   0x00000014   Data   RW         3559    .data               app_button.o
    0x200020cc   0x00000022   Data   RW         3704    .data               app_timer.o
    0x200020ee   0x00000002   PAD
    0x200020f0   0x0000000c   Data   RW         3888    .data               app_util_platform.o
    0x200020fc   0x0000001a   Data   RW         4036    .data               fds.o
    0x20002116   0x00000002   Data   RW         4400    .data               fstorage.o
    0x20002118   0x00000078   Data   RW         4540    .data               sdk_errors.o
    0x20002190   0x0000000b   Data   RW         4654    .data               nrf_log_backend_serial.o
    0x2000219b   0x00000001   PAD
    0x2000219c   0x00000004   Data   RW         4773    .data               nrf_log_frontend.o
    0x200021a0   0x00000018   Data   RW         5051    .data               softdevice_handler.o
    0x200021b8   0x00000007   Data   RW         5192    .data               ble_sls.o
    0x200021bf   0x00000001   PAD
    0x200021c0   0x0000004a   Data   RW         5264    .data               ble_dis.o
    0x2000220a   0x00000002   PAD
    0x2000220c   0x00000004   Data   RW         5313    .data               system_nrf51.o
    0x20002210   0x00000010   Data   RW         4037    fs_data             fds.o
    0x20002220   0x00000100   Zero   RW           26    .bss                main.o
    0x20002320   0x0000006c   Zero   RW          582    .bss                bsp.o
    0x2000238c   0x00000040   Zero   RW          690    .bss                bsp_btn_switch.o
    0x200023cc   0x000001ac   Zero   RW          911    .bss                ble_advertising.o
    0x20002578   0x0000003c   Zero   RW         1025    .bss                ble_conn_params.o
    0x200025b4   0x00000034   Zero   RW         1122    .bss                ble_conn_state.o
    0x200025e8   0x00000070   Zero   RW         1565    .bss                id_manager.o
    0x20002658   0x00000330   Zero   RW         1955    .bss                peer_database.o
    0x20002988   0x00000040   Zero   RW         2117    .bss                peer_id.o
    0x200029c8   0x0000000c   Zero   RW         2237    .bss                peer_manager.o
    0x200029d4   0x00000040   Zero   RW         2579    .bss                security_dispatcher.o
    0x20002a14   0x00000014   Zero   RW         2863    .bss                nrf_drv_clock.o
    0x20002a28   0x00000048   Zero   RW         3109    .bss                nrf_drv_gpiote.o
    0x20002a70   0x0000001c   Zero   RW         3364    .bss                nrf_drv_uart.o
    0x20002a8c   0x00000020   Zero   RW         3557    .bss                app_button.o
    0x20002aac   0x0000011c   Zero   RW         4034    .bss                fds.o
    0x20002bc8   0x00000068   Zero   RW         4399    .bss                fstorage.o
    0x20002c30   0x00000100   Zero   RW         4652    .bss                nrf_log_backend_serial.o
    0x20002d30   0x00000418   Zero   RW         4770    .bss                nrf_log_frontend.o
    0x20003148   0x00000288   Zero   RW         4902    .bss                segger_rtt.o
    0x200033d0   0x00000800   Zero   RW         5299    STACK               arm_startup_nrf51.o


==============================================================================

Image component sizes


      Code (inc. data)   RO Data    RW Data    ZI Data      Debug   Object Name

       436         76          8         20         32       9090   app_button.o
        32          4          0          0          0       3128   app_error.o
      2376        332          0         34          0      48339   app_timer.o
       160         22          0         12          0       6406   app_util_platform.o
        56         18        192          0       2048        732   arm_startup_nrf51.o
      1874          4          0          0          0      33712   ble_advdata.o
      1654        254          0         48        428      14245   ble_advertising.o
       758        128          4         21         60       7792   ble_conn_params.o
       742        136          0          0         52      11950   ble_conn_state.o
      1194        246          0         74          0       6047   ble_dis.o
      2776        274          0          7          0      12469   ble_sls.o
        30          0          0          0          0      17986   ble_srv_common.o
       554         48         10          0          0      16212   boards.o
      1498        132         36         20        108      12384   bsp.o
      2044       1268        526          5         64      10616   bsp_btn_switch.o
      4926        486         20         42        284      55122   fds.o
      1322         90          0          2        104      14639   fstorage.o
      1414        120          0          9          0      19512   gatt_cache_manager.o
       710         84         24         10          0      10243   gatts_cache_manager.o
      1378        108          8         10        112      20327   id_manager.o
      3210        896        367          6        256     141160   main.o
       374         34          0          0         20      13388   nrf_drv_clock.o
       176         18          0          0          0       7196   nrf_drv_common.o
      2142        414         71          0         72      33090   nrf_drv_gpiote.o
      1592         42          0          0         28      39049   nrf_drv_uart.o
      1262         84         40         11        256      17055   nrf_log_backend_serial.o
      1674         86         54          4       1048      13508   nrf_log_frontend.o
      1480         70          4         12          0      19808   peer_data_storage.o
      1868         82         20          9        816      24695   peer_database.o
       430         62          0          0         64       9343   peer_id.o
      1722        170          0         17         12      13788   peer_manager.o
       290          0          0          0          0       4287   pm_buffer.o
       260          0          0          0          0       5289   pm_mutex.o
         0          0        775        120          0       1015   sdk_errors.o
       298          4          0          0          0       6116   sdk_mapped_flags.o
      2228        146         68          4         64      23192   security_dispatcher.o
      1618        172          4         19          0      17784   security_manager.o
       492         46          0          0        648       8033   segger_rtt.o
      1104        286        163         24          0      23360   softdevice_handler.o
       348         38          0          4          0       2779   system_nrf51.o

    ----------------------------------------------------------------------
     48606       6480       2436        568       6576     754886   Object Totals
         0          0         32          0          0          0   (incl. Generated)
       104          0         10         24          0          0   (incl. Padding)

    ----------------------------------------------------------------------

      Code (inc. data)   RO Data    RW Data    ZI Data      Debug   Library Member Name

        86          0          0          0          0          0   __dczerorl2.o
         8          4        133          0          0         60   ctype_o.o
         0          0          0          0          0          0   entry.o
         0          0          0          0          0          0   entry10a.o
         0          0          0          0          0          0   entry11a.o
         8          4          0          0          0          0   entry2.o
         4          0          0          0          0          0   entry5.o
         0          0          0          0          0          0   entry7b.o
         0          0          0          0          0          0   entry8b.o
         8          4          0          0          0          0   entry9a.o
        30          0          0          0          0          0   handlers.o
        36          8          0          0          0         68   init.o
        32          0          0          0          0         68   llshl.o
        34          0          0          0          0         68   llushr.o
        26          0          0          0          0         72   memcmp.o
        36          0          0          0          0         60   memcpya.o
        36          0          0          0          0        100   memseta.o
      1206         50          0          0          0        384   printf8.o
        18          0          0          0          0         60   strcpy.o
        14          0          0          0          0         60   strlen.o
        44          0          0          0          0         72   uidiv.o
        96          0          0          0          0         84   uldiv.o

    ----------------------------------------------------------------------
      1726         70        136          0          0       1156   Library Totals
         4          0          3          0          0          0   (incl. Padding)

    ----------------------------------------------------------------------

      Code (inc. data)   RO Data    RW Data    ZI Data      Debug   Library Name

      1722         70        133          0          0       1156   mc_p.l

    ----------------------------------------------------------------------
      1726         70        136          0          0       1156   Library Totals

    ----------------------------------------------------------------------

==============================================================================


      Code (inc. data)   RO Data    RW Data    ZI Data      Debug   

     50332       6550       2572        568       6576     731626   Grand Totals
     50332       6550       2572        156       6576     731626   ELF Image Totals (compressed)
     50332       6550       2572        156          0          0   ROM Totals

==============================================================================

    Total RO  Size (Code + RO Data)                52904 (  51.66kB)
    Total RW  Size (RW Data + ZI Data)              7144 (   6.98kB)
    Total ROM Size (Code + RO Data + RW Data)      53060 (  51.82kB)

==============================================================================

