<html>
<body>
<pre>
<h1>µVision Build Log</h1>
<h2>Tool Versions:</h2>
IDE-Version: ¦ÌVision V5.12.0.0
Copyright (C) 2014 ARM Ltd and ARM Germany GmbH. All rights reserved.
License Information: wkx wkx, 11, LIC=D0D74-FPRJP-CXQU6-DS1TI-W1ZVQ-9PP0M
 
Tool Versions:
Toolchain:       MDK-ARM Standard  Version: 5.12.0.0
Toolchain Path:  C:\Keil_v5\ARM\ARMCC\Bin
C Compiler:      Armcc.exe V5.05 (build 41)
Assembler:       Armasm.exe V5.05 (build 41)
Linker/Locator:  ArmLink.exe V5.05 (build 41)
Library Manager: ArmAr.exe V5.05 (build 41)
Hex Converter:   FromElf.exe V5.05 (build 41)
CPU DLL:         SARMCM3.DLL V5.12.0.0
Dialog DLL:      DARMCM1.DLL V1.11.00.0
    Target DLL: Segger\JL2CM3.dll
Dialog DLL:      TARMCM1.DLL V1.08.00.0
 
<h2>Project:</h2>
D:\development\nordic_ble\src_code\nrf51_sdk_v12_3_0\nRF5_SDK_12.3.0_d7731ad\examples\ble_peripheral\ble_app_smart_locker\JJDK_ZG_ZK\s130\arm5_no_packs\ble_app_smart_locker_jjdk_zg_zk_s130v2.uvprojx
Project File Date:  05/23/2017

<h2>Output:</h2>
Build target 'nrf51822_xxaa_smart_locker_s130v2_debug'
creating preprocessor file for main.c...
compiling main.c...
creating preprocessor file for boards.c...
compiling boards.c...
creating preprocessor file for bsp.c...
compiling bsp.c...
creating preprocessor file for bsp_btn_switch.c...
compiling bsp_btn_switch.c...
creating preprocessor file for ble_advdata.c...
compiling ble_advdata.c...
creating preprocessor file for ble_advertising.c...
compiling ble_advertising.c...
creating preprocessor file for ble_conn_params.c...
compiling ble_conn_params.c...
creating preprocessor file for ble_conn_state.c...
compiling ble_conn_state.c...
creating preprocessor file for ble_srv_common.c...
compiling ble_srv_common.c...
creating preprocessor file for gatt_cache_manager.c...
compiling gatt_cache_manager.c...
creating preprocessor file for gatts_cache_manager.c...
compiling gatts_cache_manager.c...
creating preprocessor file for id_manager.c...
compiling id_manager.c...
creating preprocessor file for peer_data.c...
compiling peer_data.c...
creating preprocessor file for peer_data_storage.c...
compiling peer_data_storage.c...
creating preprocessor file for peer_database.c...
compiling peer_database.c...
creating preprocessor file for peer_id.c...
compiling peer_id.c...
creating preprocessor file for peer_manager.c...
compiling peer_manager.c...
creating preprocessor file for pm_buffer.c...
compiling pm_buffer.c...
creating preprocessor file for pm_mutex.c...
compiling pm_mutex.c...
creating preprocessor file for security_dispatcher.c...
compiling security_dispatcher.c...
creating preprocessor file for security_manager.c...
compiling security_manager.c...
creating preprocessor file for nrf_drv_clock.c...
compiling nrf_drv_clock.c...
creating preprocessor file for nrf_drv_common.c...
compiling nrf_drv_common.c...
creating preprocessor file for nrf_drv_gpiote.c...
compiling nrf_drv_gpiote.c...
creating preprocessor file for nrf_drv_uart.c...
compiling nrf_drv_uart.c...
creating preprocessor file for app_button.c...
compiling app_button.c...
creating preprocessor file for app_error.c...
compiling app_error.c...
creating preprocessor file for app_error_weak.c...
compiling app_error_weak.c...
creating preprocessor file for app_timer.c...
compiling app_timer.c...
creating preprocessor file for app_util_platform.c...
compiling app_util_platform.c...
creating preprocessor file for crc16.c...
compiling crc16.c...
creating preprocessor file for fds.c...
compiling fds.c...
creating preprocessor file for fstorage.c...
compiling fstorage.c...
creating preprocessor file for hardfault_implementation.c...
compiling hardfault_implementation.c...
creating preprocessor file for nrf_assert.c...
compiling nrf_assert.c...
creating preprocessor file for sdk_errors.c...
compiling sdk_errors.c...
creating preprocessor file for sdk_mapped_flags.c...
compiling sdk_mapped_flags.c...
creating preprocessor file for sensorsim.c...
compiling sensorsim.c...
creating preprocessor file for nrf_log_backend_serial.c...
compiling nrf_log_backend_serial.c...
creating preprocessor file for nrf_log_frontend.c...
compiling nrf_log_frontend.c...
creating preprocessor file for RTT_Syscalls_KEIL.c...
compiling RTT_Syscalls_KEIL.c...
creating preprocessor file for SEGGER_RTT.c...
compiling SEGGER_RTT.c...
creating preprocessor file for SEGGER_RTT_printf.c...
compiling SEGGER_RTT_printf.c...
creating preprocessor file for softdevice_handler.c...
compiling softdevice_handler.c...
creating preprocessor file for ble_sls.c...
compiling ble_sls.c...
creating preprocessor file for ble_dis.c...
compiling ble_dis.c...
assembling arm_startup_nrf51.s...
creating preprocessor file for system_nrf51.c...
compiling system_nrf51.c...
linking...
Program Size: Code=47076 RO-data=1428 RW-data=372 ZI-data=5932  
FromELF: creating hex file...
".\DEBUG\nrf51822_xxaa_smart_locker.axf" - 0 Error(s), 0 Warning(s).

<h2>Software Packages used:</h2>

Package Vendor: ARM
                http://www.keil.com/pack/ARM.CMSIS.4.2.0.pack
                ARM::CMSIS:CORE:3.40.0
                CMSIS (Cortex Microcontroller Software Interface Standard)
   * Component: CORE Version: 3.40.0

Package Vendor: NordicSemiconductor
                http://developer.nordicsemi.com/nRF5_SDK/pieces/nRF_DeviceFamilyPack/NordicSemiconductor.nRF_DeviceFamilyPack.8.11.1.pack
                NordicSemiconductor::Device:Startup:8.11.1
                Nordic Semiconductor nRF ARM devices Device Family Pack.
   * Component: Startup Version: 8.11.1

<h2>Collection of Component include folders:</h2>
  D:\development\nordic_ble\src_code\nrf51_sdk_v12_3_0\nRF5_SDK_12.3.0_d7731ad\examples\ble_peripheral\ble_app_smart_locker\JJDK_ZG_ZK\s130\arm5_no_packs\RTE
  C:\Keil_v5\ARM\PACK\ARM\CMSIS\4.2.0\CMSIS\Include
  C:\Keil_v5\ARM\PACK\NordicSemiconductor\nRF_DeviceFamilyPack\8.11.1\Device\Include

<h2>Collection of Component Files used:</h2>

   * Component: ARM::CMSIS:CORE:3.40.0
      Source file:   CMSIS\UserCodeTemplates\ARM\ITM_Retarget.c

   * Component: NordicSemiconductor::Device:Startup:8.11.1
      Include file:  Device\Include\system_nrf51.h
      Source file:   Device\Source\system_nrf51.c
      Source file:   Device\Source\arm\arm_startup_nrf51.s
</pre>
</body>
</html>
