Component: ARM Compiler 5.05 (build 41) Tool: armlink [4d0eb9]

==============================================================================

Section Cross References

    main.o(i.advertising_init) refers to memseta.o(.text) for __aeabi_memclr4
    main.o(i.advertising_init) refers to ble_advertising.o(i.ble_advertising_init) for ble_advertising_init
    main.o(i.advertising_init) refers to app_error.o(i.app_error_handler) for app_error_handler
    main.o(i.advertising_init) refers to main.o(.data) for m_adv_uuids
    main.o(i.advertising_init) refers to main.o(i.on_adv_evt) for on_adv_evt
    main.o(i.app_error_fault_handler) refers to nrf_log_frontend.o(i.nrf_log_frontend_std_0) for nrf_log_frontend_std_0
    main.o(i.app_error_fault_handler) refers to nrf_log_frontend.o(i.nrf_log_frontend_std_5) for nrf_log_frontend_std_5
    main.o(i.app_error_fault_handler) refers to main.o(.conststring) for .conststring
    main.o(i.assert_nrf_callback) refers to app_error.o(i.app_error_handler) for app_error_handler
    main.o(i.auth_status_process) refers to nrf_log_frontend.o(i.nrf_log_frontend_std_0) for nrf_log_frontend_std_0
    main.o(i.auth_status_process) refers to nrf_log_frontend.o(i.nrf_log_frontend_std_1) for nrf_log_frontend_std_1
    main.o(i.auth_status_process) refers to app_error.o(i.app_error_handler) for app_error_handler
    main.o(i.auth_status_process) refers to main.o(.data) for m_conn_handle
    main.o(i.ble_evt_dispatch) refers to ble_conn_state.o(i.ble_conn_state_on_ble_evt) for ble_conn_state_on_ble_evt
    main.o(i.ble_evt_dispatch) refers to peer_manager.o(i.pm_on_ble_evt) for pm_on_ble_evt
    main.o(i.ble_evt_dispatch) refers to ble_conn_params.o(i.ble_conn_params_on_ble_evt) for ble_conn_params_on_ble_evt
    main.o(i.ble_evt_dispatch) refers to main.o(i.on_ble_evt) for on_ble_evt
    main.o(i.ble_evt_dispatch) refers to ble_advertising.o(i.ble_advertising_on_ble_evt) for ble_advertising_on_ble_evt
    main.o(i.ble_evt_dispatch) refers to ble_sls.o(i.ble_sls_on_ble_evt) for ble_sls_on_ble_evt
    main.o(i.ble_evt_dispatch) refers to main.o(i.pairing_on_ble_evt) for pairing_on_ble_evt
    main.o(i.ble_evt_dispatch) refers to main.o(.bss) for m_sls
    main.o(i.ble_stack_init) refers to softdevice_handler.o(i.softdevice_handler_init) for softdevice_handler_init
    main.o(i.ble_stack_init) refers to app_error.o(i.app_error_handler) for app_error_handler
    main.o(i.ble_stack_init) refers to softdevice_handler.o(i.softdevice_enable_get_default_config) for softdevice_enable_get_default_config
    main.o(i.ble_stack_init) refers to softdevice_handler.o(i.softdevice_enable) for softdevice_enable
    main.o(i.ble_stack_init) refers to softdevice_handler.o(i.softdevice_ble_evt_handler_set) for softdevice_ble_evt_handler_set
    main.o(i.ble_stack_init) refers to softdevice_handler.o(i.softdevice_sys_evt_handler_set) for softdevice_sys_evt_handler_set
    main.o(i.ble_stack_init) refers to main.o(.constdata) for .constdata
    main.o(i.ble_stack_init) refers to main.o(.bss) for BLE_EVT_BUFFER
    main.o(i.ble_stack_init) refers to main.o(i.ble_evt_dispatch) for ble_evt_dispatch
    main.o(i.ble_stack_init) refers to main.o(i.sys_evt_dispatch) for sys_evt_dispatch
    main.o(i.bsp_event_handler) refers to main.o(i.sleep_mode_enter) for sleep_mode_enter
    main.o(i.bsp_event_handler) refers to app_error.o(i.app_error_handler) for app_error_handler
    main.o(i.bsp_event_handler) refers to ble_advertising.o(i.ble_advertising_restart_without_whitelist) for ble_advertising_restart_without_whitelist
    main.o(i.bsp_event_handler) refers to bsp_btn_switch.o(i.bsp_btn_switch_event_handler) for bsp_btn_switch_event_handler
    main.o(i.bsp_event_handler) refers to main.o(.data) for m_conn_handle
    main.o(i.buttons_switchs_leds_init) refers to bsp.o(i.bsp_init) for bsp_init
    main.o(i.buttons_switchs_leds_init) refers to app_error.o(i.app_error_handler) for app_error_handler
    main.o(i.buttons_switchs_leds_init) refers to bsp_btn_switch.o(i.bsp_btn_switch_init) for bsp_btn_switch_init
    main.o(i.buttons_switchs_leds_init) refers to main.o(i.bsp_event_handler) for bsp_event_handler
    main.o(i.conn_params_error_handler) refers to app_error.o(i.app_error_handler) for app_error_handler
    main.o(i.conn_params_init) refers to memseta.o(.text) for __aeabi_memclr4
    main.o(i.conn_params_init) refers to ble_conn_params.o(i.ble_conn_params_init) for ble_conn_params_init
    main.o(i.conn_params_init) refers to app_error.o(i.app_error_handler) for app_error_handler
    main.o(i.conn_params_init) refers to main.o(i.on_conn_params_evt) for on_conn_params_evt
    main.o(i.conn_params_init) refers to main.o(i.conn_params_error_handler) for conn_params_error_handler
    main.o(i.gap_params_init) refers to app_error.o(i.app_error_handler) for app_error_handler
    main.o(i.main) refers to nrf_log_frontend.o(i.nrf_log_init) for nrf_log_init
[...]
    ble_sls_on_ble_evt                       0x0001d3c5   Thumb Code    82  ble_sls.o(i.ble_sls_on_ble_evt)
    ble_srv_is_notification_enabled          0x0001d491   Thumb Code    18  ble_srv_common.o(i.ble_srv_is_notification_enabled)
    bsp_board_button_state_get               0x0001d58d   Thumb Code    48  boards.o(i.bsp_board_button_state_get)
    bsp_board_led_invert                     0x0001d5c1   Thumb Code    14  boards.o(i.bsp_board_led_invert)
    bsp_board_led_off                        0x0001d5d5   Thumb Code    16  boards.o(i.bsp_board_led_off)
    bsp_board_led_on                         0x0001d5e9   Thumb Code    16  boards.o(i.bsp_board_led_on)
    bsp_board_led_state_get                  0x0001d5fd   Thumb Code    34  boards.o(i.bsp_board_led_state_get)
    bsp_board_leds_init                      0x0001d625   Thumb Code    26  boards.o(i.bsp_board_leds_init)
    bsp_board_leds_off                       0x0001d645   Thumb Code    20  boards.o(i.bsp_board_leds_off)
    bsp_board_leds_on                        0x0001d659   Thumb Code    20  boards.o(i.bsp_board_leds_on)
    bsp_board_pin_to_button_idx              0x0001d66d   Thumb Code    32  boards.o(i.bsp_board_pin_to_button_idx)
    bsp_board_switch_off                     0x0001d691   Thumb Code    16  boards.o(i.bsp_board_switch_off)
    bsp_board_switch_on                      0x0001d6a5   Thumb Code    16  boards.o(i.bsp_board_switch_on)
    bsp_board_switchs_init                   0x0001d6b9   Thumb Code    26  boards.o(i.bsp_board_switchs_init)
    bsp_board_switchs_off                    0x0001d6d9   Thumb Code    20  boards.o(i.bsp_board_switchs_off)
    bsp_btn_switch_event_handler             0x0001d6ed   Thumb Code   134  bsp_btn_switch.o(i.bsp_btn_switch_event_handler)
    bsp_btn_switch_init                      0x0001d8e5   Thumb Code    48  bsp_btn_switch.o(i.bsp_btn_switch_init)
    bsp_cb_on_elec_lock_cmd_write            0x0001d9f5   Thumb Code    56  bsp_btn_switch.o(i.bsp_cb_on_elec_lock_cmd_write)
    bsp_cb_on_fan_negative_ion_cmd_write     0x0001da99   Thumb Code    78  bsp_btn_switch.o(i.bsp_cb_on_fan_negative_ion_cmd_write)
    bsp_cb_on_uv_lamp_cmd_write              0x0001db8d   Thumb Code    78  bsp_btn_switch.o(i.bsp_cb_on_uv_lamp_cmd_write)
    bsp_event_to_button_action_assign        0x0001dd99   Thumb Code    88  bsp.o(i.bsp_event_to_button_action_assign)
    bsp_indication_set                       0x0001ddf5   Thumb Code    30  bsp.o(i.bsp_indication_set)
    bsp_init                                 0x0001de19   Thumb Code   236  bsp.o(i.bsp_init)
    buffer_is_empty                          0x0001e5d5   Thumb Code    20  nrf_log_frontend.o(i.buffer_is_empty)
    chunk_queue_next                         0x0001e915   Thumb Code    26  fds.o(i.chunk_queue_next)
    fds_file_delete                          0x0001f6d5   Thumb Code    70  fds.o(i.fds_file_delete)
    fds_gc                                   0x0001f721   Thumb Code    66  fds.o(i.fds_gc)
    fds_init                                 0x0001f769   Thumb Code   178  fds.o(i.fds_init)
    fds_record_close                         0x0001f81d   Thumb Code    90  fds.o(i.fds_record_close)
    fds_record_find                          0x0001f87d   Thumb Code    22  fds.o(i.fds_record_find)
    fds_record_find_by_key                   0x0001f893   Thumb Code    20  fds.o(i.fds_record_find_by_key)
    fds_record_find_in_file                  0x0001f8a7   Thumb Code    20  fds.o(i.fds_record_find_in_file)
    fds_record_id_from_desc                  0x0001f8bb   Thumb Code    22  fds.o(i.fds_record_id_from_desc)
    fds_record_open                          0x0001f8d1   Thumb Code    80  fds.o(i.fds_record_open)
    fds_record_update                        0x0001f925   Thumb Code    28  fds.o(i.fds_record_update)
    fds_record_write                         0x0001f941   Thumb Code    20  fds.o(i.fds_record_write)
    fds_record_write_reserved                0x0001f955   Thumb Code    30  fds.o(i.fds_record_write_reserved)
    fds_register                             0x0001f975   Thumb Code    38  fds.o(i.fds_register)
    fds_reserve                              0x0001f9a5   Thumb Code    54  fds.o(i.fds_reserve)
    fds_reserve_cancel                       0x0001f9dd   Thumb Code    78  fds.o(i.fds_reserve_cancel)
    fs_erase                                 0x0001fbd5   Thumb Code   136  fstorage.o(i.fs_erase)
    fs_init                                  0x0001fc8d   Thumb Code   182  fstorage.o(i.fs_init)
    fs_queued_op_count_get                   0x0001fd51   Thumb Code    20  fstorage.o(i.fs_queued_op_count_get)
    fs_store                                 0x0001fd69   Thumb Code   150  fstorage.o(i.fs_store)
    fs_sys_event_handler                     0x0001fe05   Thumb Code   104  fstorage.o(i.fs_sys_event_handler)
    gcm_ble_evt_handler                      0x00020205   Thumb Code   112  gatt_cache_manager.o(i.gcm_ble_evt_handler)
    gcm_gscm_evt_handler                     0x00020279   Thumb Code   112  gatt_cache_manager.o(i.gcm_gscm_evt_handler)
    gcm_im_evt_handler                       0x000202f1   Thumb Code    46  gatt_cache_manager.o(i.gcm_im_evt_handler)
    gcm_init                                 0x00020325   Thumb Code    84  gatt_cache_manager.o(i.gcm_init)
    gcm_local_database_has_changed           0x0002038d   Thumb Code    68  gatt_cache_manager.o(i.gcm_local_database_has_changed)
    gcm_smd_evt_handler                      0x000203d9   Thumb Code    24  gatt_cache_manager.o(i.gcm_smd_evt_handler)
    get_connection_by_conn_handle            0x000203f1   Thumb Code    50  id_manager.o(i.get_connection_by_conn_handle)
    get_free_connection                      0x0002042d   Thumb Code    42  id_manager.o(i.get_free_connection)
    gscm_db_change_notification_done         0x000204cd   Thumb Code    24  gatts_cache_manager.o(i.gscm_db_change_notification_done)
    gscm_init                                0x000204e9   Thumb Code    16  gatts_cache_manager.o(i.gscm_init)
    gscm_local_database_has_changed          0x000204fd   Thumb Code    18  gatts_cache_manager.o(i.gscm_local_database_has_changed)
    gscm_local_db_cache_apply                0x00020519   Thumb Code   150  gatts_cache_manager.o(i.gscm_local_db_cache_apply)
    gscm_local_db_cache_update               0x000205b5   Thumb Code   152  gatts_cache_manager.o(i.gscm_local_db_cache_update)
    gscm_pdb_evt_handler                     0x00020655   Thumb Code    74  gatts_cache_manager.o(i.gscm_pdb_evt_handler)
    gscm_service_changed_ind_needed          0x000206a9   Thumb Code    38  gatts_cache_manager.o(i.gscm_service_changed_ind_needed)
    gscm_service_changed_ind_send            0x000206d1   Thumb Code    46  gatts_cache_manager.o(i.gscm_service_changed_ind_send)
    im_address_resolve                       0x00020729   Thumb Code    68  id_manager.o(i.im_address_resolve)
    im_ble_addr_get                          0x0002076d   Thumb Code    44  id_manager.o(i.im_ble_addr_get)
    im_ble_evt_handler                       0x0002079d   Thumb Code   198  id_manager.o(i.im_ble_evt_handler)
    im_conn_handle_get                       0x00020869   Thumb Code    38  id_manager.o(i.im_conn_handle_get)
    im_init                                  0x00020899   Thumb Code    50  id_manager.o(i.im_init)
    im_is_duplicate_bonding_data             0x000208d9   Thumb Code    70  id_manager.o(i.im_is_duplicate_bonding_data)
    im_master_id_is_valid                    0x0002091f   Thumb Code    38  id_manager.o(i.im_master_id_is_valid)
    im_master_ids_compare                    0x00020945   Thumb Code    52  id_manager.o(i.im_master_ids_compare)
    im_new_peer_id                           0x00020979   Thumb Code    16  id_manager.o(i.im_new_peer_id)
    im_pdb_evt_handler                       0x00020989   Thumb Code   122  id_manager.o(i.im_pdb_evt_handler)
    im_peer_free                             0x00020a05   Thumb Code    42  id_manager.o(i.im_peer_free)
    im_peer_id_get_by_conn_handle            0x00020a35   Thumb Code    30  id_manager.o(i.im_peer_id_get_by_conn_handle)
    im_peer_id_get_by_master_id              0x00020a5d   Thumb Code    66  id_manager.o(i.im_peer_id_get_by_master_id)
    intern_softdevice_events_execute         0x00020bb1   Thumb Code   188  softdevice_handler.o(i.intern_softdevice_events_execute)
    is_valid_irk                             0x00020e4d   Thumb Code    26  id_manager.o(i.is_valid_irk)
    main                                     0x00021581   Thumb Code   150  main.o(i.main)
    new_connection                           0x000217bd   Thumb Code    94  id_manager.o(i.new_connection)
    next_id_get                              0x00021829   Thumb Code    50  peer_id.o(i.next_id_get)
    nrf_drv_clock_init                       0x000218e5   Thumb Code   100  nrf_drv_clock.o(i.nrf_drv_clock_init)
    nrf_drv_clock_on_sd_enable               0x00021955   Thumb Code    48  nrf_drv_clock.o(i.nrf_drv_clock_on_sd_enable)
    nrf_drv_clock_on_soc_event               0x00021989   Thumb Code    14  nrf_drv_clock.o(i.nrf_drv_clock_on_soc_event)
    nrf_drv_common_irq_enable                0x00021999   Thumb Code    48  nrf_drv_common.o(i.nrf_drv_common_irq_enable)
    nrf_drv_gpiote_in_event_enable           0x000219dd   Thumb Code   178  nrf_drv_gpiote.o(i.nrf_drv_gpiote_in_event_enable)
    nrf_drv_gpiote_in_init                   0x00021a99   Thumb Code   252  nrf_drv_gpiote.o(i.nrf_drv_gpiote_in_init)
    nrf_drv_gpiote_in_is_set                 0x00021bd9   Thumb Code    22  nrf_drv_gpiote.o(i.nrf_drv_gpiote_in_is_set)
    nrf_drv_gpiote_init                      0x00021bf1   Thumb Code   120  nrf_drv_gpiote.o(i.nrf_drv_gpiote_init)
    nrf_drv_gpiote_is_init                   0x00021cdd   Thumb Code    16  nrf_drv_gpiote.o(i.nrf_drv_gpiote_is_init)
    nrf_drv_uart_init                        0x00021cf1   Thumb Code   144  nrf_drv_uart.o(i.nrf_drv_uart_init)
    nrf_drv_uart_tx                          0x00021d89   Thumb Code    52  nrf_drv_uart.o(i.nrf_drv_uart_tx)
    nrf_drv_uart_tx_in_progress              0x00021e59   Thumb Code    26  nrf_drv_uart.o(i.nrf_drv_uart_tx_in_progress)
    nrf_drv_uart_uninit                      0x00021e79   Thumb Code    92  nrf_drv_uart.o(i.nrf_drv_uart_uninit)
    nrf_log_backend_hexdump_handler_get      0x0002212d   Thumb Code     4  nrf_log_backend_serial.o(i.nrf_log_backend_hexdump_handler_get)
    nrf_log_backend_init                     0x00022135   Thumb Code   118  nrf_log_backend_serial.o(i.nrf_log_backend_init)
    nrf_log_backend_std_handler_get          0x000224e1   Thumb Code     4  nrf_log_backend_serial.o(i.nrf_log_backend_std_handler_get)
    nrf_log_frontend_dequeue                 0x000224e9   Thumb Code   506  nrf_log_frontend.o(i.nrf_log_frontend_dequeue)
    nrf_log_frontend_init                    0x000226f1   Thumb Code    30  nrf_log_frontend.o(i.nrf_log_frontend_init)
    nrf_log_frontend_std_0                   0x00022715   Thumb Code   124  nrf_log_frontend.o(i.nrf_log_frontend_std_0)
    nrf_log_frontend_std_1                   0x00022799   Thumb Code   142  nrf_log_frontend.o(i.nrf_log_frontend_std_1)
    nrf_log_frontend_std_2                   0x00022831   Thumb Code   164  nrf_log_frontend.o(i.nrf_log_frontend_std_2)
    nrf_log_frontend_std_3                   0x000228dd   Thumb Code   182  nrf_log_frontend.o(i.nrf_log_frontend_std_3)
    nrf_log_frontend_std_5                   0x0002299d   Thumb Code   218  nrf_log_frontend.o(i.nrf_log_frontend_std_5)
    nrf_log_handlers_set                     0x00022a81   Thumb Code     8  nrf_log_frontend.o(i.nrf_log_handlers_set)
    nrf_log_init                             0x00022a8d   Thumb Code    42  nrf_log_frontend.o(i.nrf_log_init)
    pdb_init                                 0x0002365d   Thumb Code    54  peer_database.o(i.pdb_init)
    pdb_next_deleted_peer_id_get             0x000236a5   Thumb Code    12  peer_database.o(i.pdb_next_deleted_peer_id_get)
    pdb_next_peer_id_get                     0x000236b1   Thumb Code    12  peer_database.o(i.pdb_next_peer_id_get)
    pdb_pds_evt_handler                      0x000236bd   Thumb Code   434  peer_database.o(i.pdb_pds_evt_handler)
    pdb_peer_allocate                        0x00023879   Thumb Code     8  peer_database.o(i.pdb_peer_allocate)
    pdb_peer_data_ptr_get                    0x00023881   Thumb Code    22  peer_database.o(i.pdb_peer_data_ptr_get)
    pdb_peer_free                            0x00023897   Thumb Code    94  peer_database.o(i.pdb_peer_free)
    pdb_raw_store                            0x000238f5   Thumb Code    22  peer_database.o(i.pdb_raw_store)
    pdb_write_buf_get                        0x0002390d   Thumb Code   324  peer_database.o(i.pdb_write_buf_get)
    pdb_write_buf_release                    0x00023a55   Thumb Code    56  peer_database.o(i.pdb_write_buf_release)
    pdb_write_buf_store                      0x00023a8d   Thumb Code   262  peer_database.o(i.pdb_write_buf_store)
    pdb_write_buf_store_prepare              0x00023b9d   Thumb Code   120  peer_database.o(i.pdb_write_buf_store_prepare)
    pds_init                                 0x00023c39   Thumb Code    50  peer_data_storage.o(i.pds_init)
    pds_next_deleted_peer_id_get             0x00023c75   Thumb Code    12  peer_data_storage.o(i.pds_next_deleted_peer_id_get)
    pds_next_peer_id_get                     0x00023c81   Thumb Code    12  peer_data_storage.o(i.pds_next_peer_id_get)
    pds_peer_data_iterate                    0x00023c8d   Thumb Code    88  peer_data_storage.o(i.pds_peer_data_iterate)
    pds_peer_data_iterate_prepare            0x00023ce9   Thumb Code    10  peer_data_storage.o(i.pds_peer_data_iterate_prepare)
    pds_peer_data_read                       0x00023cf9   Thumb Code   140  peer_data_storage.o(i.pds_peer_data_read)
    pds_peer_data_store                      0x00023d85   Thumb Code   202  peer_data_storage.o(i.pds_peer_data_store)
    pds_peer_id_allocate                     0x00023e51   Thumb Code    10  peer_data_storage.o(i.pds_peer_id_allocate)
    pds_peer_id_free                         0x00023e61   Thumb Code    30  peer_data_storage.o(i.pds_peer_id_free)
    pds_peer_id_is_allocated                 0x00023e7f   Thumb Code    12  peer_data_storage.o(i.pds_peer_id_is_allocated)
    pds_space_reserve                        0x00023e8b   Thumb Code    64  peer_data_storage.o(i.pds_space_reserve)
    pds_space_reserve_cancel                 0x00023ecb   Thumb Code    22  peer_data_storage.o(i.pds_space_reserve_cancel)
    peer_id_allocate                         0x0002401d   Thumb Code    14  peer_id.o(i.peer_id_allocate)
    peer_id_delete                           0x00024031   Thumb Code    36  peer_id.o(i.peer_id_delete)
    peer_id_free                             0x0002405d   Thumb Code    24  peer_id.o(i.peer_id_free)
    peer_id_get_next_deleted                 0x00024079   Thumb Code    14  peer_id.o(i.peer_id_get_next_deleted)
    peer_id_get_next_used                    0x0002408d   Thumb Code    50  peer_id.o(i.peer_id_get_next_used)
    peer_id_init                             0x000240c9   Thumb Code    32  peer_id.o(i.peer_id_init)
    peer_id_is_allocated                     0x000240ed   Thumb Code    22  peer_id.o(i.peer_id_is_allocated)
    peer_id_is_deleted                       0x00024109   Thumb Code    22  peer_id.o(i.peer_id_is_deleted)
    pm_buffer_block_acquire                  0x00024383   Thumb Code   104  pm_buffer.o(i.pm_buffer_block_acquire)
    pm_buffer_init                           0x000243eb   Thumb Code    82  pm_buffer.o(i.pm_buffer_init)
    pm_buffer_ptr_get                        0x0002443d   Thumb Code    56  pm_buffer.o(i.pm_buffer_ptr_get)
    pm_buffer_release                        0x00024475   Thumb Code    48  pm_buffer.o(i.pm_buffer_release)
    pm_conn_sec_config_reply                 0x000244a5   Thumb Code    16  peer_manager.o(i.pm_conn_sec_config_reply)
    pm_gcm_evt_handler                       0x0002471d   Thumb Code   178  peer_manager.o(i.pm_gcm_evt_handler)
    pm_im_evt_handler                        0x000247d1   Thumb Code    82  peer_manager.o(i.pm_im_evt_handler)
    pm_init                                  0x00024829   Thumb Code   160  peer_manager.o(i.pm_init)
    pm_local_database_has_changed            0x000248d9   Thumb Code    24  peer_manager.o(i.pm_local_database_has_changed)
    pm_mutex_init                            0x000248f5   Thumb Code    22  pm_mutex.o(i.pm_mutex_init)
    pm_mutex_lock                            0x0002490b   Thumb Code    34  pm_mutex.o(i.pm_mutex_lock)
    pm_mutex_lock_first_available            0x0002492d   Thumb Code    52  pm_mutex.o(i.pm_mutex_lock_first_available)
    pm_mutex_lock_status_get                 0x00024961   Thumb Code    38  pm_mutex.o(i.pm_mutex_lock_status_get)
    pm_mutex_unlock                          0x00024987   Thumb Code    60  pm_mutex.o(i.pm_mutex_unlock)
    pm_on_ble_evt                            0x000249c5   Thumb Code    40  peer_manager.o(i.pm_on_ble_evt)
    pm_pdb_evt_handler                       0x000249f1   Thumb Code   430  peer_manager.o(i.pm_pdb_evt_handler)
    pm_peer_delete                           0x00024bb5   Thumb Code    28  peer_manager.o(i.pm_peer_delete)
    pm_peers_delete                          0x00024bd5   Thumb Code    70  peer_manager.o(i.pm_peers_delete)
    pm_register                              0x00024c29   Thumb Code    54  peer_manager.o(i.pm_register)
    pm_sec_params_set                        0x00024c6d   Thumb Code    32  peer_manager.o(i.pm_sec_params_set)
    pm_sm_evt_handler                        0x00024c91   Thumb Code   422  peer_manager.o(i.pm_sm_evt_handler)
    sdk_mapped_flags_bulk_update_by_key      0x00025795   Thumb Code    98  sdk_mapped_flags.o(i.sdk_mapped_flags_bulk_update_by_key)
    sdk_mapped_flags_first_key_index_get     0x000257f9   Thumb Code    36  sdk_mapped_flags.o(i.sdk_mapped_flags_first_key_index_get)
    sdk_mapped_flags_get_by_key              0x00025835   Thumb Code    44  sdk_mapped_flags.o(i.sdk_mapped_flags_get_by_key)
    sdk_mapped_flags_key_list_get            0x00025861   Thumb Code    70  sdk_mapped_flags.o(i.sdk_mapped_flags_key_list_get)
    sdk_mapped_flags_update_by_key           0x000258a7   Thumb Code    26  sdk_mapped_flags.o(i.sdk_mapped_flags_update_by_key)
    sm_ble_evt_handler                       0x00026075   Thumb Code    20  security_manager.o(i.sm_ble_evt_handler)
    sm_conn_sec_config_reply                 0x0002608d   Thumb Code    32  security_manager.o(i.sm_conn_sec_config_reply)
    sm_init                                  0x000260b1   Thumb Code    66  security_manager.o(i.sm_init)
    sm_pdb_evt_handler                       0x00026115   Thumb Code    80  security_manager.o(i.sm_pdb_evt_handler)
    sm_sec_params_set                        0x00026175   Thumb Code    48  security_manager.o(i.sm_sec_params_set)
    sm_smd_evt_handler                       0x000261ad   Thumb Code   160  security_manager.o(i.sm_smd_evt_handler)
    smd_ble_evt_handler                      0x00026255   Thumb Code    88  security_dispatcher.o(i.smd_ble_evt_handler)
    smd_init                                 0x000262ad   Thumb Code    58  security_dispatcher.o(i.smd_init)
    smd_link_secure                          0x000262f9   Thumb Code    50  security_dispatcher.o(i.smd_link_secure)
    smd_params_reply                         0x00026331   Thumb Code   290  security_dispatcher.o(i.smd_params_reply)
    smd_pdb_evt_handler                      0x000264f5   Thumb Code    48  security_dispatcher.o(i.smd_pdb_evt_handler)
    softdevice_ble_evt_handler_set           0x00026529   Thumb Code    22  softdevice_handler.o(i.softdevice_ble_evt_handler_set)
    softdevice_enable                        0x00026545   Thumb Code    86  softdevice_handler.o(i.softdevice_enable)
    softdevice_enable_get_default_config     0x00026645   Thumb Code    46  softdevice_handler.o(i.softdevice_enable_get_default_config)
    softdevice_fault_handler                 0x00026673   Thumb Code    20  softdevice_handler.o(i.softdevice_fault_handler)
    softdevice_handler_init                  0x00026689   Thumb Code   142  softdevice_handler.o(i.softdevice_handler_init)
    softdevice_handler_is_enabled            0x00026731   Thumb Code     6  softdevice_handler.o(i.softdevice_handler_is_enabled)
    softdevice_sys_evt_handler_set           0x0002673d   Thumb Code    22  softdevice_handler.o(i.softdevice_sys_evt_handler_set)
    __ctype_table                            0x000279c0   Data         129  ctype_o.o(.constdata)
    Region$$Table$$Base                      0x000281e0   Number         0  anon$$obj.o(Region$$Table)
    Region$$Table$$Limit                     0x00028200   Number         0  anon$$obj.o(Region$$Table)
    Image$$RW_IRAM1$$Base                    0x20001fe8   Number         0  anon$$obj.o ABSOLUTE
    bsp_btn_switch_local_prescaler           0x20002004   Data           4  bsp_btn_switch.o(.data)
    nrf_nvic_state                           0x200020f0   Data           8  app_util_platform.o(.data)
    m_sdk_errors_name                        0x20002118   Data          72  sdk_errors.o(.data)
    m_sdk_errors_name_common                 0x20002160   Data          36  sdk_errors.o(.data)
    m_sdk_errors_name_twi                    0x20002184   Data          12  sdk_errors.o(.data)
    uv_lamp_cmd                              0x200021b8   Data           1  ble_sls.o(.data)
    fan_negative_ion_cmd                     0x200021b9   Data           1  ble_sls.o(.data)
    elec_lock_cmd                            0x200021ba   Data           1  ble_sls.o(.data)
    uv_lamp_status                           0x200021bb   Data           1  ble_sls.o(.data)
    uv_lamp_door_status                      0x200021bc   Data           1  ble_sls.o(.data)
    fan_negative_ion_status                  0x200021bd   Data           1  ble_sls.o(.data)
    elec_lock_status                         0x200021be   Data           1  ble_sls.o(.data)
    SystemCoreClock                          0x2000220c   Data           4  system_nrf51.o(.data)
    fs_data$$Base                            0x20002210   Number         0  fds.o(fs_data)
    fs_data$$Limit                           0x20002220   Number         0  fds.o(fs_data)
    m_sls                                    0x20002220   Data          64  main.o(.bss)
    _SEGGER_RTT                              0x20003358   Data         120  segger_rtt.o(.bss)
    __initial_sp                             0x20003bd0   Data           0  arm_startup_nrf51.o(STACK)



==============================================================================

Memory Map of the image

  Image Entry point : 0x0001b0c1

  Load Region LR_IROM1 (Base: 0x0001b000, Size: 0x0000d438, Max: 0x00025000, ABSOLUTE, COMPRESSED[0x0000d29c])

    Execution Region ER_IROM1 (Base: 0x0001b000, Size: 0x0000d200, Max: 0x00025000, ABSOLUTE)

    Base Addr    Size         Type   Attr      Idx    E Section Name        Object

    0x0001b000   0x000000c0   Data   RO         5311    RESET               arm_startup_nrf51.o
    0x0001b0c0   0x00000000   Code   RO         5363  * .ARM.Collect$$$$00000000  mc_p.l(entry.o)
    0x0001b0c0   0x00000004   Code   RO         5673    .ARM.Collect$$$$00000001  mc_p.l(entry2.o)
    0x0001b0c4   0x00000004   Code   RO         5676    .ARM.Collect$$$$00000004  mc_p.l(entry5.o)
    0x0001b0c8   0x00000000   Code   RO         5678    .ARM.Collect$$$$00000008  mc_p.l(entry7b.o)
    0x0001b0c8   0x00000000   Code   RO         5680    .ARM.Collect$$$$0000000A  mc_p.l(entry8b.o)
    0x0001b0c8   0x00000008   Code   RO         5681    .ARM.Collect$$$$0000000B  mc_p.l(entry9a.o)
    0x0001b0d0   0x00000000   Code   RO         5683    .ARM.Collect$$$$0000000D  mc_p.l(entry10a.o)
    0x0001b0d0   0x00000000   Code   RO         5685    .ARM.Collect$$$$0000000F  mc_p.l(entry11a.o)
    0x0001b0d0   0x00000004   Code   RO         5674    .ARM.Collect$$$$00002712  mc_p.l(entry2.o)
    0x0001b0d4   0x00000038   Code   RO         5312    .text               arm_startup_nrf51.o
    0x0001b10c   0x0000002c   Code   RO         5366    .text               mc_p.l(uidiv.o)
    0x0001b138   0x00000060   Code   RO         5370    .text               mc_p.l(uldiv.o)
    0x0001b198   0x00000008   Code   RO         5372    .text               mc_p.l(ctype_o.o)
    0x0001b1a0   0x00000024   Code   RO         5400    .text               mc_p.l(memcpya.o)
    0x0001b1c4   0x00000024   Code   RO         5402    .text               mc_p.l(memseta.o)
    0x0001b1e8   0x0000000e   Code   RO         5404    .text               mc_p.l(strlen.o)
    0x0001b1f6   0x0000001a   Code   RO         5406    .text               mc_p.l(memcmp.o)
    0x0001b210   0x00000012   Code   RO         5408    .text               mc_p.l(strcpy.o)
    0x0001b222   0x00000020   Code   RO         5690    .text               mc_p.l(llshl.o)
    0x0001b242   0x00000022   Code   RO         5692    .text               mc_p.l(llushr.o)
    0x0001b264   0x00000024   Code   RO         5705    .text               mc_p.l(init.o)
    0x0001b288   0x00000056   Code   RO         5723    .text               mc_p.l(__dczerorl2.o)
    0x0001b2de   0x00000002   PAD
    0x0001b2e0   0x0000032c   Code   RO         3078    i.GPIOTE_IRQHandler  nrf_drv_gpiote.o
    0x0001b60c   0x00000014   Code   RO         3678    i.NVIC_ClearPendingIRQ  app_timer.o
    0x0001b620   0x00000014   Code   RO         5041    i.NVIC_DisableIRQ   softdevice_handler.o
    0x0001b634   0x00000014   Code   RO         3679    i.NVIC_EnableIRQ    app_timer.o
    0x0001b648   0x00000014   Code   RO         5042    i.NVIC_EnableIRQ    softdevice_handler.o
    0x0001b65c   0x00000014   Code   RO         3680    i.NVIC_SetPendingIRQ  app_timer.o
    0x0001b670   0x00000078   Code   RO         3041    i.NVIC_SetPriority  nrf_drv_common.o
    0x0001b6e8   0x00000078   Code   RO         3681    i.NVIC_SetPriority  app_timer.o
    0x0001b760   0x00000054   Code   RO         2843    i.POWER_CLOCK_IRQHandler  nrf_drv_clock.o
    0x0001b7b4   0x00000028   Code   RO         3682    i.RTC1_IRQHandler   app_timer.o
    0x0001b7dc   0x00000018   Code   RO         4895    i.SEGGER_RTT_Init   segger_rtt.o
    0x0001b7f4   0x00000084   Code   RO         4904    i.SEGGER_RTT_WriteNoLock  segger_rtt.o
    0x0001b878   0x00000008   Code   RO         3683    i.SWI0_IRQHandler   app_timer.o
    0x0001b880   0x0000003c   Code   RO         5043    i.SWI2_IRQHandler   softdevice_handler.o
    0x0001b8bc   0x00000064   Code   RO         5319    i.SystemInit        system_nrf51.o
    0x0001b920   0x00000014   Code   RO         3338    i.UART0_IRQHandler  nrf_drv_uart.o
    0x0001b934   0x00000070   Code   RO         4907    i._DoInit           segger_rtt.o
    0x0001b9a4   0x0000001c   Code   RO         4908    i._GetAvailWriteSpace  segger_rtt.o
    0x0001b9c0   0x0000007a   Code   RO         4910    i._WriteBlocking    segger_rtt.o
    0x0001ba3a   0x0000004a   Code   RO         4911    i._WriteNoCheck     segger_rtt.o
    0x0001ba84   0x0000002c   Code   RO         5620    i.__0snprintf$8     mc_p.l(printf8.o)
    0x0001bab0   0x0000001c   Code   RO          147    i.__ARM_common_switch8  main.o
    0x0001bacc   0x0000000e   Code   RO         5717    i.__scatterload_copy  mc_p.l(handlers.o)
    0x0001bada   0x00000002   Code   RO         5718    i.__scatterload_null  mc_p.l(handlers.o)
    0x0001badc   0x0000000e   Code   RO         5719    i.__scatterload_zeroinit  mc_p.l(handlers.o)
    0x0001baea   0x00000002   PAD
    0x0001baec   0x00000024   Code   RO         5044    i.__sd_nvic_app_accessible_irq  softdevice_handler.o
    0x0001bb10   0x0000000c   Code   RO         3893    i.__sd_nvic_irq_disable  app_util_platform.o
    0x0001bb1c   0x00000428   Code   RO         5626    i._printf_core      mc_p.l(printf8.o)
    0x0001bf44   0x00000020   Code   RO         5627    i._printf_post_padding  mc_p.l(printf8.o)
    0x0001bf64   0x0000002c   Code   RO         5628    i._printf_pre_padding  mc_p.l(printf8.o)
    0x0001bf90   0x00000016   Code   RO         5629    i._snputc           mc_p.l(printf8.o)
    0x0001bfa6   0x00000034   Code   RO         1544    i.addr_compare      id_manager.o
    0x0001bfda   0x0000001a   Code   RO          902    i.addr_is_valid     ble_advertising.o
    0x0001bff4   0x00000030   Code   RO         3968    i.address_is_valid  fds.o
    0x0001c024   0x0000018e   Code   RO          796    i.adv_data_encode   ble_advdata.o
    0x0001c1b2   0x00000002   PAD
    0x0001c1b4   0x0000006c   Code   RO          903    i.adv_mode_next_avail_get  ble_advertising.o
    0x0001c220   0x00000014   Code   RO          797    i.advdata_check     ble_advdata.o
    0x0001c234   0x00000084   Code   RO            3    i.advertising_init  main.o
    0x0001c2b8   0x00000056   Code   RO         1546    i.ah                id_manager.o
    0x0001c30e   0x0000000c   Code   RO          578    i.alert_timer_handler  bsp.o
    0x0001c31a   0x00000002   PAD
    0x0001c31c   0x0000002c   Code   RO         3562    i.app_button_enable  app_button.o
    0x0001c348   0x000000ac   Code   RO         3563    i.app_button_init   app_button.o
    0x0001c3f4   0x00000040   Code   RO            4    i.app_error_fault_handler  main.o
    0x0001c434   0x00000020   Code   RO         3619    i.app_error_handler  app_error.o
    0x0001c454   0x00000044   Code   RO         3686    i.app_timer_create  app_timer.o
    0x0001c498   0x0000008c   Code   RO         3687    i.app_timer_init    app_timer.o
    0x0001c524   0x00000054   Code   RO         3688    i.app_timer_start   app_timer.o
    0x0001c578   0x00000038   Code   RO         3689    i.app_timer_stop    app_timer.o
    0x0001c5b0   0x00000054   Code   RO         3894    i.app_util_critical_region_enter  app_util_platform.o
    0x0001c604   0x00000040   Code   RO         3895    i.app_util_critical_region_exit  app_util_platform.o
    0x0001c644   0x00000054   Code   RO          798    i.appearance_encode  ble_advdata.o
    0x0001c698   0x00000002   Code   RO            5    i.application_timers_start  main.o
    0x0001c69a   0x0000008c   Code   RO         3339    i.apply_config      nrf_drv_uart.o
    0x0001c726   0x00000002   PAD
    0x0001c728   0x0000005c   Code   RO         1326    i.apply_pending_flags_check  gatt_cache_manager.o
    0x0001c784   0x00000014   Code   RO         2565    i.auth_status_failure_process  security_dispatcher.o
    0x0001c798   0x000000fc   Code   RO            7    i.auth_status_process  main.o
    0x0001c894   0x0000001e   Code   RO         2566    i.auth_status_process  security_dispatcher.o
    0x0001c8b2   0x00000002   PAD
    0x0001c8b4   0x000000b8   Code   RO         2567    i.auth_status_success_process  security_dispatcher.o
    0x0001c96c   0x00000098   Code   RO          799    i.ble_advdata_set   ble_advdata.o
    0x0001ca04   0x000001b8   Code   RO          905    i.ble_advertising_init  ble_advertising.o
    0x0001cbbc   0x00000032   Code   RO          906    i.ble_advertising_on_ble_evt  ble_advertising.o
    0x0001cbee   0x00000002   PAD
    0x0001cbf0   0x00000050   Code   RO          907    i.ble_advertising_on_sys_evt  ble_advertising.o
    0x0001cc40   0x00000054   Code   RO          909    i.ble_advertising_restart_without_whitelist  ble_advertising.o
    0x0001cc94   0x00000174   Code   RO          910    i.ble_advertising_start  ble_advertising.o
    0x0001ce08   0x00000078   Code   RO         1025    i.ble_conn_params_init  ble_conn_params.o
    0x0001ce80   0x0000003e   Code   RO         1026    i.ble_conn_params_on_ble_evt  ble_conn_params.o
    0x0001cebe   0x00000002   PAD
    0x0001cec0   0x00000018   Code   RO         1110    i.ble_conn_state_conn_handles  ble_conn_state.o
    0x0001ced8   0x00000018   Code   RO         1111    i.ble_conn_state_encrypted  ble_conn_state.o
    0x0001cef0   0x00000018   Code   RO         1113    i.ble_conn_state_mitm_protected  ble_conn_state.o
    0x0001cf08   0x000000dc   Code   RO         1117    i.ble_conn_state_on_ble_evt  ble_conn_state.o
    0x0001cfe4   0x0000003c   Code   RO         1119    i.ble_conn_state_role  ble_conn_state.o
    0x0001d020   0x00000026   Code   RO         1121    i.ble_conn_state_user_flag_acquire  ble_conn_state.o
    0x0001d046   0x00000002   PAD
    0x0001d048   0x0000001c   Code   RO         1122    i.ble_conn_state_user_flag_collection  ble_conn_state.o
    0x0001d064   0x00000028   Code   RO         1123    i.ble_conn_state_user_flag_get  ble_conn_state.o
    0x0001d08c   0x00000028   Code   RO         1124    i.ble_conn_state_user_flag_set  ble_conn_state.o
    0x0001d0b4   0x00000070   Code   RO          800    i.ble_device_addr_encode  ble_advdata.o
    0x0001d124   0x000001b4   Code   RO         5269    i.ble_dis_init      ble_dis.o
    0x0001d2d8   0x00000038   Code   RO            8    i.ble_evt_dispatch  main.o
    0x0001d310   0x000000b4   Code   RO         5190    i.ble_sls_init      ble_sls.o
    0x0001d3c4   0x000000cc   Code   RO         5191    i.ble_sls_on_ble_evt  ble_sls.o
    0x0001d490   0x00000012   Code   RO         1264    i.ble_srv_is_notification_enabled  ble_srv_common.o
    0x0001d4a2   0x00000002   PAD
    0x0001d4a4   0x000000e8   Code   RO            9    i.ble_stack_init    main.o
    0x0001d58c   0x00000034   Code   RO          396    i.bsp_board_button_state_get  boards.o
    0x0001d5c0   0x00000014   Code   RO          399    i.bsp_board_led_invert  boards.o
    0x0001d5d4   0x00000014   Code   RO          400    i.bsp_board_led_off  boards.o
    0x0001d5e8   0x00000014   Code   RO          401    i.bsp_board_led_on  boards.o
    0x0001d5fc   0x00000028   Code   RO          402    i.bsp_board_led_state_get  boards.o
    0x0001d624   0x00000020   Code   RO          403    i.bsp_board_leds_init  boards.o
    0x0001d644   0x00000014   Code   RO          404    i.bsp_board_leds_off  boards.o
    0x0001d658   0x00000014   Code   RO          405    i.bsp_board_leds_on  boards.o
    0x0001d66c   0x00000024   Code   RO          406    i.bsp_board_pin_to_button_idx  boards.o
    0x0001d690   0x00000014   Code   RO          411    i.bsp_board_switch_off  boards.o
    0x0001d6a4   0x00000014   Code   RO          412    i.bsp_board_switch_on  boards.o
    0x0001d6b8   0x00000020   Code   RO          414    i.bsp_board_switchs_init  boards.o
    0x0001d6d8   0x00000014   Code   RO          415    i.bsp_board_switchs_off  boards.o
    0x0001d6ec   0x000001f8   Code   RO          686    i.bsp_btn_switch_event_handler  bsp_btn_switch.o
    0x0001d8e4   0x00000044   Code   RO          687    i.bsp_btn_switch_init  bsp_btn_switch.o
    0x0001d928   0x000000cc   Code   RO          579    i.bsp_button_event_handler  bsp.o
    0x0001d9f4   0x000000a4   Code   RO          688    i.bsp_cb_on_elec_lock_cmd_write  bsp_btn_switch.o
    0x0001da98   0x000000f4   Code   RO          689    i.bsp_cb_on_fan_negative_ion_cmd_write  bsp_btn_switch.o
    0x0001db8c   0x000000e8   Code   RO          690    i.bsp_cb_on_uv_lamp_cmd_write  bsp_btn_switch.o
    0x0001dc74   0x00000028   Code   RO          691    i.bsp_close_fan_negative_ion_and_indicator_led  bsp_btn_switch.o
    0x0001dc9c   0x00000064   Code   RO          692    i.bsp_close_uv_lamp_and_indicator_led  bsp_btn_switch.o
    0x0001dd00   0x00000098   Code   RO           10    i.bsp_event_handler  main.o
    0x0001dd98   0x0000005c   Code   RO          583    i.bsp_event_to_button_action_assign  bsp.o
    0x0001ddf4   0x00000024   Code   RO          584    i.bsp_indication_set  bsp.o
    0x0001de18   0x00000114   Code   RO          585    i.bsp_init          bsp.o
    0x0001df2c   0x0000033c   Code   RO          586    i.bsp_led_indication  bsp.o
    0x0001e268   0x0000018c   Code   RO          693    i.bsp_open_elec_lock  bsp_btn_switch.o
    0x0001e3f4   0x00000010   Code   RO          694    i.bsp_open_elec_lock_wait_timeout_handler  bsp_btn_switch.o
    0x0001e404   0x00000028   Code   RO          695    i.bsp_open_fan_negative_ion_and_indicator_led  bsp_btn_switch.o
    0x0001e42c   0x00000064   Code   RO          696    i.bsp_open_uv_lamp_and_indicator_led  bsp_btn_switch.o
    0x0001e490   0x00000080   Code   RO          697    i.bsp_sls_env_value_init  bsp_btn_switch.o
    0x0001e510   0x0000000c   Code   RO          698    i.bsp_sys_run_led_timeout_handler  bsp_btn_switch.o
    0x0001e51c   0x00000014   Code   RO         4649    i.buf_len_update    nrf_log_backend_serial.o
    0x0001e530   0x000000a4   Code   RO         4762    i.buf_prealloc      nrf_log_frontend.o
    0x0001e5d4   0x00000018   Code   RO         4763    i.buffer_is_empty   nrf_log_frontend.o
    0x0001e5ec   0x0000000e   Code   RO          589    i.button_timer_handler  bsp.o
    0x0001e5fa   0x00000002   PAD
    0x0001e5fc   0x00000068   Code   RO           11    i.buttons_switchs_leds_init  main.o
    0x0001e664   0x00000032   Code   RO         4650    i.byte2hex          nrf_log_backend_serial.o
    0x0001e696   0x00000002   PAD
    0x0001e698   0x00000024   Code   RO         1327    i.cccd_written      gatt_cache_manager.o
    0x0001e6bc   0x00000020   Code   RO         3079    i.channel_free      nrf_drv_gpiote.o
    0x0001e6dc   0x00000010   Code   RO         3080    i.channel_handler_get  nrf_drv_gpiote.o
    0x0001e6ec   0x00000078   Code   RO         3081    i.channel_port_alloc  nrf_drv_gpiote.o
    0x0001e764   0x0000000c   Code   RO         3082    i.channel_port_get  nrf_drv_gpiote.o
    0x0001e770   0x0000012c   Code   RO         5270    i.char_add          ble_dis.o
    0x0001e89c   0x00000024   Code   RO         4390    i.check_config      fstorage.o
    0x0001e8c0   0x00000022   Code   RO         3969    i.chunk_is_aligned  fds.o
    0x0001e8e2   0x00000002   PAD
    0x0001e8e4   0x00000030   Code   RO         3970    i.chunk_queue_get_and_advance  fds.o
    0x0001e914   0x00000020   Code   RO         3971    i.chunk_queue_next  fds.o
    0x0001e934   0x0000002c   Code   RO         3972    i.chunk_queue_skip  fds.o
    0x0001e960   0x0000004c   Code   RO         2114    i.claim             peer_id.o
    0x0001e9ac   0x00000034   Code   RO         2844    i.clock_clk_started_notify  nrf_drv_clock.o
    0x0001e9e0   0x0000008c   Code   RO         3691    i.compare_reg_update  app_timer.o
    0x0001ea6c   0x0000005c   Code   RO          801    i.conn_int_check    ble_advdata.o
    0x0001eac8   0x0000006a   Code   RO          802    i.conn_int_encode   ble_advdata.o
    0x0001eb32   0x00000002   PAD
    0x0001eb34   0x00000028   Code   RO           12    i.conn_params_error_handler  main.o
    0x0001eb5c   0x00000070   Code   RO           13    i.conn_params_init  main.o
    0x0001ebcc   0x00000094   Code   RO         1028    i.conn_params_negotiation  ble_conn_params.o
    0x0001ec60   0x0000005c   Code   RO         2568    i.conn_sec_update_process  security_dispatcher.o
    0x0001ecbc   0x00000050   Code   RO         3973    i.delete_execute    fds.o
    0x0001ed0c   0x00000070   Code   RO         3565    i.detection_delay_timeout_handler  app_button.o
    0x0001ed7c   0x00000024   Code   RO         2569    i.disconnect_process  security_dispatcher.o
    0x0001eda0   0x00000064   Code   RO         3692    i.elapsed_ticks_acquire  app_timer.o
    0x0001ee04   0x00000160   Code   RO         5192    i.elec_lock_cmd_char_add  ble_sls.o
    0x0001ef64   0x0000013c   Code   RO         5193    i.elec_lock_status_char_add  ble_sls.o
    0x0001f0a0   0x00000034   Code   RO         2570    i.encryption_failure  security_dispatcher.o
    0x0001f0d4   0x0000000a   Code   RO         4391    i.erase_execute     fstorage.o
    0x0001f0de   0x00000078   Code   RO         3975    i.event_prepare     fds.o
    0x0001f156   0x00000002   PAD
    0x0001f158   0x00000028   Code   RO         3976    i.event_send        fds.o
    0x0001f180   0x00000044   Code   RO         2711    i.events_send_from_err_code  security_manager.o
    0x0001f1c4   0x00000020   Code   RO         1328    i.evt_send          gatt_cache_manager.o
    0x0001f1e4   0x00000020   Code   RO         1458    i.evt_send          gatts_cache_manager.o
    0x0001f204   0x00000020   Code   RO         1547    i.evt_send          id_manager.o
    0x0001f224   0x00000028   Code   RO         2205    i.evt_send          peer_manager.o
    0x0001f24c   0x00000020   Code   RO         2571    i.evt_send          security_dispatcher.o
    0x0001f26c   0x00000020   Code   RO         2712    i.evt_send          security_manager.o
    0x0001f28c   0x0000005c   Code   RO         3693    i.expired_timers_handler  app_timer.o
    0x0001f2e8   0x00000160   Code   RO         5194    i.fan_negative_ion_cmd_char_add  ble_sls.o
    0x0001f448   0x0000013c   Code   RO         5195    i.fan_negative_ion_status_char_add  ble_sls.o
    0x0001f584   0x00000150   Code   RO         1775    i.fds_evt_handler   peer_data_storage.o
    0x0001f6d4   0x0000004c   Code   RO         3978    i.fds_file_delete   fds.o
    0x0001f720   0x00000048   Code   RO         3979    i.fds_gc            fds.o
    0x0001f768   0x000000b2   Code   RO         3980    i.fds_init          fds.o
    0x0001f81a   0x00000002   PAD
    0x0001f81c   0x00000060   Code   RO         3981    i.fds_record_close  fds.o
    0x0001f87c   0x00000016   Code   RO         3983    i.fds_record_find   fds.o
    0x0001f892   0x00000014   Code   RO         3984    i.fds_record_find_by_key  fds.o
    0x0001f8a6   0x00000014   Code   RO         3985    i.fds_record_find_in_file  fds.o
    0x0001f8ba   0x00000016   Code   RO         3986    i.fds_record_id_from_desc  fds.o
    0x0001f8d0   0x00000054   Code   RO         3988    i.fds_record_open   fds.o
    0x0001f924   0x0000001c   Code   RO         3989    i.fds_record_update  fds.o
    0x0001f940   0x00000014   Code   RO         3990    i.fds_record_write  fds.o
    0x0001f954   0x0000001e   Code   RO         3991    i.fds_record_write_reserved  fds.o
    0x0001f972   0x00000002   PAD
    0x0001f974   0x00000030   Code   RO         3992    i.fds_register      fds.o
    0x0001f9a4   0x00000036   Code   RO         3993    i.fds_reserve       fds.o
    0x0001f9da   0x00000002   PAD
    0x0001f9dc   0x00000054   Code   RO         3994    i.fds_reserve_cancel  fds.o
    0x0001fa30   0x00000034   Code   RO         3996    i.file_find_and_delete  fds.o
    0x0001fa64   0x0000000c   Code   RO         1776    i.file_id_to_peer_id  peer_data_storage.o
    0x0001fa70   0x0000001c   Code   RO         1777    i.file_id_within_pm_range  peer_data_storage.o
    0x0001fa8c   0x00000010   Code   RO         3997    i.flag_clear        fds.o
    0x0001fa9c   0x00000012   Code   RO         2572    i.flag_id_init      security_dispatcher.o
    0x0001faae   0x00000012   Code   RO         2713    i.flag_id_init      security_manager.o
    0x0001fac0   0x00000018   Code   RO         3998    i.flag_is_set       fds.o
    0x0001fad8   0x00000010   Code   RO         3999    i.flag_set          fds.o
    0x0001fae8   0x00000036   Code   RO          803    i.flags_encode      ble_advdata.o
    0x0001fb1e   0x00000002   PAD
    0x0001fb20   0x0000009c   Code   RO         2714    i.flags_set_from_err_code  security_manager.o
    0x0001fbbc   0x00000016   Code   RO          912    i.flash_access_in_progress  ble_advertising.o
    0x0001fbd2   0x00000002   PAD
    0x0001fbd4   0x0000008c   Code   RO         4392    i.fs_erase          fstorage.o
    0x0001fc60   0x0000000e   Code   RO         4000    i.fs_event_handler  fds.o
    0x0001fc6e   0x00000002   PAD
    0x0001fc70   0x0000001c   Code   RO         4394    i.fs_flash_page_end_addr  fstorage.o
    0x0001fc8c   0x000000c4   Code   RO         4395    i.fs_init           fstorage.o
    0x0001fd50   0x00000018   Code   RO         4398    i.fs_queued_op_count_get  fstorage.o
    0x0001fd68   0x0000009c   Code   RO         4399    i.fs_store          fstorage.o
    0x0001fe04   0x00000070   Code   RO         4400    i.fs_sys_event_handler  fstorage.o
    0x0001fe74   0x000000a0   Code   RO           14    i.gap_params_init   main.o
    0x0001ff14   0x00000074   Code   RO         4001    i.gc_execute        fds.o
    0x0001ff88   0x0000003c   Code   RO         4002    i.gc_init           fds.o
    0x0001ffc4   0x00000028   Code   RO         4003    i.gc_next_page      fds.o
    0x0001ffec   0x00000044   Code   RO         4004    i.gc_page_erase     fds.o
    0x00020030   0x0000004c   Code   RO         4005    i.gc_page_next      fds.o
    0x0002007c   0x00000040   Code   RO         4006    i.gc_record_copy    fds.o
    0x000200bc   0x00000028   Code   RO         4007    i.gc_record_find_next  fds.o
    0x000200e4   0x00000058   Code   RO         4008    i.gc_state_advance  fds.o
    0x0002013c   0x0000002c   Code   RO         4009    i.gc_swap_erase     fds.o
    0x00020168   0x00000044   Code   RO         4010    i.gc_swap_pages     fds.o
    0x000201ac   0x00000020   Code   RO         4011    i.gc_swap_promote   fds.o
    0x000201cc   0x00000018   Code   RO         4012    i.gc_tag_new_swap   fds.o
    0x000201e4   0x00000020   Code   RO         4013    i.gc_update_swap_offset  fds.o
    0x00020204   0x00000074   Code   RO         1329    i.gcm_ble_evt_handler  gatt_cache_manager.o
    0x00020278   0x00000078   Code   RO         1330    i.gcm_gscm_evt_handler  gatt_cache_manager.o
    0x000202f0   0x00000034   Code   RO         1331    i.gcm_im_evt_handler  gatt_cache_manager.o
    0x00020324   0x00000068   Code   RO         1332    i.gcm_init          gatt_cache_manager.o
    0x0002038c   0x0000004c   Code   RO         1333    i.gcm_local_database_has_changed  gatt_cache_manager.o
    0x000203d8   0x00000018   Code   RO         1336    i.gcm_smd_evt_handler  gatt_cache_manager.o
    0x000203f0   0x0000003c   Code   RO         1548    i.get_connection_by_conn_handle  id_manager.o
    0x0002042c   0x00000034   Code   RO         1549    i.get_free_connection  id_manager.o
    0x00020460   0x0000006c   Code   RO         3566    i.gpiote_event_handler  app_button.o
    0x000204cc   0x0000001c   Code   RO         1459    i.gscm_db_change_notification_done  gatts_cache_manager.o
    0x000204e8   0x00000014   Code   RO         1460    i.gscm_init         gatts_cache_manager.o
    0x000204fc   0x0000001c   Code   RO         1461    i.gscm_local_database_has_changed  gatts_cache_manager.o
    0x00020518   0x0000009c   Code   RO         1462    i.gscm_local_db_cache_apply  gatts_cache_manager.o
    0x000205b4   0x000000a0   Code   RO         1464    i.gscm_local_db_cache_update  gatts_cache_manager.o
    0x00020654   0x00000054   Code   RO         1465    i.gscm_pdb_evt_handler  gatts_cache_manager.o
    0x000206a8   0x00000026   Code   RO         1466    i.gscm_service_changed_ind_needed  gatts_cache_manager.o
    0x000206ce   0x00000002   PAD
    0x000206d0   0x0000003c   Code   RO         1467    i.gscm_service_changed_ind_send  gatts_cache_manager.o
    0x0002070c   0x0000001c   Code   RO         4014    i.header_is_valid   fds.o
    0x00020728   0x00000044   Code   RO         1550    i.im_address_resolve  id_manager.o
    0x0002076c   0x00000030   Code   RO         1551    i.im_ble_addr_get   id_manager.o
    0x0002079c   0x000000cc   Code   RO         1552    i.im_ble_evt_handler  id_manager.o
    0x00020868   0x00000030   Code   RO         1553    i.im_conn_handle_get  id_manager.o
    0x00020898   0x00000040   Code   RO         1557    i.im_init           id_manager.o
    0x000208d8   0x00000046   Code   RO         1558    i.im_is_duplicate_bonding_data  id_manager.o
    0x0002091e   0x00000026   Code   RO         1559    i.im_master_id_is_valid  id_manager.o
    0x00020944   0x00000034   Code   RO         1560    i.im_master_ids_compare  id_manager.o
    0x00020978   0x00000010   Code   RO         1561    i.im_new_peer_id    id_manager.o
    0x00020988   0x0000007a   Code   RO         1562    i.im_pdb_evt_handler  id_manager.o
    0x00020a02   0x00000002   PAD
    0x00020a04   0x00000030   Code   RO         1563    i.im_peer_free      id_manager.o
    0x00020a34   0x00000028   Code   RO         1564    i.im_peer_id_get_by_conn_handle  id_manager.o
    0x00020a5c   0x00000048   Code   RO         1565    i.im_peer_id_get_by_master_id  id_manager.o
    0x00020aa4   0x0000010c   Code   RO         4015    i.init_execute      fds.o
    0x00020bb0   0x000000d8   Code   RO         5045    i.intern_softdevice_events_execute  softdevice_handler.o
    0x00020c88   0x0000000c   Code   RO         1337    i.internal_state_reset  gatt_cache_manager.o
    0x00020c94   0x00000018   Code   RO         1468    i.internal_state_reset  gatts_cache_manager.o
    0x00020cac   0x00000028   Code   RO         1570    i.internal_state_reset  id_manager.o
    0x00020cd4   0x00000020   Code   RO         1939    i.internal_state_reset  peer_database.o
    0x00020cf4   0x0000000e   Code   RO         2115    i.internal_state_reset  peer_id.o
    0x00020d02   0x00000002   PAD
    0x00020d04   0x0000002c   Code   RO         2206    i.internal_state_reset  peer_manager.o
    0x00020d30   0x00000024   Code   RO         1029    i.is_conn_params_ok  ble_conn_params.o
    0x00020d54   0x00000038   Code   RO         5320    i.is_disabled_in_debug_needed  system_nrf51.o
    0x00020d8c   0x0000006c   Code   RO         5321    i.is_manual_peripheral_setup_needed  system_nrf51.o
    0x00020df8   0x00000054   Code   RO         5322    i.is_peripheral_domain_setup_needed  system_nrf51.o
    0x00020e4c   0x0000001a   Code   RO         1571    i.is_valid_irk      id_manager.o
    0x00020e66   0x00000012   Code   RO         4016    i.is_word_aligned   fds.o
    0x00020e78   0x0000000e   Code   RO         2847    i.item_dequeue      nrf_drv_clock.o
    0x00020e86   0x00000002   PAD
    0x00020e88   0x00000024   Code   RO          590    i.leds_timer_handler  bsp.o
    0x00020eac   0x000000d0   Code   RO         2715    i.link_secure       security_manager.o
    0x00020f7c   0x00000098   Code   RO         2573    i.link_secure_central  security_dispatcher.o
    0x00021014   0x000000f8   Code   RO         2574    i.link_secure_central_existing_peer  security_dispatcher.o
    0x0002110c   0x00000084   Code   RO         2575    i.link_secure_central_new_peer  security_dispatcher.o
    0x00021190   0x0000005c   Code   RO         2576    i.link_secure_failure  security_dispatcher.o
    0x000211ec   0x00000080   Code   RO         2716    i.link_secure_pending_process  security_manager.o
    0x0002126c   0x00000012   Code   RO         2577    i.link_secure_peripheral  security_dispatcher.o
    0x0002127e   0x00000002   PAD
    0x00021280   0x0000007c   Code   RO         3694    i.list_deletions_handler  app_timer.o
    0x000212fc   0x000000f8   Code   RO         3695    i.list_insertions_handler  app_timer.o
    0x000213f4   0x000000a0   Code   RO         1338    i.local_db_apply_in_evt  gatt_cache_manager.o
    0x00021494   0x000000b4   Code   RO         1339    i.local_db_update_in_evt  gatt_cache_manager.o
    0x00021548   0x00000036   Code   RO         2516    i.lock_by_mask      pm_mutex.o
    0x0002157e   0x00000002   PAD
    0x00021580   0x000000fc   Code   RO           15    i.main              main.o
    0x0002167c   0x00000078   Code   RO          804    i.manuf_specific_data_encode  ble_advdata.o
    0x000216f4   0x000000c6   Code   RO          805    i.name_encode       ble_advdata.o
    0x000217ba   0x00000002   PAD
    0x000217bc   0x0000006c   Code   RO         1572    i.new_connection    id_manager.o
    0x00021828   0x00000038   Code   RO         2116    i.next_id_get       peer_id.o
    0x00021860   0x00000016   Code   RO         3083    i.nrf_bitmask_bit_is_set  nrf_drv_gpiote.o
    0x00021876   0x00000016   Code   RO         2851    i.nrf_clock_event_check  nrf_drv_clock.o
    0x0002188c   0x0000000c   Code   RO         2852    i.nrf_clock_event_clear  nrf_drv_clock.o
    0x00021898   0x0000000c   Code   RO         2854    i.nrf_clock_int_disable  nrf_drv_clock.o
    0x000218a4   0x00000040   Code   RO         3696    i.nrf_delay_us      app_timer.o
    0x000218e4   0x00000070   Code   RO         2863    i.nrf_drv_clock_init  nrf_drv_clock.o
    0x00021954   0x00000034   Code   RO         2870    i.nrf_drv_clock_on_sd_enable  nrf_drv_clock.o
    0x00021988   0x0000000e   Code   RO         2871    i.nrf_drv_clock_on_soc_event  nrf_drv_clock.o
    0x00021996   0x00000002   PAD
    0x00021998   0x00000038   Code   RO         3043    i.nrf_drv_common_irq_enable  nrf_drv_common.o
    0x000219d0   0x0000000a   Code   RO         3340    i.nrf_drv_get_IRQn  nrf_drv_uart.o
    0x000219da   0x00000002   PAD
    0x000219dc   0x000000bc   Code   RO         3086    i.nrf_drv_gpiote_in_event_enable  nrf_drv_gpiote.o
    0x00021a98   0x00000140   Code   RO         3087    i.nrf_drv_gpiote_in_init  nrf_drv_gpiote.o
    0x00021bd8   0x00000016   Code   RO         3088    i.nrf_drv_gpiote_in_is_set  nrf_drv_gpiote.o
    0x00021bee   0x00000002   PAD
    0x00021bf0   0x000000ec   Code   RO         3090    i.nrf_drv_gpiote_init  nrf_drv_gpiote.o
    0x00021cdc   0x00000014   Code   RO         3091    i.nrf_drv_gpiote_is_init  nrf_drv_gpiote.o
    0x00021cf0   0x00000098   Code   RO         3342    i.nrf_drv_uart_init  nrf_drv_uart.o
    0x00021d88   0x00000038   Code   RO         3348    i.nrf_drv_uart_tx   nrf_drv_uart.o
    0x00021dc0   0x00000098   Code   RO         3350    i.nrf_drv_uart_tx_for_uart  nrf_drv_uart.o
    0x00021e58   0x00000020   Code   RO         3351    i.nrf_drv_uart_tx_in_progress  nrf_drv_uart.o
    0x00021e78   0x00000068   Code   RO         3352    i.nrf_drv_uart_uninit  nrf_drv_uart.o
    0x00021ee0   0x0000002a   Code   RO          417    i.nrf_gpio_cfg      boards.o
    0x00021f0a   0x0000002a   Code   RO         3103    i.nrf_gpio_cfg      nrf_drv_gpiote.o
    0x00021f34   0x0000002a   Code   RO         3353    i.nrf_gpio_cfg      nrf_drv_uart.o
    0x00021f5e   0x00000018   Code   RO         3354    i.nrf_gpio_cfg_default  nrf_drv_uart.o
    0x00021f76   0x0000001a   Code   RO         3355    i.nrf_gpio_cfg_input  nrf_drv_uart.o
    0x00021f90   0x00000018   Code   RO          418    i.nrf_gpio_cfg_output  boards.o
    0x00021fa8   0x00000018   Code   RO         3356    i.nrf_gpio_cfg_output  nrf_drv_uart.o
    0x00021fc0   0x00000040   Code   RO         3105    i.nrf_gpio_cfg_sense_set  nrf_drv_gpiote.o
    0x00022000   0x0000001a   Code   RO          419    i.nrf_gpio_pin_out_read  boards.o
    0x0002201a   0x0000001a   Code   RO         3107    i.nrf_gpio_pin_read  nrf_drv_gpiote.o
    0x00022034   0x00000018   Code   RO         3357    i.nrf_gpio_pin_set  nrf_drv_uart.o
    0x0002204c   0x0000002e   Code   RO          420    i.nrf_gpio_pin_toggle  boards.o
    0x0002207a   0x00000040   Code   RO          421    i.nrf_gpio_pin_write  boards.o
    0x000220ba   0x00000002   PAD
    0x000220bc   0x00000030   Code   RO         3109    i.nrf_gpio_ports_read  nrf_drv_gpiote.o
    0x000220ec   0x0000000c   Code   RO         3110    i.nrf_gpiote_event_addr_get  nrf_drv_gpiote.o
    0x000220f8   0x00000010   Code   RO         3111    i.nrf_gpiote_event_clear  nrf_drv_gpiote.o
    0x00022108   0x00000016   Code   RO         3112    i.nrf_gpiote_event_is_set  nrf_drv_gpiote.o
    0x0002211e   0x00000002   PAD
    0x00022120   0x0000000c   Code   RO         3113    i.nrf_gpiote_int_enable  nrf_drv_gpiote.o
    0x0002212c   0x00000008   Code   RO         4652    i.nrf_log_backend_hexdump_handler_get  nrf_log_backend_serial.o
    0x00022134   0x00000090   Code   RO         4653    i.nrf_log_backend_init  nrf_log_backend_serial.o
    0x000221c4   0x00000178   Code   RO         4654    i.nrf_log_backend_serial_hexdump_handler  nrf_log_backend_serial.o
    0x0002233c   0x000001a4   Code   RO         4655    i.nrf_log_backend_serial_std_handler  nrf_log_backend_serial.o
    0x000224e0   0x00000008   Code   RO         4656    i.nrf_log_backend_std_handler_get  nrf_log_backend_serial.o
    0x000224e8   0x00000208   Code   RO         4766    i.nrf_log_frontend_dequeue  nrf_log_frontend.o
    0x000226f0   0x00000024   Code   RO         4768    i.nrf_log_frontend_init  nrf_log_frontend.o
    0x00022714   0x00000084   Code   RO         4769    i.nrf_log_frontend_std_0  nrf_log_frontend.o
    0x00022798   0x00000098   Code   RO         4770    i.nrf_log_frontend_std_1  nrf_log_frontend.o
    0x00022830   0x000000ac   Code   RO         4771    i.nrf_log_frontend_std_2  nrf_log_frontend.o
    0x000228dc   0x000000c0   Code   RO         4772    i.nrf_log_frontend_std_3  nrf_log_frontend.o
    0x0002299c   0x000000e4   Code   RO         4774    i.nrf_log_frontend_std_5  nrf_log_frontend.o
    0x00022a80   0x0000000c   Code   RO         4777    i.nrf_log_handlers_set  nrf_log_frontend.o
    0x00022a8c   0x0000002a   Code   RO         4778    i.nrf_log_init      nrf_log_frontend.o
    0x00022ab6   0x00000014   Code   RO         3358    i.nrf_uart_errorsrc_get_and_clear  nrf_drv_uart.o
    0x00022aca   0x00000010   Code   RO         3359    i.nrf_uart_event_check  nrf_drv_uart.o
    0x00022ada   0x00000006   Code   RO         3360    i.nrf_uart_event_clear  nrf_drv_uart.o
    0x00022ae0   0x00000012   Code   RO         3361    i.nrf_uart_hwfc_pins_set  nrf_drv_uart.o
    0x00022af2   0x0000000a   Code   RO         3362    i.nrf_uart_int_disable  nrf_drv_uart.o
    0x00022afc   0x0000000a   Code   RO         3363    i.nrf_uart_int_enable  nrf_drv_uart.o
    0x00022b06   0x00000018   Code   RO         3364    i.nrf_uart_int_enable_check  nrf_drv_uart.o
    0x00022b1e   0x00000006   Code   RO         3365    i.nrf_uart_task_trigger  nrf_drv_uart.o
    0x00022b24   0x00000012   Code   RO         3366    i.nrf_uart_txrx_pins_set  nrf_drv_uart.o
    0x00022b36   0x00000002   PAD
    0x00022b38   0x000000a4   Code   RO           16    i.on_adv_evt        main.o
    0x00022bdc   0x000002cc   Code   RO           17    i.on_ble_evt        main.o
    0x00022ea8   0x00000044   Code   RO           18    i.on_conn_params_evt  main.o
    0x00022eec   0x00000018   Code   RO         1030    i.on_conn_params_update  ble_conn_params.o
    0x00022f04   0x0000003c   Code   RO         1031    i.on_connect        ble_conn_params.o
    0x00022f40   0x00000006   Code   RO         5196    i.on_connect        ble_sls.o
    0x00022f46   0x00000002   PAD
    0x00022f48   0x00000014   Code   RO          913    i.on_connected      ble_advertising.o
    0x00022f5c   0x00000044   Code   RO         1032    i.on_disconnect     ble_conn_params.o
    0x00022fa0   0x00000008   Code   RO         5197    i.on_disconnect     ble_sls.o
    0x00022fa8   0x00000044   Code   RO          914    i.on_disconnected   ble_advertising.o
    0x00022fec   0x0000002c   Code   RO         4401    i.on_operation_failure  fstorage.o
    0x00023018   0x00000078   Code   RO         4402    i.on_operation_success  fstorage.o
    0x00023090   0x00000038   Code   RO          915    i.on_timeout        ble_advertising.o
    0x000230c8   0x00000054   Code   RO         1033    i.on_write          ble_conn_params.o
    0x0002311c   0x0000003e   Code   RO         5198    i.on_write          ble_sls.o
    0x0002315a   0x00000002   PAD
    0x0002315c   0x00000098   Code   RO         4017    i.op_enqueue        fds.o
    0x000231f4   0x00000040   Code   RO         4018    i.page_from_record  fds.o
    0x00023234   0x00000028   Code   RO         4019    i.page_has_space    fds.o
    0x0002325c   0x00000030   Code   RO         4020    i.page_identify     fds.o
    0x0002328c   0x0000001e   Code   RO         4021    i.page_is_erased    fds.o
    0x000232aa   0x00000012   Code   RO         4022    i.page_offsets_update  fds.o
    0x000232bc   0x00000070   Code   RO         4023    i.page_scan         fds.o
    0x0002332c   0x00000020   Code   RO         4024    i.page_tag_write_data  fds.o
    0x0002334c   0x00000024   Code   RO         4025    i.page_tag_write_swap  fds.o
    0x00023370   0x0000011c   Code   RO         4026    i.pages_init        fds.o
    0x0002348c   0x00000044   Code   RO           19    i.pairing_and_bonding_init  main.o
    0x000234d0   0x0000007c   Code   RO         2578    i.pairing_failure   security_dispatcher.o
    0x0002354c   0x000000a4   Code   RO           20    i.pairing_on_ble_evt  main.o
    0x000235f0   0x0000004c   Code   RO         2717    i.params_reply_pending_process  security_manager.o
    0x0002363c   0x00000020   Code   RO         1941    i.pdb_evt_send      peer_database.o
    0x0002365c   0x00000048   Code   RO         1942    i.pdb_init          peer_database.o
    0x000236a4   0x0000000c   Code   RO         1944    i.pdb_next_deleted_peer_id_get  peer_database.o
    0x000236b0   0x0000000c   Code   RO         1945    i.pdb_next_peer_id_get  peer_database.o
    0x000236bc   0x000001bc   Code   RO         1946    i.pdb_pds_evt_handler  peer_database.o
    0x00023878   0x00000008   Code   RO         1947    i.pdb_peer_allocate  peer_database.o
    0x00023880   0x00000016   Code   RO         1949    i.pdb_peer_data_ptr_get  peer_database.o
    0x00023896   0x0000005e   Code   RO         1950    i.pdb_peer_free     peer_database.o
    0x000238f4   0x00000016   Code   RO         1951    i.pdb_raw_store     peer_database.o
    0x0002390a   0x00000002   PAD
    0x0002390c   0x00000148   Code   RO         1952    i.pdb_write_buf_get  peer_database.o
    0x00023a54   0x00000038   Code   RO         1953    i.pdb_write_buf_release  peer_database.o
    0x00023a8c   0x00000110   Code   RO         1954    i.pdb_write_buf_store  peer_database.o
    0x00023b9c   0x0000007c   Code   RO         1955    i.pdb_write_buf_store_prepare  peer_database.o
    0x00023c18   0x00000020   Code   RO         1778    i.pds_evt_send      peer_data_storage.o
    0x00023c38   0x0000003c   Code   RO         1779    i.pds_init          peer_data_storage.o
    0x00023c74   0x0000000c   Code   RO         1780    i.pds_next_deleted_peer_id_get  peer_data_storage.o
    0x00023c80   0x0000000c   Code   RO         1781    i.pds_next_peer_id_get  peer_data_storage.o
    0x00023c8c   0x0000005c   Code   RO         1784    i.pds_peer_data_iterate  peer_data_storage.o
    0x00023ce8   0x00000010   Code   RO         1785    i.pds_peer_data_iterate_prepare  peer_data_storage.o
    0x00023cf8   0x0000008c   Code   RO         1786    i.pds_peer_data_read  peer_data_storage.o
    0x00023d84   0x000000ca   Code   RO         1787    i.pds_peer_data_store  peer_data_storage.o
    0x00023e4e   0x00000002   PAD
    0x00023e50   0x00000010   Code   RO         1788    i.pds_peer_id_allocate  peer_data_storage.o
    0x00023e60   0x0000001e   Code   RO         1789    i.pds_peer_id_free  peer_data_storage.o
    0x00023e7e   0x0000000c   Code   RO         1790    i.pds_peer_id_is_allocated  peer_data_storage.o
    0x00023e8a   0x00000040   Code   RO         1791    i.pds_space_reserve  peer_data_storage.o
    0x00023eca   0x00000016   Code   RO         1792    i.pds_space_reserve_cancel  peer_data_storage.o
    0x00023ee0   0x00000018   Code   RO         1956    i.peer_data_const_point_to_buffer  peer_database.o
    0x00023ef8   0x000000a0   Code   RO         1793    i.peer_data_delete  peer_data_storage.o
    0x00023f98   0x00000042   Code   RO         1794    i.peer_data_find    peer_data_storage.o
    0x00023fda   0x00000022   Code   RO         1795    i.peer_data_id_is_valid  peer_data_storage.o
    0x00023ffc   0x0000000c   Code   RO         1796    i.peer_data_id_to_record_key  peer_data_storage.o
    0x00024008   0x00000014   Code   RO         1957    i.peer_data_point_to_buffer  peer_database.o
    0x0002401c   0x00000014   Code   RO         2117    i.peer_id_allocate  peer_id.o
    0x00024030   0x0000002c   Code   RO         2118    i.peer_id_delete    peer_id.o
    0x0002405c   0x0000001c   Code   RO         2119    i.peer_id_free      peer_id.o
    0x00024078   0x00000014   Code   RO         2120    i.peer_id_get_next_deleted  peer_id.o
    0x0002408c   0x0000003c   Code   RO         2121    i.peer_id_get_next_used  peer_id.o
    0x000240c8   0x00000024   Code   RO         2122    i.peer_id_init      peer_id.o
    0x000240ec   0x0000001c   Code   RO         2123    i.peer_id_is_allocated  peer_id.o
    0x00024108   0x0000001c   Code   RO         2124    i.peer_id_is_deleted  peer_id.o
    0x00024124   0x00000020   Code   RO         1573    i.peer_id_set       id_manager.o
    0x00024144   0x0000000c   Code   RO         1797    i.peer_id_to_file_id  peer_data_storage.o
    0x00024150   0x00000046   Code   RO         1798    i.peer_ids_load     peer_data_storage.o
    0x00024196   0x00000002   PAD
    0x00024198   0x000000fc   Code   RO           21    i.peer_manager_init  main.o
    0x00024294   0x0000001c   Code   RO         3115    i.pin_in_use_by_gpiote  nrf_drv_gpiote.o
    0x000242b0   0x00000018   Code   RO         3116    i.pin_in_use_by_port  nrf_drv_gpiote.o
    0x000242c8   0x00000020   Code   RO         3117    i.pin_in_use_by_te  nrf_drv_gpiote.o
    0x000242e8   0x00000010   Code   RO         3118    i.pin_in_use_clear  nrf_drv_gpiote.o
    0x000242f8   0x0000008a   Code   RO         3367    i.pins_to_default   nrf_drv_uart.o
    0x00024382   0x00000068   Code   RO         2478    i.pm_buffer_block_acquire  pm_buffer.o
    0x000243ea   0x00000052   Code   RO         2479    i.pm_buffer_init    pm_buffer.o
    0x0002443c   0x00000038   Code   RO         2480    i.pm_buffer_ptr_get  pm_buffer.o
    0x00024474   0x00000030   Code   RO         2481    i.pm_buffer_release  pm_buffer.o
    0x000244a4   0x00000010   Code   RO         2208    i.pm_conn_sec_config_reply  peer_manager.o
    0x000244b4   0x00000268   Code   RO           22    i.pm_evt_handler    main.o
    0x0002471c   0x000000b2   Code   RO         2212    i.pm_gcm_evt_handler  peer_manager.o
    0x000247ce   0x00000002   PAD
    0x000247d0   0x00000058   Code   RO         2215    i.pm_im_evt_handler  peer_manager.o
    0x00024828   0x000000b0   Code   RO         2216    i.pm_init           peer_manager.o
    0x000248d8   0x0000001c   Code   RO         2218    i.pm_local_database_has_changed  peer_manager.o
    0x000248f4   0x00000016   Code   RO         2517    i.pm_mutex_init     pm_mutex.o
    0x0002490a   0x00000022   Code   RO         2518    i.pm_mutex_lock     pm_mutex.o
    0x0002492c   0x00000034   Code   RO         2519    i.pm_mutex_lock_first_available  pm_mutex.o
    0x00024960   0x00000026   Code   RO         2520    i.pm_mutex_lock_status_get  pm_mutex.o
    0x00024986   0x0000003c   Code   RO         2521    i.pm_mutex_unlock   pm_mutex.o
    0x000249c2   0x00000002   PAD
    0x000249c4   0x0000002c   Code   RO         2220    i.pm_on_ble_evt     peer_manager.o
    0x000249f0   0x000001c4   Code   RO         2221    i.pm_pdb_evt_handler  peer_manager.o
    0x00024bb4   0x00000020   Code   RO         2232    i.pm_peer_delete    peer_manager.o
    0x00024bd4   0x00000054   Code   RO         2237    i.pm_peers_delete   peer_manager.o
    0x00024c28   0x00000044   Code   RO         2240    i.pm_register       peer_manager.o
    0x00024c6c   0x00000024   Code   RO         2242    i.pm_sec_params_set  peer_manager.o
    0x00024c90   0x000001b4   Code   RO         2243    i.pm_sm_evt_handler  peer_manager.o
    0x00024e44   0x000000d8   Code   RO         5271    i.pnp_id_encode     ble_dis.o
    0x00024f1c   0x00000034   Code   RO           23    i.power_manage      main.o
    0x00024f50   0x00000048   Code   RO         4027    i.queue_advance     fds.o
    0x00024f98   0x00000038   Code   RO         4403    i.queue_advance     fstorage.o
    0x00024fd0   0x00000064   Code   RO         4404    i.queue_get_next_free  fstorage.o
    0x00025034   0x000000a8   Code   RO         4028    i.queue_process     fds.o
    0x000250dc   0x00000070   Code   RO         4405    i.queue_process     fstorage.o
    0x0002514c   0x0000001a   Code   RO         4029    i.queue_start       fds.o
    0x00025166   0x00000002   PAD
    0x00025168   0x00000030   Code   RO         4406    i.queue_start       fstorage.o
    0x00025198   0x00000016   Code   RO         5046    i.ram_end_address_get  softdevice_handler.o
    0x000251ae   0x00000002   PAD
    0x000251b0   0x0000004c   Code   RO         1126    i.record_activate   ble_conn_state.o
    0x000251fc   0x00000090   Code   RO         4030    i.record_find       fds.o
    0x0002528c   0x0000003c   Code   RO         4031    i.record_find_and_delete  fds.o
    0x000252c8   0x00000080   Code   RO         4032    i.record_find_by_desc  fds.o
    0x00025348   0x00000064   Code   RO         4033    i.record_find_next  fds.o
    0x000253ac   0x0000003c   Code   RO         4034    i.record_header_flag_dirty  fds.o
    0x000253e8   0x0000002c   Code   RO         4035    i.record_header_write_begin  fds.o
    0x00025414   0x00000038   Code   RO         4036    i.record_header_write_finalize  fds.o
    0x0002544c   0x0000003c   Code   RO         4037    i.record_header_write_id  fds.o
    0x00025488   0x00000014   Code   RO         4038    i.record_id_new     fds.o
    0x0002549c   0x0000001c   Code   RO         1127    i.record_invalidate  ble_conn_state.o
    0x000254b8   0x0000000c   Code   RO         1799    i.record_key_to_peer_data_id  peer_data_storage.o
    0x000254c4   0x0000001c   Code   RO         1800    i.record_key_within_pm_range  peer_data_storage.o
    0x000254e0   0x00000044   Code   RO         1128    i.record_purge_disconnected  ble_conn_state.o
    0x00025524   0x00000018   Code   RO         1129    i.record_set_disconnected  ble_conn_state.o
    0x0002553c   0x00000054   Code   RO         4039    i.record_write_chunk  fds.o
    0x00025590   0x00000014   Code   RO         2126    i.release           peer_id.o
    0x000255a4   0x0000000c   Code   RO         3697    i.rtc1_compare0_set  app_timer.o
    0x000255b0   0x0000000c   Code   RO         3698    i.rtc1_counter_get  app_timer.o
    0x000255bc   0x00000018   Code   RO         3699    i.rtc1_init         app_timer.o
    0x000255d4   0x0000003c   Code   RO         3700    i.rtc1_start        app_timer.o
    0x00025610   0x00000058   Code   RO         3701    i.rtc1_stop         app_timer.o
    0x00025668   0x00000048   Code   RO         3368    i.rx_byte           nrf_drv_uart.o
    0x000256b0   0x0000001c   Code   RO         3369    i.rx_done_event     nrf_drv_uart.o
    0x000256cc   0x000000ac   Code   RO         5048    i.sd_nvic_EnableIRQ  softdevice_handler.o
    0x00025778   0x0000000e   Code   RO         1340    i.sdk_mapped_flags_any_set  gatt_cache_manager.o
    0x00025786   0x0000000e   Code   RO         2718    i.sdk_mapped_flags_any_set  security_manager.o
    0x00025794   0x00000062   Code   RO         4564    i.sdk_mapped_flags_bulk_update_by_key  sdk_mapped_flags.o
    0x000257f6   0x00000002   PAD
    0x000257f8   0x00000028   Code   RO         4565    i.sdk_mapped_flags_first_key_index_get  sdk_mapped_flags.o
    0x00025820   0x00000014   Code   RO         4566    i.sdk_mapped_flags_get_by_index  sdk_mapped_flags.o
    0x00025834   0x0000002c   Code   RO         4567    i.sdk_mapped_flags_get_by_key  sdk_mapped_flags.o
    0x00025860   0x00000046   Code   RO         4568    i.sdk_mapped_flags_key_list_get  sdk_mapped_flags.o
    0x000258a6   0x0000001a   Code   RO         4570    i.sdk_mapped_flags_update_by_key  sdk_mapped_flags.o
    0x000258c0   0x000000dc   Code   RO         2579    i.sec_info_request_process  security_dispatcher.o
    0x0002599c   0x0000001a   Code   RO         2580    i.sec_params_request_process  security_dispatcher.o
    0x000259b6   0x00000108   Code   RO         2719    i.sec_params_verify  security_manager.o
    0x00025abe   0x00000002   PAD
    0x00025ac0   0x00000060   Code   RO         2581    i.sec_proc_start    security_dispatcher.o
    0x00025b20   0x00000030   Code   RO         2582    i.sec_request_process  security_dispatcher.o
    0x00025b50   0x00000020   Code   RO         2583    i.sec_start_send    security_dispatcher.o
    0x00025b70   0x0000001a   Code   RO         2720    i.send_config_req   security_manager.o
    0x00025b8a   0x0000005a   Code   RO         4407    i.send_event        fstorage.o
    0x00025be4   0x00000014   Code   RO         4658    i.serial_is_busy    nrf_log_backend_serial.o
    0x00025bf8   0x00000074   Code   RO         4659    i.serial_tx         nrf_log_backend_serial.o
    0x00025c6c   0x00000070   Code   RO         1341    i.service_changed_pending_flags_check  gatt_cache_manager.o
    0x00025cdc   0x00000050   Code   RO         1469    i.service_changed_pending_set  gatts_cache_manager.o
    0x00025d2c   0x000000c0   Code   RO         1342    i.service_changed_send_in_evt  gatt_cache_manager.o
    0x00025dec   0x00000096   Code   RO          806    i.service_data_encode  ble_advdata.o
    0x00025e82   0x00000002   PAD
    0x00025e84   0x000000c0   Code   RO           24    i.services_init     main.o
    0x00025f44   0x00000020   Code   RO          916    i.set_adv_mode_directed  ble_advertising.o
    0x00025f64   0x0000002c   Code   RO          917    i.set_adv_mode_directed_slow  ble_advertising.o
    0x00025f90   0x00000070   Code   RO          918    i.set_adv_mode_fast  ble_advertising.o
    0x00026000   0x00000070   Code   RO          919    i.set_adv_mode_slow  ble_advertising.o
    0x00026070   0x00000002   Code   RO           25    i.sleep_mode_enter  main.o
    0x00026072   0x00000002   PAD
    0x00026074   0x00000018   Code   RO         2721    i.sm_ble_evt_handler  security_manager.o
    0x0002608c   0x00000024   Code   RO         2722    i.sm_conn_sec_config_reply  security_manager.o
    0x000260b0   0x00000064   Code   RO         2723    i.sm_init           security_manager.o
    0x00026114   0x00000060   Code   RO         2726    i.sm_pdb_evt_handler  security_manager.o
    0x00026174   0x00000038   Code   RO         2728    i.sm_sec_params_set  security_manager.o
    0x000261ac   0x000000a8   Code   RO         2729    i.sm_smd_evt_handler  security_manager.o
    0x00026254   0x00000058   Code   RO         2584    i.smd_ble_evt_handler  security_dispatcher.o
    0x000262ac   0x0000004c   Code   RO         2585    i.smd_init          security_dispatcher.o
    0x000262f8   0x00000038   Code   RO         2586    i.smd_link_secure   security_dispatcher.o
    0x00026330   0x00000130   Code   RO         2587    i.smd_params_reply  security_dispatcher.o
    0x00026460   0x00000094   Code   RO         2730    i.smd_params_reply_perform  security_manager.o
    0x000264f4   0x00000034   Code   RO         2588    i.smd_pdb_evt_handler  security_dispatcher.o
    0x00026528   0x0000001c   Code   RO         5049    i.softdevice_ble_evt_handler_set  softdevice_handler.o
    0x00026544   0x00000100   Code   RO         5050    i.softdevice_enable  softdevice_handler.o
    0x00026644   0x0000002e   Code   RO         5051    i.softdevice_enable_get_default_config  softdevice_handler.o
    0x00026672   0x00000014   Code   RO         5052    i.softdevice_fault_handler  softdevice_handler.o
    0x00026686   0x00000002   PAD
    0x00026688   0x000000a8   Code   RO         5053    i.softdevice_handler_init  softdevice_handler.o
    0x00026730   0x0000000c   Code   RO         5054    i.softdevice_handler_is_enabled  softdevice_handler.o
    0x0002673c   0x0000001c   Code   RO         5059    i.softdevice_sys_evt_handler_set  softdevice_handler.o
    0x00026758   0x00000010   Code   RO          807    i.srdata_check      ble_advdata.o
    0x00026768   0x00000032   Code   RO         4408    i.store_execute     fstorage.o
    0x0002679a   0x00000012   Code   RO           26    i.sys_evt_dispatch  main.o
    0x000267ac   0x000000e0   Code   RO         5272    i.sys_id_encode     ble_dis.o
    0x0002688c   0x0000000a   Code   RO         3702    i.ticks_diff_get    app_timer.o
    0x00026896   0x00000002   PAD
    0x00026898   0x0000007c   Code   RO         3703    i.timeout_handler_exec  app_timer.o
    0x00026914   0x00000058   Code   RO         3704    i.timer_list_handler  app_timer.o
    0x0002696c   0x0000000a   Code   RO         3705    i.timer_list_handler_sched  app_timer.o
    0x00026976   0x00000002   PAD
    0x00026978   0x0000006c   Code   RO         3706    i.timer_list_insert  app_timer.o
    0x000269e4   0x00000070   Code   RO         3707    i.timer_list_remove  app_timer.o
    0x00026a54   0x0000005c   Code   RO         3708    i.timer_start_op_schedule  app_timer.o
    0x00026ab0   0x00000042   Code   RO         3709    i.timer_stop_op_schedule  app_timer.o
    0x00026af2   0x00000002   PAD
    0x00026af4   0x00000094   Code   RO         3710    i.timer_timeouts_check  app_timer.o
    0x00026b88   0x0000000a   Code   RO         3711    i.timer_timeouts_check_sched  app_timer.o
    0x00026b92   0x00000002   PAD
    0x00026b94   0x00000044   Code   RO           27    i.timers_init       main.o
    0x00026bd8   0x00000054   Code   RO         4660    i.timestamp_process  nrf_log_backend_serial.o
    0x00026c2c   0x0000002a   Code   RO         3371    i.tx_byte           nrf_drv_uart.o
    0x00026c56   0x00000022   Code   RO         3372    i.tx_done_event     nrf_drv_uart.o
    0x00026c78   0x00000036   Code   RO          808    i.tx_power_level_encode  ble_advdata.o
    0x00026cae   0x00000002   PAD
    0x00026cb0   0x00000010   Code   RO         4661    i.uart_event_handler  nrf_log_backend_serial.o
    0x00026cc0   0x00000158   Code   RO         3373    i.uart_irq_handler  nrf_drv_uart.o
    0x00026e18   0x0000000c   Code   RO         1269    i.uint16_decode     ble_srv_common.o
    0x00026e24   0x00000012   Code   RO          809    i.uint16_encode     ble_advdata.o
    0x00026e36   0x00000012   Code   RO         5273    i.uint16_encode     ble_dis.o
    0x00026e48   0x0000005c   Code   RO         1343    i.update_pending_flags_check  gatt_cache_manager.o
    0x00026ea4   0x0000009c   Code   RO         1034    i.update_timeout_handler  ble_conn_params.o
    0x00026f40   0x00000014   Code   RO         1130    i.user_flag_acquire  ble_conn_state.o
    0x00026f54   0x0000001c   Code   RO         1131    i.user_flag_is_acquired  ble_conn_state.o
    0x00026f70   0x00000038   Code   RO         3712    i.user_op_alloc     app_timer.o
    0x00026fa8   0x0000000c   Code   RO         3713    i.user_op_enque     app_timer.o
    0x00026fb4   0x0000004c   Code   RO          810    i.uuid_list_encode  ble_advdata.o
    0x00027000   0x000000e0   Code   RO          811    i.uuid_list_sized_encode  ble_advdata.o
    0x000270e0   0x00000160   Code   RO         5199    i.uv_lamp_cmd_char_add  ble_sls.o
    0x00027240   0x00000138   Code   RO         5200    i.uv_lamp_door_status_char_add  ble_sls.o
    0x00027378   0x0000013c   Code   RO         5201    i.uv_lamp_status_char_add  ble_sls.o
    0x000274b4   0x0000001c   Code   RO          920    i.whitelist_has_entries  ble_advertising.o
    0x000274d0   0x00000038   Code   RO         1958    i.write_buf_length_words_set  peer_database.o
    0x00027508   0x00000034   Code   RO         1959    i.write_buffer_record_find  peer_database.o
    0x0002753c   0x0000002c   Code   RO         1960    i.write_buffer_record_find_next  peer_database.o
    0x00027568   0x00000010   Code   RO         1961    i.write_buffer_record_find_unused  peer_database.o
    0x00027578   0x00000028   Code   RO         1962    i.write_buffer_record_get  peer_database.o
    0x000275a0   0x0000002e   Code   RO         1963    i.write_buffer_record_invalidate  peer_database.o
    0x000275ce   0x00000002   PAD
    0x000275d0   0x00000028   Code   RO         1964    i.write_buffer_record_release  peer_database.o
    0x000275f8   0x00000110   Code   RO         4040    i.write_enqueue     fds.o
    0x00027708   0x000000c4   Code   RO         4041    i.write_execute     fds.o
    0x000277cc   0x0000001c   Code   RO         4042    i.write_space_free  fds.o
    0x000277e8   0x00000068   Code   RO         4043    i.write_space_reserve  fds.o
    0x00027850   0x00000004   Data   RO           29    .constdata          main.o
    0x00027854   0x0000000a   Data   RO          422    .constdata          boards.o
    0x0002785e   0x00000002   PAD
    0x00027860   0x00000024   Data   RO          593    .constdata          bsp.o
    0x00027884   0x00000008   Data   RO          701    .constdata          bsp_btn_switch.o
    0x0002788c   0x00000004   Data   RO         1036    .constdata          ble_conn_params.o
    0x00027890   0x00000018   Data   RO         1470    .constdata          gatts_cache_manager.o
    0x000278a8   0x00000008   Data   RO         1576    .constdata          id_manager.o
    0x000278b0   0x00000004   Data   RO         1801    .constdata          peer_data_storage.o
    0x000278b4   0x00000014   Data   RO         1966    .constdata          peer_database.o
    0x000278c8   0x00000044   Data   RO         2590    .constdata          security_dispatcher.o
    0x0002790c   0x00000004   Data   RO         2731    .constdata          security_manager.o
    0x00027910   0x00000047   Data   RO         3120    .constdata          nrf_drv_gpiote.o
    0x00027957   0x00000001   PAD
    0x00027958   0x00000008   Data   RO         3568    .constdata          app_button.o
    0x00027960   0x00000014   Data   RO         4045    .constdata          fds.o
    0x00027974   0x00000028   Data   RO         4663    .constdata          nrf_log_backend_serial.o
    0x0002799c   0x00000024   Data   RO         4781    .constdata          nrf_log_frontend.o
    0x000279c0   0x00000081   Data   RO         5373    .constdata          mc_p.l(ctype_o.o)
    0x00027a41   0x00000003   PAD
    0x00027a44   0x00000004   Data   RO         5374    .constdata          mc_p.l(ctype_o.o)
    0x00027a48   0x000001cf   Data   RO           30    .conststring        main.o
    0x00027c17   0x00000001   PAD
    0x00027c18   0x00000206   Data   RO          702    .conststring        bsp_btn_switch.o
    0x00027e1e   0x00000002   PAD
    0x00027e20   0x00000307   Data   RO         4549    .conststring        sdk_errors.o
    0x00028127   0x00000001   PAD
    0x00028128   0x00000012   Data   RO         4782    .conststring        nrf_log_frontend.o
    0x0002813a   0x00000002   PAD
    0x0002813c   0x000000a3   Data   RO         5060    .conststring        softdevice_handler.o
    0x000281df   0x00000001   PAD
    0x000281e0   0x00000020   Data   RO         5715    Region$$Table       anon$$obj.o


    Execution Region RW_IRAM1 (Base: 0x20001fe8, Size: 0x00001be8, Max: 0x00002018, ABSOLUTE, COMPRESSED[0x0000009c])

    Base Addr    Size         Type   Attr      Idx    E Section Name        Object

    0x20001fe8   0x00000006   Data   RW           31    .data               main.o
    0x20001fee   0x00000002   PAD
    0x20001ff0   0x00000014   Data   RW          594    .data               bsp.o
    0x20002004   0x00000005   Data   RW          703    .data               bsp_btn_switch.o
    0x20002009   0x00000003   PAD
    0x2000200c   0x00000030   Data   RW          922    .data               ble_advertising.o
    0x2000203c   0x00000015   Data   RW         1037    .data               ble_conn_params.o
    0x20002051   0x00000003   PAD
    0x20002054   0x00000009   Data   RW         1344    .data               gatt_cache_manager.o
    0x2000205d   0x00000003   PAD
    0x20002060   0x0000000a   Data   RW         1471    .data               gatts_cache_manager.o
    0x2000206a   0x0000000a   Data   RW         1577    .data               id_manager.o
    0x20002074   0x0000000c   Data   RW         1802    .data               peer_data_storage.o
    0x20002080   0x00000009   Data   RW         1967    .data               peer_database.o
    0x20002089   0x00000003   PAD
    0x2000208c   0x00000011   Data   RW         2249    .data               peer_manager.o
    0x2000209d   0x00000004   Data   RW         2591    .data               security_dispatcher.o
    0x200020a1   0x00000003   PAD
    0x200020a4   0x00000013   Data   RW         2732    .data               security_manager.o
    0x200020b7   0x00000001   PAD
    0x200020b8   0x00000014   Data   RW         3569    .data               app_button.o
    0x200020cc   0x00000022   Data   RW         3714    .data               app_timer.o
    0x200020ee   0x00000002   PAD
    0x200020f0   0x0000000c   Data   RW         3898    .data               app_util_platform.o
    0x200020fc   0x0000001a   Data   RW         4046    .data               fds.o
    0x20002116   0x00000002   Data   RW         4410    .data               fstorage.o
    0x20002118   0x00000078   Data   RW         4550    .data               sdk_errors.o
    0x20002190   0x0000000b   Data   RW         4664    .data               nrf_log_backend_serial.o
    0x2000219b   0x00000001   PAD
    0x2000219c   0x00000004   Data   RW         4783    .data               nrf_log_frontend.o
    0x200021a0   0x00000018   Data   RW         5061    .data               softdevice_handler.o
    0x200021b8   0x00000007   Data   RW         5202    .data               ble_sls.o
    0x200021bf   0x00000001   PAD
    0x200021c0   0x0000004a   Data   RW         5274    .data               ble_dis.o
    0x2000220a   0x00000002   PAD
    0x2000220c   0x00000004   Data   RW         5323    .data               system_nrf51.o
    0x20002210   0x00000010   Data   RW         4047    fs_data             fds.o
    0x20002220   0x00000100   Zero   RW           28    .bss                main.o
    0x20002320   0x0000006c   Zero   RW          592    .bss                bsp.o
    0x2000238c   0x00000040   Zero   RW          700    .bss                bsp_btn_switch.o
    0x200023cc   0x000001ac   Zero   RW          921    .bss                ble_advertising.o
    0x20002578   0x0000003c   Zero   RW         1035    .bss                ble_conn_params.o
    0x200025b4   0x00000034   Zero   RW         1132    .bss                ble_conn_state.o
    0x200025e8   0x00000070   Zero   RW         1575    .bss                id_manager.o
    0x20002658   0x00000330   Zero   RW         1965    .bss                peer_database.o
    0x20002988   0x00000040   Zero   RW         2127    .bss                peer_id.o
    0x200029c8   0x0000000c   Zero   RW         2247    .bss                peer_manager.o
    0x200029d4   0x00000040   Zero   RW         2589    .bss                security_dispatcher.o
    0x20002a14   0x00000014   Zero   RW         2873    .bss                nrf_drv_clock.o
    0x20002a28   0x00000048   Zero   RW         3119    .bss                nrf_drv_gpiote.o
    0x20002a70   0x0000001c   Zero   RW         3374    .bss                nrf_drv_uart.o
    0x20002a8c   0x00000020   Zero   RW         3567    .bss                app_button.o
    0x20002aac   0x0000011c   Zero   RW         4044    .bss                fds.o
    0x20002bc8   0x00000068   Zero   RW         4409    .bss                fstorage.o
    0x20002c30   0x00000100   Zero   RW         4662    .bss                nrf_log_backend_serial.o
    0x20002d30   0x00000418   Zero   RW         4780    .bss                nrf_log_frontend.o
    0x20003148   0x00000288   Zero   RW         4912    .bss                segger_rtt.o
    0x200033d0   0x00000800   Zero   RW         5309    STACK               arm_startup_nrf51.o


==============================================================================

Image component sizes


      Code (inc. data)   RO Data    RW Data    ZI Data      Debug   Object Name

       436         76          8         20         32       9090   app_button.o
        32          4          0          0          0       3128   app_error.o
      2376        332          0         34          0      48339   app_timer.o
       160         22          0         12          0       6406   app_util_platform.o
        56         18        192          0       2048        732   arm_startup_nrf51.o
      1874          4          0          0          0      33712   ble_advdata.o
      1654        254          0         48        428      14245   ble_advertising.o
       758        128          4         21         60       7792   ble_conn_params.o
       742        136          0          0         52      11950   ble_conn_state.o
      1194        246          0         74          0       6047   ble_dis.o
      2776        274          0          7          0      12469   ble_sls.o
        30          0          0          0          0      17986   ble_srv_common.o
       554         48         10          0          0      16212   boards.o
      1498        132         36         20        108      12384   bsp.o
      2044       1268        526          5         64      10616   bsp_btn_switch.o
      4926        486         20         42        284      55122   fds.o
      1322         90          0          2        104      14639   fstorage.o
      1414        120          0          9          0      19512   gatt_cache_manager.o
       710         84         24         10          0      10243   gatts_cache_manager.o
      1378        108          8         10        112      20327   id_manager.o
      3966       1378        467          6        256     142752   main.o
       374         34          0          0         20      13388   nrf_drv_clock.o
       176         18          0          0          0       7196   nrf_drv_common.o
      2142        414         71          0         72      33090   nrf_drv_gpiote.o
      1592         42          0          0         28      39049   nrf_drv_uart.o
      1262         84         40         11        256      17055   nrf_log_backend_serial.o
      1674         86         54          4       1048      13508   nrf_log_frontend.o
      1480         70          4         12          0      19808   peer_data_storage.o
      1868         82         20          9        816      24695   peer_database.o
       430         62          0          0         64       9343   peer_id.o
      1722        170          0         17         12      13788   peer_manager.o
       290          0          0          0          0       4287   pm_buffer.o
       260          0          0          0          0       5289   pm_mutex.o
         0          0        775        120          0       1015   sdk_errors.o
       298          4          0          0          0       6116   sdk_mapped_flags.o
      2228        146         68          4         64      23192   security_dispatcher.o
      1618        172          4         19          0      17784   security_manager.o
       492         46          0          0        648       8033   segger_rtt.o
      1104        286        163         24          0      23360   softdevice_handler.o
       348         38          0          4          0       2779   system_nrf51.o

    ----------------------------------------------------------------------
     49362       6962       2536        568       6576     756478   Object Totals
         0          0         32          0          0          0   (incl. Generated)
       104          0         10         24          0          0   (incl. Padding)

    ----------------------------------------------------------------------

      Code (inc. data)   RO Data    RW Data    ZI Data      Debug   Library Member Name

        86          0          0          0          0          0   __dczerorl2.o
         8          4        133          0          0         60   ctype_o.o
         0          0          0          0          0          0   entry.o
         0          0          0          0          0          0   entry10a.o
         0          0          0          0          0          0   entry11a.o
         8          4          0          0          0          0   entry2.o
         4          0          0          0          0          0   entry5.o
         0          0          0          0          0          0   entry7b.o
         0          0          0          0          0          0   entry8b.o
         8          4          0          0          0          0   entry9a.o
        30          0          0          0          0          0   handlers.o
        36          8          0          0          0         68   init.o
        32          0          0          0          0         68   llshl.o
        34          0          0          0          0         68   llushr.o
        26          0          0          0          0         72   memcmp.o
        36          0          0          0          0         60   memcpya.o
        36          0          0          0          0        100   memseta.o
      1206         50          0          0          0        384   printf8.o
        18          0          0          0          0         60   strcpy.o
        14          0          0          0          0         60   strlen.o
        44          0          0          0          0         72   uidiv.o
        96          0          0          0          0         84   uldiv.o

    ----------------------------------------------------------------------
      1726         70        136          0          0       1156   Library Totals
         4          0          3          0          0          0   (incl. Padding)

    ----------------------------------------------------------------------

      Code (inc. data)   RO Data    RW Data    ZI Data      Debug   Library Name

      1722         70        133          0          0       1156   mc_p.l

    ----------------------------------------------------------------------
      1726         70        136          0          0       1156   Library Totals

    ----------------------------------------------------------------------

==============================================================================


      Code (inc. data)   RO Data    RW Data    ZI Data      Debug   

     51088       7032       2672        568       6576     733130   Grand Totals
     51088       7032       2672        156       6576     733130   ELF Image Totals (compressed)
     51088       7032       2672        156          0          0   ROM Totals

==============================================================================

    Total RO  Size (Code + RO Data)                53760 (  52.50kB)
    Total RW  Size (RW Data + ZI Data)              7144 (   6.98kB)
    Total ROM Size (Code + RO Data + RW Data)      53916 (  52.65kB)

==============================================================================

